make: Entering directory '/home/gama/sgx535-offline/antix-kbuild-preparation-20260930/source-unpack/linux-5.10.240-antix.1-486-smp'
/usr/bin/make -C /home/gama/sgx535-offline/antix-kbuild-successor-20260930/output -f /home/gama/sgx535-offline/antix-kbuild-preparation-20260930/source-unpack/linux-5.10.240-antix.1-486-smp/Makefile olddefconfig
if [ -f /home/gama/sgx535-offline/antix-kbuild-preparation-20260930/source-unpack/linux-5.10.240-antix.1-486-smp/.config -o \
	 -d /home/gama/sgx535-offline/antix-kbuild-preparation-20260930/source-unpack/linux-5.10.240-antix.1-486-smp/include/config -o \
	 -d /home/gama/sgx535-offline/antix-kbuild-preparation-20260930/source-unpack/linux-5.10.240-antix.1-486-smp/arch/x86/include/generated ]; then \
	echo >&2 "***"; \
	echo >&2 "*** The source tree is not clean, please run 'make ARCH=x86 mrproper'"; \
	echo >&2 "*** in /home/gama/sgx535-offline/antix-kbuild-preparation-20260930/source-unpack/linux-5.10.240-antix.1-486-smp";\
	echo >&2 "***"; \
	false; \
fi
ln -fsn /home/gama/sgx535-offline/antix-kbuild-preparation-20260930/source-unpack/linux-5.10.240-antix.1-486-smp source
sh /home/gama/sgx535-offline/antix-kbuild-preparation-20260930/source-unpack/linux-5.10.240-antix.1-486-smp/scripts/mkmakefile /home/gama/sgx535-offline/antix-kbuild-preparation-20260930/source-unpack/linux-5.10.240-antix.1-486-smp
  GEN     Makefile
test -e .gitignore || \
{ echo "# this is build directory, ignore it"; echo "*"; } > .gitignore
/usr/bin/make -f /home/gama/sgx535-offline/antix-kbuild-preparation-20260930/source-unpack/linux-5.10.240-antix.1-486-smp/scripts/Makefile.build obj=scripts/basic
  /usr/bin/gcc-14 -Wp,-MMD,scripts/basic/.fixdep.d -Wall -Wmissing-prototypes -Wstrict-prototypes -O2 -fomit-frame-pointer -std=gnu89  -I/home/gama/sgx535-offline/gcc14-i686-qualification-20260930/root/usr/include -I/home/gama/sgx535-offline/gcc14-i686-qualification-20260930/root/usr/include/aarch64-linux-gnu     -I ./scripts/basic  -L/home/gama/sgx535-offline/gcc14-i686-qualification-20260930/root/usr/lib/aarch64-linux-gnu -o scripts/basic/fixdep /home/gama/sgx535-offline/antix-kbuild-preparation-20260930/source-unpack/linux-5.10.240-antix.1-486-smp/scripts/basic/fixdep.c   
rm -f .tmp_quiet_recordmcount
/usr/bin/make -f /home/gama/sgx535-offline/antix-kbuild-preparation-20260930/source-unpack/linux-5.10.240-antix.1-486-smp/scripts/Makefile.build obj=scripts/kconfig olddefconfig
  /usr/bin/gcc-14 -Wp,-MMD,scripts/kconfig/.conf.o.d -Wall -Wmissing-prototypes -Wstrict-prototypes -O2 -fomit-frame-pointer -std=gnu89  -I/home/gama/sgx535-offline/gcc14-i686-qualification-20260930/root/usr/include -I/home/gama/sgx535-offline/gcc14-i686-qualification-20260930/root/usr/include/aarch64-linux-gnu     -I ./scripts/kconfig -c -o scripts/kconfig/conf.o /home/gama/sgx535-offline/antix-kbuild-preparation-20260930/source-unpack/linux-5.10.240-antix.1-486-smp/scripts/kconfig/conf.c
  /usr/bin/gcc-14 -Wp,-MMD,scripts/kconfig/.confdata.o.d -Wall -Wmissing-prototypes -Wstrict-prototypes -O2 -fomit-frame-pointer -std=gnu89  -I/home/gama/sgx535-offline/gcc14-i686-qualification-20260930/root/usr/include -I/home/gama/sgx535-offline/gcc14-i686-qualification-20260930/root/usr/include/aarch64-linux-gnu     -I ./scripts/kconfig -c -o scripts/kconfig/confdata.o /home/gama/sgx535-offline/antix-kbuild-preparation-20260930/source-unpack/linux-5.10.240-antix.1-486-smp/scripts/kconfig/confdata.c
  /usr/bin/gcc-14 -Wp,-MMD,scripts/kconfig/.expr.o.d -Wall -Wmissing-prototypes -Wstrict-prototypes -O2 -fomit-frame-pointer -std=gnu89  -I/home/gama/sgx535-offline/gcc14-i686-qualification-20260930/root/usr/include -I/home/gama/sgx535-offline/gcc14-i686-qualification-20260930/root/usr/include/aarch64-linux-gnu     -I ./scripts/kconfig -c -o scripts/kconfig/expr.o /home/gama/sgx535-offline/antix-kbuild-preparation-20260930/source-unpack/linux-5.10.240-antix.1-486-smp/scripts/kconfig/expr.c
  flex -oscripts/kconfig/lexer.lex.c -L /home/gama/sgx535-offline/antix-kbuild-preparation-20260930/source-unpack/linux-5.10.240-antix.1-486-smp/scripts/kconfig/lexer.l
  bison -o scripts/kconfig/parser.tab.c --defines=scripts/kconfig/parser.tab.h -t -l /home/gama/sgx535-offline/antix-kbuild-preparation-20260930/source-unpack/linux-5.10.240-antix.1-486-smp/scripts/kconfig/parser.y
  /usr/bin/gcc-14 -Wp,-MMD,scripts/kconfig/.lexer.lex.o.d -Wall -Wmissing-prototypes -Wstrict-prototypes -O2 -fomit-frame-pointer -std=gnu89  -I/home/gama/sgx535-offline/gcc14-i686-qualification-20260930/root/usr/include -I/home/gama/sgx535-offline/gcc14-i686-qualification-20260930/root/usr/include/aarch64-linux-gnu    -I /home/gama/sgx535-offline/antix-kbuild-preparation-20260930/source-unpack/linux-5.10.240-antix.1-486-smp/scripts/kconfig -I ./scripts/kconfig -c -o scripts/kconfig/lexer.lex.o scripts/kconfig/lexer.lex.c
  /usr/bin/gcc-14 -Wp,-MMD,scripts/kconfig/.parser.tab.o.d -Wall -Wmissing-prototypes -Wstrict-prototypes -O2 -fomit-frame-pointer -std=gnu89  -I/home/gama/sgx535-offline/gcc14-i686-qualification-20260930/root/usr/include -I/home/gama/sgx535-offline/gcc14-i686-qualification-20260930/root/usr/include/aarch64-linux-gnu    -I /home/gama/sgx535-offline/antix-kbuild-preparation-20260930/source-unpack/linux-5.10.240-antix.1-486-smp/scripts/kconfig -I ./scripts/kconfig -c -o scripts/kconfig/parser.tab.o scripts/kconfig/parser.tab.c
  /usr/bin/gcc-14 -Wp,-MMD,scripts/kconfig/.preprocess.o.d -Wall -Wmissing-prototypes -Wstrict-prototypes -O2 -fomit-frame-pointer -std=gnu89  -I/home/gama/sgx535-offline/gcc14-i686-qualification-20260930/root/usr/include -I/home/gama/sgx535-offline/gcc14-i686-qualification-20260930/root/usr/include/aarch64-linux-gnu     -I ./scripts/kconfig -c -o scripts/kconfig/preprocess.o /home/gama/sgx535-offline/antix-kbuild-preparation-20260930/source-unpack/linux-5.10.240-antix.1-486-smp/scripts/kconfig/preprocess.c
  /usr/bin/gcc-14 -Wp,-MMD,scripts/kconfig/.symbol.o.d -Wall -Wmissing-prototypes -Wstrict-prototypes -O2 -fomit-frame-pointer -std=gnu89  -I/home/gama/sgx535-offline/gcc14-i686-qualification-20260930/root/usr/include -I/home/gama/sgx535-offline/gcc14-i686-qualification-20260930/root/usr/include/aarch64-linux-gnu     -I ./scripts/kconfig -c -o scripts/kconfig/symbol.o /home/gama/sgx535-offline/antix-kbuild-preparation-20260930/source-unpack/linux-5.10.240-antix.1-486-smp/scripts/kconfig/symbol.c
  /usr/bin/gcc-14 -Wp,-MMD,scripts/kconfig/.util.o.d -Wall -Wmissing-prototypes -Wstrict-prototypes -O2 -fomit-frame-pointer -std=gnu89  -I/home/gama/sgx535-offline/gcc14-i686-qualification-20260930/root/usr/include -I/home/gama/sgx535-offline/gcc14-i686-qualification-20260930/root/usr/include/aarch64-linux-gnu     -I ./scripts/kconfig -c -o scripts/kconfig/util.o /home/gama/sgx535-offline/antix-kbuild-preparation-20260930/source-unpack/linux-5.10.240-antix.1-486-smp/scripts/kconfig/util.c
  /usr/bin/gcc-14  -L/home/gama/sgx535-offline/gcc14-i686-qualification-20260930/root/usr/lib/aarch64-linux-gnu -o scripts/kconfig/conf scripts/kconfig/conf.o scripts/kconfig/confdata.o scripts/kconfig/expr.o scripts/kconfig/lexer.lex.o scripts/kconfig/parser.tab.o scripts/kconfig/preprocess.o scripts/kconfig/symbol.o scripts/kconfig/util.o   
scripts/kconfig/conf  --olddefconfig Kconfig
#
# configuration written to .config
#
make: Leaving directory '/home/gama/sgx535-offline/antix-kbuild-preparation-20260930/source-unpack/linux-5.10.240-antix.1-486-smp'
