setUpClass (test_frozen_first_load_image.HookTests) ... ERROR
test_bad_stock_entry_refused (test_frozen_first_load_image.ImageTests.test_bad_stock_entry_refused) ... ok
test_dependency_cycle_and_missing_rejected (test_frozen_first_load_image.ImageTests.test_dependency_cycle_and_missing_rejected) ... ok
test_dependency_topology (test_frozen_first_load_image.ImageTests.test_dependency_topology) ... ok
test_non_saving_entry_and_unchanged_kernel_arguments (test_frozen_first_load_image.ImageTests.test_non_saving_entry_and_unchanged_kernel_arguments) ... ok
test_splice_preserves_opaque_hardlink_records (test_frozen_first_load_image.ImageTests.test_splice_preserves_opaque_hardlink_records) ... ok
test_traversal_rejected (test_frozen_first_load_image.ImageTests.test_traversal_rejected) ... ok
test_truncated_and_duplicate_archives_rejected (test_frozen_first_load_image.ImageTests.test_truncated_and_duplicate_archives_rejected) ... ok

======================================================================
ERROR: setUpClass (test_frozen_first_load_image.HookTests)
----------------------------------------------------------------------
Traceback (most recent call last):
  File "/home/gama/sgx535-gfx/tools/psb-dri-re/test_frozen_first_load_image.py", line 57, in setUpClass
    cls.inputs=image.load_inputs(ROOT)
               ~~~~~~~~~~~~~~~~~^^^^^^
  File "/home/gama/sgx535-gfx/tools/psb-dri-re/frozen_first_load_image.py", line 164, in load_inputs
    q=versions.compare_symvers(imported,table)
  File "/home/gama/sgx535-gfx/tools/psb-dri-re/frozen_module_versions.py", line 124, in compare_symvers
    ref, ref_hash = read_versions(reference)
                    ~~~~~~~~~~~~~^^^^^^^^^^^
  File "/home/gama/sgx535-gfx/tools/psb-dri-re/frozen_module_versions.py", line 23, in read_versions
    data = path.read_bytes()
           ^^^^^^^^^^^^^^^
AttributeError: 'tuple' object has no attribute 'read_bytes'

----------------------------------------------------------------------
Ran 7 tests in 0.868s

FAILED (errors=1)
