firmware-amd-graphics	20260110-1~bpo13+1
firmware-ast	20140808-10
firmware-ath9k-htc	1.4.0-110-ge888634+dfsg1-0.1
firmware-atheros	20260110-1~bpo13+1
firmware-b43-installer	1:019-14
firmware-b43legacy-installer	1:019-14
firmware-bnx2	20260110-1~bpo13+1
firmware-bnx2x	20260110-1~bpo13+1
firmware-brcm80211	20260110-1~bpo13+1
firmware-carl9170	1.9.9-450-gad1c721+dfsg-0.1
firmware-cavium	20260110-1~bpo13+1
firmware-intel-graphics	20260110-1~bpo13+1
firmware-intel-misc	20260110-1~bpo13+1
firmware-intel-sound	20260110-1~bpo13+1
firmware-ipw2x00	20260110-1~bpo13+1
firmware-iwlwifi	20260110-1~bpo13+1
firmware-libertas	20260110-1~bpo13+1
firmware-linux	20260110-1~bpo13+1
firmware-linux-free	20241210-2
firmware-linux-nonfree	20260110-1~bpo13+1
firmware-marvell-prestera	20260110-1~bpo13+1
firmware-mediatek	20260110-1~bpo13+1
firmware-misc-nonfree	20260110-1~bpo13+1
firmware-myricom	20260110-1~bpo13+1
firmware-netronome	20260110-1~bpo13+1
firmware-netxen	20260110-1~bpo13+1
firmware-qcom-media	20260110-1~bpo13+1
firmware-qcom-soc	20250410-2
firmware-qlogic	20260110-1~bpo13+1
firmware-realtek	20260110-1~bpo13+1
firmware-samsung	20260110-1~bpo13+1
firmware-siano	20260110-1~bpo13+1
firmware-sof-signed	2025.01-1
firmware-ti-connectivity	20260110-1~bpo13+1
firmware-zd1211	1:1.5-13
libdrm-amdgpu1	2.4.124-2
libdrm-common	2.4.124-2
libdrm-intel1	2.4.124-2
libdrm-nouveau2	2.4.124-2
libdrm-radeon1	2.4.124-2
libdrm2	2.4.124-2
libegl-mesa0	25.0.7-2
libegl1	1.7.0-1+b2
libgbm1	25.0.7-2
libgl-dev	1.7.0-1+b2
libgl1	1.7.0-1+b2
libgl1-mesa-dri	25.0.7-2
libglade2-0	1:2.6.4-2.4+b2
libgles2	1.7.0-1+b2
libglib-object-introspection-perl	0.051-2+b1
libglib-perl	3:1.329.3-3+b3
libglib1.2ldbl	1.2.10-19
libglib2.0-0t64	2.84.4-3~deb13u2
libglib2.0-bin	2.84.4-3~deb13u2
libglib2.0-data	2.84.4-3~deb13u2
libglibmm-2.4-1t64	2.66.8-1
libglibmm-2.68-1t64	2.84.0-1
libglide3	2002.04.10ds1-24
libglu1-mesa	9.0.2-1.1+b3
libglut3.12	3.4.0-4
libglvnd0	1.7.0-1+b2
libglx-dev	1.7.0-1+b2
libglx-mesa0	25.0.7-2
libglx0	1.7.0-1+b2
linux-image-5.10.240-antix.1-486-smp	5.10.240-antix.1-486-smp-6
mesa-libgallium	25.0.7-2
mesa-utils	9.0.0-2+b2
mesa-utils-bin	9.0.0-2+b2
mesa-va-drivers	25.0.7-2
mesa-vdpau-drivers	25.0.7-2
mesa-vulkan-drivers	25.0.7-2
xorg-sgml-doctools	1:1.11-1.1
xserver-xorg	1:7.7+24+deb13u1
xserver-xorg-core	2:21.1.16-1.3.0nosystemd1
xserver-xorg-input-aiptek	1:1.4.1-5
xserver-xorg-input-all	1:7.7+24+deb13u1
xserver-xorg-input-elographics	1:1.4.4-1
xserver-xorg-input-evdev	1:2.11.0-1
xserver-xorg-input-joystick	1:1.6.4-1
xserver-xorg-input-kbd	1:1.9.0-1+b3
xserver-xorg-input-libinput	1.5.0-1
xserver-xorg-input-mouse	1:1.9.3-1+b1
xserver-xorg-input-wacom	1.2.3-1
xserver-xorg-video-all	1:7.7+24+deb13u1
xserver-xorg-video-amdgpu	23.0.0-1
xserver-xorg-video-ati	1:22.0.0-1
xserver-xorg-video-cirrus	1:1.6.0-1
xserver-xorg-video-fbdev	1:0.5.0-2
xserver-xorg-video-geode	2.18.1-6
xserver-xorg-video-glide	1.2.2-2
xserver-xorg-video-intel	2:2.99.917+git20210115-1
xserver-xorg-video-mach64	6.10.0-1
xserver-xorg-video-mga	1:2.0.0-1+b1
xserver-xorg-video-neomagic	1:1.3.1-1
xserver-xorg-video-nouveau	1:1.0.18-1
xserver-xorg-video-qxl	0.1.6-1.1
xserver-xorg-video-r128	6.13.0-1
xserver-xorg-video-radeon	1:22.0.0-1
xserver-xorg-video-savage	1:2.4.1-1
xserver-xorg-video-siliconmotion	1:1.7.10-1
xserver-xorg-video-sis671	3.8.16+for-xorg-1.20+gite9872da2c-6buster1
xserver-xorg-video-sisusb	1:0.9.7-3
xserver-xorg-video-tdfx	1:1.5.0-6
xserver-xorg-video-trident	1:1.4.0-3
xserver-xorg-video-vesa	1:2.6.0-2
xserver-xorg-video-vmware	1:13.4.0-1
