8021q 28672 0 - Live 0x00000000 (E)
garp 16384 1 8021q, Live 0x00000000 (E)
mrp 20480 1 8021q, Live 0x00000000 (E)
stp 16384 1 garp, Live 0x00000000 (E)
llc 16384 2 garp,stp, Live 0x00000000 (E)
binfmt_misc 16384 1 - Live 0x00000000 (E)
sch_fq_codel 20480 3 - Live 0x00000000 (E)
tun 49152 0 - Live 0x00000000 (E)
parport_pc 36864 0 - Live 0x00000000 (E)
ppdev 20480 0 - Live 0x00000000 (E)
lp 20480 0 - Live 0x00000000 (E)
parport 36864 3 parport_pc,ppdev,lp, Live 0x00000000 (E)
btusb 45056 0 - Live 0x00000000 (E)
btrtl 16384 1 btusb, Live 0x00000000 (E)
btbcm 20480 1 btusb, Live 0x00000000 (E)
btintel 20480 1 btusb, Live 0x00000000 (E)
bluetooth 376832 4 btusb,btrtl,btbcm,btintel, Live 0x00000000 (E)
ecdh_generic 16384 1 bluetooth, Live 0x00000000 (E)
ecc 40960 1 ecdh_generic, Live 0x00000000 (E)
wl 6160384 0 - Live 0x00000000 (POE)
compal_laptop 20480 0 - Live 0x00000000 (E)
dell_laptop 24576 0 - Live 0x00000000 (E)
snd_hda_codec_realtek 110592 1 - Live 0x00000000 (E)
snd_hda_codec_generic 69632 1 snd_hda_codec_realtek, Live 0x00000000 (E)
ledtrig_audio 16384 2 dell_laptop,snd_hda_codec_generic, Live 0x00000000 (E)
snd_hda_intel 36864 1 - Live 0x00000000 (E)
dell_smbios 16384 1 dell_laptop, Live 0x00000000 (E)
snd_intel_dspcfg 24576 1 snd_hda_intel, Live 0x00000000 (E)
dell_wmi_descriptor 16384 1 dell_smbios, Live 0x00000000 (E)
soundwire_intel 24576 1 snd_intel_dspcfg, Live 0x00000000 (E)
wmi 20480 2 dell_smbios,dell_wmi_descriptor, Live 0x00000000 (E)
soundwire_generic_allocation 16384 1 soundwire_intel, Live 0x00000000 (E)
dcdbas 16384 1 dell_smbios, Live 0x00000000 (E)
soundwire_cadence 20480 1 soundwire_intel, Live 0x00000000 (E)
gma500_gfx 151552 2 - Live 0x00000000 (E)
snd_hda_codec 94208 3 snd_hda_codec_realtek,snd_hda_codec_generic,snd_hda_intel, Live 0x00000000 (E)
drm_kms_helper 159744 1 gma500_gfx, Live 0x00000000 (E)
snd_hda_core 61440 4 snd_hda_codec_realtek,snd_hda_codec_generic,snd_hda_intel,snd_hda_codec, Live 0x00000000 (E)
cec 45056 1 drm_kms_helper, Live 0x00000000 (E)
soundwire_bus 57344 3 soundwire_intel,soundwire_generic_allocation,soundwire_cadence, Live 0x00000000 (E)
drm 372736 4 gma500_gfx,drm_kms_helper, Live 0x00000000 (E)
snd_hwdep 16384 1 snd_hda_codec, Live 0x00000000 (E)
snd_soc_core 188416 1 soundwire_intel, Live 0x00000000 (E)
fb_sys_fops 16384 1 drm_kms_helper, Live 0x00000000 (E)
syscopyarea 16384 1 drm_kms_helper, Live 0x00000000 (E)
sysfillrect 16384 1 drm_kms_helper, Live 0x00000000 (E)
sysimgblt 16384 1 drm_kms_helper, Live 0x00000000 (E)
snd_compress 20480 1 snd_soc_core, Live 0x00000000 (E)
i2c_algo_bit 16384 1 gma500_gfx, Live 0x00000000 (E)
snd_pcm_dmaengine 16384 1 snd_soc_core, Live 0x00000000 (E)
ac97_bus 16384 1 snd_soc_core, Live 0x00000000 (E)
snd_pcm 86016 7 snd_hda_intel,soundwire_intel,snd_hda_codec,snd_hda_core,snd_soc_core,snd_compress,snd_pcm_dmaengine, Live 0x00000000 (E)
coretemp 16384 0 - Live 0x00000000 (E)
snd_timer 28672 1 snd_pcm, Live 0x00000000 (E)
snd 57344 10 snd_hda_codec_generic,snd_hda_intel,snd_hda_codec,snd_hwdep,snd_soc_core,snd_compress,snd_pcm,snd_timer, Live 0x00000000 (E)
evdev 20480 10 - Live 0x00000000 (E)
cfg80211 581632 1 wl, Live 0x00000000 (E)
input_leds 16384 0 - Live 0x00000000 (E)
joydev 20480 0 - Live 0x00000000 (E)
soundcore 16384 1 snd, Live 0x00000000 (E)
rfkill 20480 6 bluetooth,compal_laptop,dell_laptop,cfg80211, Live 0x00000000 (E)
ac 16384 0 - Live 0x00000000 (E)
tiny_power_button 16384 0 - Live 0x00000000 (E)
button 16384 0 - Live 0x00000000 (E)
acpi_cpufreq 24576 1 - Live 0x00000000 (E)
btrfs 1212416 0 - Live 0x00000000 (E)
blake2b_generic 36864 0 - Live 0x00000000 (E)
xor 28672 1 btrfs, Live 0x00000000 (E)
raid6_pq 106496 1 btrfs, Live 0x00000000 (E)
libcrc32c 16384 1 btrfs, Live 0x00000000 (E)
ums_realtek 20480 0 - Live 0x00000000 (E)
uas 24576 0 - Live 0x00000000 (E)
i2c_isch 16384 0 - Live 0x00000000 (E)
gpio_sch 16384 0 - Live 0x00000000 (E)
usb_storage 53248 2 ums_realtek,uas, Live 0x00000000 (E)
psmouse 118784 0 - Live 0x00000000 (E)
r8169 81920 0 - Live 0x00000000 (E)
serio_raw 16384 0 - Live 0x00000000 (E)
lpc_sch 16384 0 - Live 0x00000000 (E)
uhci_hcd 28672 0 - Live 0x00000000 (E)
realtek 16384 1 - Live 0x00000000 (E)
battery 20480 0 - Live 0x00000000 (E)
rtc_cmos 20480 1 - Live 0x00000000 (E)
video 49152 3 compal_laptop,dell_laptop,gma500_gfx, Live 0x00000000 (E)
