vendor=0x8086
device=0x8108
revision=0x06
subsystem_vendor=0x1028
subsystem_device=0x02b1
class=0x030000
irq=16
resource=0x00000000d8100000 0x00000000d817ffff 0x0000000000040200
0x0000000000001800 0x0000000000001807 0x0000000000040101
0x00000000d0000000 0x00000000d7ffffff 0x0000000000040200
0x00000000d8380000 0x00000000d839ffff 0x0000000000040200
0x0000000000000000 0x0000000000000000 0x0000000000000000
0x0000000000000000 0x0000000000000000 0x0000000000000000
0x00000000000c0000 0x00000000000dffff 0x0000000000000212
0x0000000000000000 0x0000000000000000 0x0000000000000000
0x0000000000000000 0x0000000000000000 0x0000000000000000
0x0000000000000000 0x0000000000000000 0x0000000000000000
0x0000000000000000 0x0000000000000000 0x0000000000000000
0x0000000000000000 0x0000000000000000 0x0000000000000000
0x0000000000000000 0x0000000000000000 0x0000000000000000
power_state=UNAVAILABLE
power/runtime_status=active
power/runtime_active_time=1208045
power/runtime_suspended_time=0
driver=/sys/bus/pci/drivers/gma500
