sgx535-core-id.candidate: ELF 32-bit LSB executable, Intel i386, version 1 (SYSV), dynamically linked, interpreter /lib/ld-linux.so.2, BuildID[sha1]=d7271a6cb12ce0d9817867b88bf71062d4fc73d9, for GNU/Linux 3.2.0, not stripped
dd3993db4835d1e51848ab2cc6d6a647bebd5e5d38c6cad6c3848584b307a20d  sgx535-core-id.candidate
a01ee44d44b9b7c5a33c6c1219e42cff9d095acad2adc52b2eca104ec047b13b  core_id_once.c
fda632137630d9fa6952fbb29733bebfdd7e78e73b800f38d94d496c7798c2ed  load32_once.S
ELF Header:
  Magic:   7f 45 4c 46 01 01 01 00 00 00 00 00 00 00 00 00 
  Class:                             ELF32
  Data:                              2's complement, little endian
  Version:                           1 (current)
  OS/ABI:                            UNIX - System V
  ABI Version:                       0
  Type:                              EXEC (Executable file)
  Machine:                           Intel 80386
  Version:                           0x1
  Entry point address:               0x8049640
  Start of program headers:          52 (bytes into file)
  Start of section headers:          14308 (bytes into file)
  Flags:                             0x0
  Size of this header:               52 (bytes)
  Size of program headers:           32 (bytes)
  Number of program headers:         12
  Size of section headers:           40 (bytes)
  Number of section headers:         28
  Section header string table index: 27

Dynamic section at offset 0x2eac contains 26 entries:
  Tag        Type                         Name/Value
 0x00000001 (NEEDED)                     Shared library: [libc.so.6]
 0x0000000c (INIT)                       0x8049000
 0x0000000d (FINI)                       0x80497dc
 0x00000019 (INIT_ARRAY)                 0x804bea4
 0x0000001b (INIT_ARRAYSZ)               4 (bytes)
 0x0000001a (FINI_ARRAY)                 0x804bea8
 0x0000001c (FINI_ARRAYSZ)               4 (bytes)
 0x6ffffef5 (GNU_HASH)                   0x80481ec
 0x00000005 (STRTAB)                     0x8048398
 0x00000006 (SYMTAB)                     0x8048218
 0x0000000a (STRSZ)                      237 (bytes)
 0x0000000b (SYMENT)                     16 (bytes)
 0x00000015 (DEBUG)                      0x0
 0x00000003 (PLTGOT)                     0x804bfa4
 0x00000002 (PLTRELSZ)                   152 (bytes)
 0x00000014 (PLTREL)                     REL
 0x00000017 (JMPREL)                     0x8048530
 0x00000011 (REL)                        0x8048518
 0x00000012 (RELSZ)                      24 (bytes)
 0x00000013 (RELENT)                     8 (bytes)
 0x0000001e (FLAGS)                      BIND_NOW
 0x6ffffffb (FLAGS_1)                    Flags: NOW
 0x6ffffffe (VERNEED)                    0x80484b8
 0x6fffffff (VERNEEDNUM)                 1
 0x6ffffff0 (VERSYM)                     0x8048486
 0x00000000 (NULL)                       0x0
