
Symbol table '.symtab' contains 891 entries:
   Num:    Value  Size Type    Bind   Vis      Ndx Name
     0: 00000000     0 NOTYPE  LOCAL  DEFAULT  UND 
     1: 00000000     0 SECTION LOCAL  DEFAULT    1 .text
     2: 00000000     0 SECTION LOCAL  DEFAULT    3 .altinstr_replacement
     3: 00000000     0 SECTION LOCAL  DEFAULT    5 .text.unlikely
     4: 00000000     0 SECTION LOCAL  DEFAULT    7 .init.text
     5: 00000000     0 SECTION LOCAL  DEFAULT    9 .exit.text
     6: 00000000     0 SECTION LOCAL  DEFAULT   11 .altinstr_aux
     7: 00000000     0 SECTION LOCAL  DEFAULT   13 .altinstructions
     8: 00000000     0 SECTION LOCAL  DEFAULT   15 .rodata
     9: 00000000     0 SECTION LOCAL  DEFAULT   17 .rodata.str1.1
    10: 00000000     0 SECTION LOCAL  DEFAULT   18 .smp_locks
    11: 00000000     0 SECTION LOCAL  DEFAULT   20 .rodata.str1.4
    12: 00000000     0 SECTION LOCAL  DEFAULT   21 .parainstructions
    13: 00000000     0 SECTION LOCAL  DEFAULT   23 .modinfo
    14: 00000000     0 SECTION LOCAL  DEFAULT   24 .rodata.cst2
    15: 00000000     0 SECTION LOCAL  DEFAULT   25 .note.gnu.build-id
    16: 00000000     0 SECTION LOCAL  DEFAULT   26 .note.Linux
    17: 00000000     0 SECTION LOCAL  DEFAULT   27 __versions
    18: 00000000     0 SECTION LOCAL  DEFAULT   28 __bug_table
    19: 00000000     0 SECTION LOCAL  DEFAULT   30 .data
    20: 00000000     0 SECTION LOCAL  DEFAULT   32 .gnu.linkonce.this_module
    21: 00000000     0 SECTION LOCAL  DEFAULT   34 .bss
    22: 00000000     0 SECTION LOCAL  DEFAULT   35 .note.GNU-stack
    23: 00000000     0 SECTION LOCAL  DEFAULT   36 .comment
    24: 00000000     0 FILE    LOCAL  DEFAULT  ABS accel_2d.c
    25: 00000000     0 FILE    LOCAL  DEFAULT  ABS backlight.c
    26: 00000000     0 FILE    LOCAL  DEFAULT  ABS framebuffer.c
    27: 00000670   252 FUNC    LOCAL  DEFAULT    1 psbfb_setcolreg
    28: 00000770     1 FUNC    LOCAL  DEFAULT    1 psbfb_vm_open
    29: 00000780    46 FUNC    LOCAL  DEFAULT    1 psbfb_mmap
    30: 00000160    52 OBJECT  LOCAL  DEFAULT   15 psbfb_vm_ops
    31: 000007b0   177 FUNC    LOCAL  DEFAULT    1 psbfb_vm_fault
    32: 00000870    69 FUNC    LOCAL  DEFAULT    1 psbfb_pan
    33: 000008c0     1 FUNC    LOCAL  DEFAULT    1 psbfb_vm_close
    34: 000008d0   173 FUNC    LOCAL  DEFAULT    1 psb_framebuffer_create
    35: 00000194    12 OBJECT  LOCAL  DEFAULT   15 psb_fb_funcs
    36: 00000000    28 FUNC    LOCAL  DEFAULT    5 psb_framebuffer_create.cold
    37: 00000980   121 FUNC    LOCAL  DEFAULT    1 psb_user_framebuffer_create
    38: 00000a00   981 FUNC    LOCAL  DEFAULT    1 psbfb_probe
    39: 00000040    92 OBJECT  LOCAL  DEFAULT   15 psbfb_unaccel_ops
    40: 000000a0    92 OBJECT  LOCAL  DEFAULT   15 psbfb_roll_ops
    41: 00000100    92 OBJECT  LOCAL  DEFAULT   15 psbfb_ops
    42: 00000024     4 OBJECT  LOCAL  DEFAULT   15 psb_fb_helper_funcs
    43: 0000001c    25 FUNC    LOCAL  DEFAULT    5 psb_fbdev_init.cold
    44: 00000000    36 OBJECT  LOCAL  DEFAULT   15 psb_mode_funcs
    45: 00000000     0 FILE    LOCAL  DEFAULT  ABS gem.c
    46: 00000035    82 FUNC    LOCAL  DEFAULT    5 psb_gem_create.cold
    47: 00000087    51 FUNC    LOCAL  DEFAULT    5 psb_gem_fault.cold
    48: 00000000     0 FILE    LOCAL  DEFAULT  ABS gtt.c
    49: 000013d0   351 FUNC    LOCAL  DEFAULT    1 psb_gtt_insert
    50: 00000000    32 OBJECT  LOCAL  DEFAULT   34 fudge.1
    51: 00000020     0 OBJECT  LOCAL  DEFAULT   34 __key.3
    52: 00000020     0 OBJECT  LOCAL  DEFAULT   34 __key.2
    53: 00000000     0 OBJECT  LOCAL  DEFAULT   34 __key.0
    54: 000000ba    71 FUNC    LOCAL  DEFAULT    5 psb_gtt_init.cold
    55: 00000000     0 FILE    LOCAL  DEFAULT  ABS intel_bios.c
    56: 00001f40   267 FUNC    LOCAL  DEFAULT    1 fill_detail_timing_data
    57: 00000101    50 FUNC    LOCAL  DEFAULT    5 psb_intel_init_bios.cold
    58: 00000000     0 FILE    LOCAL  DEFAULT  ABS intel_i2c.c
    59: 00002c00    30 FUNC    LOCAL  DEFAULT    1 get_clock
    60: 00002c20    30 FUNC    LOCAL  DEFAULT    1 get_data
    61: 00002c40    85 FUNC    LOCAL  DEFAULT    1 set_data
    62: 00002ca0    81 FUNC    LOCAL  DEFAULT    1 set_clock
    63: 00000000     0 FILE    LOCAL  DEFAULT  ABS intel_gmbus.c
    64: 00002e50    38 FUNC    LOCAL  DEFAULT    1 gmbus_func
    65: 00002e80   276 FUNC    LOCAL  DEFAULT    1 intel_gpio_create
    66: 000001a0    32 OBJECT  LOCAL  DEFAULT   15 map_pin_to_reg.0
    67: 00003010    96 FUNC    LOCAL  DEFAULT    1 set_data
    68: 00003070    92 FUNC    LOCAL  DEFAULT    1 set_clock
    69: 00002fa0   105 FUNC    LOCAL  DEFAULT    1 get_data
    70: 000030d0   105 FUNC    LOCAL  DEFAULT    1 get_clock
    71: 00003140   116 FUNC    LOCAL  DEFAULT    1 intel_i2c_quirk_xfer.isra.0
    72: 000031c0   991 FUNC    LOCAL  DEFAULT    1 gmbus_xfer
    73: 00000133   107 FUNC    LOCAL  DEFAULT    5 gmbus_xfer.cold
    74: 000001c0    32 OBJECT  LOCAL  DEFAULT   15 names.1
    75: 000001e0    28 OBJECT  LOCAL  DEFAULT   15 gmbus_algorithm
    76: 00000000     0 FILE    LOCAL  DEFAULT  ABS mmu.c
    77: 00003840   126 FUNC    LOCAL  DEFAULT    1 psb_mmu_flush_pd_locked.constprop.0
    78: 000038c0   127 FUNC    LOCAL  DEFAULT    1 psb_mmu_pt_map_lock
    79: 00003940   231 FUNC    LOCAL  DEFAULT    1 psb_mmu_pt_unmap_unlock
    80: 00003a30   252 FUNC    LOCAL  DEFAULT    1 psb_mmu_flush_ptes
    81: 00000020     0 OBJECT  LOCAL  DEFAULT   34 __key.0
    82: 00000000     0 FILE    LOCAL  DEFAULT  ABS blitter.c
    83: 00000000     0 FILE    LOCAL  DEFAULT  ABS power.c
    84: 00004be0   168 FUNC    LOCAL  DEFAULT    1 gma_resume_pci
    85: 0000019e    38 FUNC    LOCAL  DEFAULT    5 gma_resume_pci.cold
    86: 00000020     0 OBJECT  LOCAL  DEFAULT   34 __key.0
    87: 00000020     4 OBJECT  LOCAL  DEFAULT   34 power_ctrl_lock
    88: 00000024    20 OBJECT  LOCAL  DEFAULT   34 power_mutex
    89: 00000000     0 FILE    LOCAL  DEFAULT  ABS psb_drv.c
    90: 000050f0   481 FUNC    LOCAL  DEFAULT    1 psb_driver_unload
    91: 000052e0    36 FUNC    LOCAL  DEFAULT    1 psb_pci_remove
    92: 00005310   126 FUNC    LOCAL  DEFAULT    1 psb_unlocked_ioctl
    93: 00000038     4 OBJECT  LOCAL  DEFAULT   34 runtime_allowed.1
    94: 00005390  1470 FUNC    LOCAL  DEFAULT    1 psb_pci_probe
    95: 000000a0   212 OBJECT  LOCAL  DEFAULT   30 driver
    96: 000001c4    25 FUNC    LOCAL  DEFAULT    5 psb_pci_probe.cold
    97: 00000000    25 FUNC    LOCAL  DEFAULT    7 psb_init
    98: 00000000   136 OBJECT  LOCAL  DEFAULT   30 psb_pci_driver
    99: 00000000    15 FUNC    LOCAL  DEFAULT    9 psb_exit
   100: 00000000    12 OBJECT  LOCAL  DEFAULT   23 __UNIQUE_ID_license231
   101: 0000000c    70 OBJECT  LOCAL  DEFAULT   23 __UNIQUE_ID_description230
   102: 00000052    50 OBJECT  LOCAL  DEFAULT   23 __UNIQUE_ID_author229
   103: 00000360   784 OBJECT  LOCAL  DEFAULT   15 pciidlist
   104: 000002e0    92 OBJECT  LOCAL  DEFAULT   15 psb_pm_ops
   105: 00000200   132 OBJECT  LOCAL  DEFAULT   15 psb_gem_fops
   106: 000002a0    52 OBJECT  LOCAL  DEFAULT   15 psb_gem_vm_ops
   107: 0000033c    16 OBJECT  LOCAL  DEFAULT   15 psb_ioctls
   108: 00000000     0 FILE    LOCAL  DEFAULT  ABS gma_display.c
   109: 000001dd    52 FUNC    LOCAL  DEFAULT    5 gma_pipe_set_base.cold
   110: 00000211    48 FUNC    LOCAL  DEFAULT    5 gma_crtc_cursor_set.cold
   111: 00000241    20 FUNC    LOCAL  DEFAULT    5 gma_crtc_save.cold
   112: 00000255    20 FUNC    LOCAL  DEFAULT    5 gma_crtc_restore.cold
   113: 00000000     0 FILE    LOCAL  DEFAULT  ABS gma_device.c
   114: 00000000     0 FILE    LOCAL  DEFAULT  ABS psb_intel_display.c
   115: 000070c0    59 FUNC    LOCAL  DEFAULT    1 psb_intel_clock
   116: 00007100  1422 FUNC    LOCAL  DEFAULT    1 psb_intel_crtc_mode_set
   117: 00007690    39 FUNC    LOCAL  DEFAULT    1 psb_intel_limit
   118: 00000740   160 OBJECT  LOCAL  DEFAULT   15 psb_intel_limits
   119: 00000269    30 FUNC    LOCAL  DEFAULT    5 psb_intel_crtc_init.cold
   120: 00000000     0 FILE    LOCAL  DEFAULT  ABS psb_intel_lvds.c
   121: 00007de0   131 FUNC    LOCAL  DEFAULT    1 psb_intel_lvds_get_max_backlight
   122: 00007e70   242 FUNC    LOCAL  DEFAULT    1 psb_intel_lvds_save
   123: 00007f70    78 FUNC    LOCAL  DEFAULT    1 psb_intel_lvds_mode_set
   124: 00007fc0   112 FUNC    LOCAL  DEFAULT    1 psb_intel_lvds_set_backlight
   125: 00008030   217 FUNC    LOCAL  DEFAULT    1 psb_intel_lvds_set_power
   126: 00000287    20 FUNC    LOCAL  DEFAULT    5 psb_intel_lvds_set_power.cold
   127: 00008110    69 FUNC    LOCAL  DEFAULT    1 psb_intel_lvds_commit
   128: 00008160    82 FUNC    LOCAL  DEFAULT    1 psb_intel_lvds_prepare
   129: 000081c0    33 FUNC    LOCAL  DEFAULT    1 psb_intel_lvds_encoder_dpms
   130: 000081f0   347 FUNC    LOCAL  DEFAULT    1 psb_intel_lvds_restore
   131: 0000029b    44 FUNC    LOCAL  DEFAULT    5 psb_intel_lvds_mode_fixup.cold
   132: 00008620   127 FUNC    LOCAL  DEFAULT    1 psb_intel_lvds_get_modes
   133: 000002c7    40 FUNC    LOCAL  DEFAULT    5 psb_intel_lvds_set_brightness.cold
   134: 00000860    52 OBJECT  LOCAL  DEFAULT   15 psb_intel_lvds_helper_funcs
   135: 000002ef   192 FUNC    LOCAL  DEFAULT    5 psb_intel_lvds_init.cold
   136: 00000000     0 FILE    LOCAL  DEFAULT  ABS psb_intel_modes.c
   137: 00000000     0 FILE    LOCAL  DEFAULT  ABS psb_intel_sdvo.c
   138: 00008b00   325 FUNC    LOCAL  DEFAULT    1 psb_intel_sdvo_get_dtd_from_mode
   139: 00008c50   102 FUNC    LOCAL  DEFAULT    1 psb_intel_sdvo_mode_valid
   140: 00008cc0    22 FUNC    LOCAL  DEFAULT    1 psb_intel_sdvo_ddc_proxy_func
   141: 00008ce0    43 FUNC    LOCAL  DEFAULT    1 psb_intel_sdvo_save
   142: 00008d10    43 FUNC    LOCAL  DEFAULT    1 psb_intel_sdvo_enc_destroy
   143: 00008d40    97 FUNC    LOCAL  DEFAULT    1 psb_intel_sdvo_restore
   144: 00008db0    30 FUNC    LOCAL  DEFAULT    1 psb_intel_sdvo_destroy
   145: 00008dd0   825 FUNC    LOCAL  DEFAULT    1 psb_intel_sdvo_write_cmd
   146: 00001220   856 OBJECT  LOCAL  DEFAULT   15 sdvo_cmd_names
   147: 00009110   108 FUNC    LOCAL  DEFAULT    1 psb_intel_sdvo_ddc_proxy_xfer
   148: 00009180   120 FUNC    LOCAL  DEFAULT    1 psb_intel_sdvo_read_byte.isra.0
   149: 00009200   400 FUNC    LOCAL  DEFAULT    1 psb_intel_sdvo_read_response
   150: 000011f0    28 OBJECT  LOCAL  DEFAULT   15 cmd_status_names
   151: 00009390   429 FUNC    LOCAL  DEFAULT    1 psb_intel_sdvo_write_sdvox
   152: 00009540   661 FUNC    LOCAL  DEFAULT    1 psb_intel_sdvo_detect
   153: 000097e0    97 FUNC    LOCAL  DEFAULT    1 psb_intel_sdvo_set_timing
   154: 00009850   180 FUNC    LOCAL  DEFAULT    1 psb_intel_sdvo_set_output_timings_from_mode
   155: 00009910   597 FUNC    LOCAL  DEFAULT    1 psb_intel_sdvo_get_modes
   156: 000009a0  2128 OBJECT  LOCAL  DEFAULT   15 sdvo_tv_modes
   157: 00009b70   321 FUNC    LOCAL  DEFAULT    1 psb_intel_sdvo_dvi_init
   158: 00000920    60 OBJECT  LOCAL  DEFAULT   15 psb_intel_sdvo_connector_funcs
   159: 000008e0    40 OBJECT  LOCAL  DEFAULT   15 psb_intel_sdvo_connector_helper_funcs
   160: 00009cc0  1511 FUNC    LOCAL  DEFAULT    1 psb_intel_sdvo_set_property
   161: 0000a2b0   552 FUNC    LOCAL  DEFAULT    1 psb_intel_sdvo_dpms
   162: 0000a4e0   728 FUNC    LOCAL  DEFAULT    1 psb_intel_sdvo_set_input_timings_for_mode.isra.0
   163: 0000a7c0   172 FUNC    LOCAL  DEFAULT    1 psb_intel_sdvo_mode_fixup
   164: 0000a870  3890 FUNC    LOCAL  DEFAULT    1 psb_intel_sdvo_create_enhance_property
   165: 0000b7b0   620 FUNC    LOCAL  DEFAULT    1 psb_intel_sdvo_tv_init
   166: 00001580    76 OBJECT  LOCAL  DEFAULT   15 tv_format_names
   167: 0000ba20   255 FUNC    LOCAL  DEFAULT    1 psb_intel_sdvo_lvds_init
   168: 0000bb20   783 FUNC    LOCAL  DEFAULT    1 psb_intel_sdvo_mode_set
   169: 000003af    90 FUNC    LOCAL  DEFAULT    5 psb_intel_sdvo_mode_set.cold
   170: 000008a0    28 OBJECT  LOCAL  DEFAULT   15 psb_intel_sdvo_ddc_proxy
   171: 000008bc    16 OBJECT  LOCAL  DEFAULT   15 psb_intel_sdvo_enc_funcs
   172: 00000960    52 OBJECT  LOCAL  DEFAULT   15 psb_intel_sdvo_helper_funcs
   173: 00000000     0 FILE    LOCAL  DEFAULT  ABS psb_lid.c
   174: 0000c5a0   365 FUNC    LOCAL  DEFAULT    1 psb_lid_timer_func
   175: 00000000     0 FILE    LOCAL  DEFAULT  ABS psb_irq.c
   176: 0000c7c0   354 FUNC    LOCAL  DEFAULT    1 mid_pipe_event_handler
   177: 000015e4    23 OBJECT  LOCAL  DEFAULT   15 __func__.1
   178: 00000409    52 FUNC    LOCAL  DEFAULT    5 psb_get_vblank_counter.cold
   179: 000015cc    23 OBJECT  LOCAL  DEFAULT   15 __func__.0
   180: 00000000     0 FILE    LOCAL  DEFAULT  ABS psb_device.c
   181: 0000d9c0     6 FUNC    LOCAL  DEFAULT    1 psb_get_brightness
   182: 00000040     4 OBJECT  LOCAL  DEFAULT   34 psb_brightness
   183: 0000d9d0     3 FUNC    LOCAL  DEFAULT    1 psb_power_down
   184: 0000d9e0    46 FUNC    LOCAL  DEFAULT    1 psb_set_brightness
   185: 0000003c     4 OBJECT  LOCAL  DEFAULT   34 psb_backlight_device
   186: 0000da10   364 FUNC    LOCAL  DEFAULT    1 psb_restore_display_registers
   187: 0000db80   332 FUNC    LOCAL  DEFAULT    1 psb_save_display_registers
   188: 0000dcd0    51 FUNC    LOCAL  DEFAULT    1 psb_init_pm
   189: 0000dd10    41 FUNC    LOCAL  DEFAULT    1 psb_output_init
   190: 0000dd40    26 FUNC    LOCAL  DEFAULT    1 psb_chip_teardown
   191: 0000dd60    51 FUNC    LOCAL  DEFAULT    1 psb_chip_setup
   192: 00001680   184 OBJECT  LOCAL  DEFAULT   15 psb_regmap
   193: 0000dda0   357 FUNC    LOCAL  DEFAULT    1 psb_backlight_init
   194: 00001738    16 OBJECT  LOCAL  DEFAULT   15 psb_ops
   195: 0000043d    31 FUNC    LOCAL  DEFAULT    5 psb_backlight_init.cold
   196: 0000df10     3 FUNC    LOCAL  DEFAULT    1 psb_power_up
   197: 00000000     0 FILE    LOCAL  DEFAULT  ABS mid_bios.c
   198: 0000df20   292 FUNC    LOCAL  DEFAULT    1 mid_get_vbt_data_r1
   199: 0000e050   292 FUNC    LOCAL  DEFAULT    1 mid_get_vbt_data_r0
   200: 0000045c   228 FUNC    LOCAL  DEFAULT    5 mid_chip_setup.cold
   201: 00000000     0 FILE    LOCAL  DEFAULT  ABS opregion.c
   202: 0000e560    35 FUNC    LOCAL  DEFAULT    1 psb_intel_opregion_video_event
   203: 00000044     4 OBJECT  LOCAL  DEFAULT   34 system_opregion
   204: 0000e590   222 FUNC    LOCAL  DEFAULT    1 psb_intel_opregion_asle_work
   205: 00000174    12 OBJECT  LOCAL  DEFAULT   30 psb_intel_opregion_notifier
   206: 00000000     0 FILE    LOCAL  DEFAULT  ABS cdv_device.c
   207: 0000e960   660 FUNC    LOCAL  DEFAULT    1 cdv_save_display_registers
   208: 0000ec00    70 FUNC    LOCAL  DEFAULT    1 cdv_power_down
   209: 0000ec50    70 FUNC    LOCAL  DEFAULT    1 cdv_power_up
   210: 0000eca0   289 FUNC    LOCAL  DEFAULT    1 cdv_output_init
   211: 0000edd0    16 FUNC    LOCAL  DEFAULT    1 cdv_hotplug_work_func
   212: 0000ede0   117 FUNC    LOCAL  DEFAULT    1 cdv_hotplug_enable
   213: 0000ee60   113 FUNC    LOCAL  DEFAULT    1 cdv_chip_setup
   214: 000017e0   184 OBJECT  LOCAL  DEFAULT   15 cdv_regmap
   215: 00000540    20 FUNC    LOCAL  DEFAULT    5 cdv_chip_setup.cold
   216: 0000eee0    73 FUNC    LOCAL  DEFAULT    1 cdv_errata
   217: 0000ef30   921 FUNC    LOCAL  DEFAULT    1 cdv_restore_display_registers
   218: 0000f2d0    80 FUNC    LOCAL  DEFAULT    1 cdv_hotplug_event
   219: 0000f320   259 FUNC    LOCAL  DEFAULT    1 cdv_init_pm
   220: 00000554    20 FUNC    LOCAL  DEFAULT    5 cdv_init_pm.cold
   221: 0000f430   108 FUNC    LOCAL  DEFAULT    1 cdv_get_max_backlight
   222: 0000f4a0   178 FUNC    LOCAL  DEFAULT    1 cdv_set_brightness
   223: 0000f560   151 FUNC    LOCAL  DEFAULT    1 cdv_get_brightness
   224: 0000f600   202 FUNC    LOCAL  DEFAULT    1 cdv_backlight_init
   225: 00001898    16 OBJECT  LOCAL  DEFAULT   15 cdv_ops
   226: 00000048     4 OBJECT  LOCAL  DEFAULT   34 cdv_backlight_device
   227: 00000000     0 FILE    LOCAL  DEFAULT  ABS cdv_intel_crt.c
   228: 0000f7e0    44 FUNC    LOCAL  DEFAULT    1 cdv_intel_crt_mode_valid
   229: 0000f810     3 FUNC    LOCAL  DEFAULT    1 cdv_intel_crt_set_property
   230: 0000f820    22 FUNC    LOCAL  DEFAULT    1 cdv_intel_crt_get_modes
   231: 0000f840   151 FUNC    LOCAL  DEFAULT    1 cdv_intel_crt_mode_set
   232: 0000f8e0   119 FUNC    LOCAL  DEFAULT    1 cdv_intel_crt_dpms
   233: 0000f960    46 FUNC    LOCAL  DEFAULT    1 cdv_intel_crt_destroy
   234: 0000f990   242 FUNC    LOCAL  DEFAULT    1 cdv_intel_crt_detect
   235: 00001900    60 OBJECT  LOCAL  DEFAULT   15 cdv_intel_crt_connector_funcs
   236: 00001940    52 OBJECT  LOCAL  DEFAULT   15 cdv_intel_crt_helper_funcs
   237: 000018c0    40 OBJECT  LOCAL  DEFAULT   15 cdv_intel_crt_connector_helper_funcs
   238: 00000568    56 FUNC    LOCAL  DEFAULT    5 cdv_intel_crt_init.cold
   239: 00000000     0 FILE    LOCAL  DEFAULT  ABS cdv_intel_display.c
   240: 0000fb60    47 FUNC    LOCAL  DEFAULT    1 cdv_intel_clock
   241: 0000fb90   297 FUNC    LOCAL  DEFAULT    1 cdv_intel_find_dp_pll
   242: 0000fcc0   140 FUNC    LOCAL  DEFAULT    1 cdv_intel_limit
   243: 00001a40   480 OBJECT  LOCAL  DEFAULT   15 cdv_intel_limits
   244: 0000fff0  2726 FUNC    LOCAL  DEFAULT    1 cdv_intel_crtc_mode_set
   245: 000005a0    25 FUNC    LOCAL  DEFAULT    5 cdv_intel_crtc_mode_set.cold
   246: 000005b9    33 FUNC    LOCAL  DEFAULT    5 cdv_intel_crtc_mode_get.cold
   247: 00000000     0 FILE    LOCAL  DEFAULT  ABS cdv_intel_hdmi.c
   248: 00011190    80 FUNC    LOCAL  DEFAULT    1 cdv_hdmi_get_modes
   249: 000111e0   109 FUNC    LOCAL  DEFAULT    1 cdv_hdmi_mode_set
   250: 00011250    92 FUNC    LOCAL  DEFAULT    1 cdv_hdmi_dpms
   251: 000112b0    55 FUNC    LOCAL  DEFAULT    1 cdv_hdmi_restore
   252: 000112f0    39 FUNC    LOCAL  DEFAULT    1 cdv_hdmi_save
   253: 00011320    46 FUNC    LOCAL  DEFAULT    1 cdv_hdmi_destroy
   254: 00011350   357 FUNC    LOCAL  DEFAULT    1 cdv_hdmi_set_property
   255: 000114c0   108 FUNC    LOCAL  DEFAULT    1 cdv_hdmi_detect
   256: 00011530    45 FUNC    LOCAL  DEFAULT    1 cdv_hdmi_mode_valid
   257: 00001c20    60 OBJECT  LOCAL  DEFAULT   15 cdv_hdmi_connector_funcs
   258: 00001ca0    52 OBJECT  LOCAL  DEFAULT   15 cdv_hdmi_helper_funcs
   259: 00001c60    40 OBJECT  LOCAL  DEFAULT   15 cdv_hdmi_connector_helper_funcs
   260: 000005da    20 FUNC    LOCAL  DEFAULT    5 cdv_hdmi_init.cold
   261: 00000000     0 FILE    LOCAL  DEFAULT  ABS cdv_intel_lvds.c
   262: 00011700     1 FUNC    LOCAL  DEFAULT    1 cdv_intel_lvds_save
   263: 00011710    78 FUNC    LOCAL  DEFAULT    1 cdv_intel_lvds_mode_valid
   264: 00011760    92 FUNC    LOCAL  DEFAULT    1 cdv_intel_lvds_get_modes
   265: 000117c0   171 FUNC    LOCAL  DEFAULT    1 cdv_intel_lvds_mode_fixup
   266: 000005ee    18 FUNC    LOCAL  DEFAULT    5 cdv_intel_lvds_mode_fixup.cold
   267: 00011870    46 FUNC    LOCAL  DEFAULT    1 cdv_intel_lvds_destroy
   268: 000118a0   454 FUNC    LOCAL  DEFAULT    1 cdv_intel_lvds_set_property
   269: 00011a70    94 FUNC    LOCAL  DEFAULT    1 cdv_intel_lvds_mode_set
   270: 00011ad0   104 FUNC    LOCAL  DEFAULT    1 cdv_intel_lvds_set_backlight
   271: 00011b40   224 FUNC    LOCAL  DEFAULT    1 cdv_intel_lvds_set_power.isra.0
   272: 00011c20    33 FUNC    LOCAL  DEFAULT    1 cdv_intel_lvds_encoder_dpms
   273: 00011c50    82 FUNC    LOCAL  DEFAULT    1 cdv_intel_lvds_prepare
   274: 00011cb0   122 FUNC    LOCAL  DEFAULT    1 cdv_intel_lvds_commit
   275: 00011d30     1 FUNC    LOCAL  DEFAULT    1 cdv_intel_lvds_restore
   276: 00001ce0    60 OBJECT  LOCAL  DEFAULT   15 cdv_intel_lvds_connector_funcs
   277: 00001d60    52 OBJECT  LOCAL  DEFAULT   15 cdv_intel_lvds_helper_funcs
   278: 00001d20    40 OBJECT  LOCAL  DEFAULT   15 cdv_intel_lvds_connector_helper_funcs
   279: 00000600   104 FUNC    LOCAL  DEFAULT    5 cdv_intel_lvds_init.cold
   280: 00000000     0 FILE    LOCAL  DEFAULT  ABS cdv_intel_dp.c
   281: 00012080     6 FUNC    LOCAL  DEFAULT    1 i2c_algo_dp_aux_functionality
   282: 00012090    66 FUNC    LOCAL  DEFAULT    1 cdv_intel_reduce_ratio
   283: 000120e0   669 FUNC    LOCAL  DEFAULT    1 cdv_intel_dp_aux_ch
   284: 00012380   266 FUNC    LOCAL  DEFAULT    1 cdv_intel_dp_aux_native_write
   285: 00012490   560 FUNC    LOCAL  DEFAULT    1 cdv_intel_dp_i2c_aux_ch
   286: 000126c0   204 FUNC    LOCAL  DEFAULT    1 cdv_intel_dp_aux_native_read
   287: 00012790   157 FUNC    LOCAL  DEFAULT    1 cdv_intel_dp_set_link_train
   288: 00012830    87 FUNC    LOCAL  DEFAULT    1 cdv_intel_dp_destroy
   289: 00012890   159 FUNC    LOCAL  DEFAULT    1 cdv_intel_dp_sink_dpms
   290: 00012930   148 FUNC    LOCAL  DEFAULT    1 cdv_intel_dp_link_down.isra.0
   291: 000129d0   213 FUNC    LOCAL  DEFAULT    1 cdv_intel_get_adjust_train.isra.0
   292: 00012ab0   100 FUNC    LOCAL  DEFAULT    1 cdv_intel_edp_backlight_off.isra.0
   293: 00012b20    84 FUNC    LOCAL  DEFAULT    1 cdv_intel_edp_backlight_on.isra.0
   294: 00012b80   264 FUNC    LOCAL  DEFAULT    1 cdv_intel_edp_panel_off.isra.0
   295: 00012c90   261 FUNC    LOCAL  DEFAULT    1 cdv_intel_edp_panel_on.isra.0
   296: 00012da0   372 FUNC    LOCAL  DEFAULT    1 cdv_intel_dp_mode_set
   297: 00012f20    86 FUNC    LOCAL  DEFAULT    1 cdv_intel_edp_panel_vdd_off.isra.0
   298: 00012f80   364 FUNC    LOCAL  DEFAULT    1 cdv_intel_dp_get_modes
   299: 000130f0   133 FUNC    LOCAL  DEFAULT    1 cdv_intel_edp_panel_vdd_on.isra.0
   300: 00013180   252 FUNC    LOCAL  DEFAULT    1 cdv_intel_dp_detect
   301: 00013280   382 FUNC    LOCAL  DEFAULT    1 cdv_intel_dp_set_property
   302: 00013400   101 FUNC    LOCAL  DEFAULT    1 cdv_intel_dp_prepare
   303: 00013470   540 FUNC    LOCAL  DEFAULT    1 cdv_intel_dp_mode_fixup
   304: 00001da0     8 OBJECT  LOCAL  DEFAULT   15 bws.1
   305: 00013690   304 FUNC    LOCAL  DEFAULT    1 cdv_intel_dp_mode_valid
   306: 000137c0   700 FUNC    LOCAL  DEFAULT    1 cdv_intel_dp_start_link_train
   307: 00013a80   808 FUNC    LOCAL  DEFAULT    1 cdv_intel_dp_complete_link_train
   308: 00013db0    68 FUNC    LOCAL  DEFAULT    1 cdv_intel_dp_commit
   309: 00013e00   229 FUNC    LOCAL  DEFAULT    1 cdv_intel_dp_dpms
   310: 00013ef0   509 FUNC    LOCAL  DEFAULT    1 i2c_algo_dp_aux_xfer
   311: 00001e00    60 OBJECT  LOCAL  DEFAULT   15 cdv_intel_dp_connector_funcs
   312: 00001dc0    40 OBJECT  LOCAL  DEFAULT   15 cdv_intel_dp_connector_helper_funcs
   313: 00001e40    52 OBJECT  LOCAL  DEFAULT   15 cdv_intel_dp_helper_funcs
   314: 00001e74    28 OBJECT  LOCAL  DEFAULT   15 i2c_dp_aux_algo
   315: 00000668    31 FUNC    LOCAL  DEFAULT    5 cdv_intel_dp_init.cold
   316: 00000000     0 FILE    LOCAL  DEFAULT  ABS oaktrail_device.c
   317: 000147c0     6 FUNC    LOCAL  DEFAULT    1 oaktrail_get_brightness
   318: 0000004c     4 OBJECT  LOCAL  DEFAULT   34 oaktrail_brightness
   319: 000147d0   230 FUNC    LOCAL  DEFAULT    1 oaktrail_set_brightness
   320: 00000050     4 OBJECT  LOCAL  DEFAULT   34 oaktrail_backlight_device
   321: 000148c0    65 FUNC    LOCAL  DEFAULT    1 oaktrail_power_down
   322: 00014910    63 FUNC    LOCAL  DEFAULT    1 oaktrail_power_up
   323: 00014950  1339 FUNC    LOCAL  DEFAULT    1 oaktrail_restore_display_registers
   324: 00014e90  1342 FUNC    LOCAL  DEFAULT    1 oaktrail_save_display_registers
   325: 000153d0    81 FUNC    LOCAL  DEFAULT    1 oaktrail_output_init
   326: 00000687    20 FUNC    LOCAL  DEFAULT    5 oaktrail_output_init.cold
   327: 00015430    51 FUNC    LOCAL  DEFAULT    1 oaktrail_teardown
   328: 00015470    96 FUNC    LOCAL  DEFAULT    1 oaktrail_chip_setup
   329: 00001f20   184 OBJECT  LOCAL  DEFAULT   15 oaktrail_regmap
   330: 0000069b    20 FUNC    LOCAL  DEFAULT    5 oaktrail_chip_setup.cold
   331: 000154d0   388 FUNC    LOCAL  DEFAULT    1 oaktrail_backlight_init
   332: 00001fd8    16 OBJECT  LOCAL  DEFAULT   15 oaktrail_ops
   333: 00000000     0 FILE    LOCAL  DEFAULT  ABS oaktrail_crtc.c
   334: 00015660    25 FUNC    LOCAL  DEFAULT    1 mrst_lvds_clock
   335: 00015680   387 FUNC    LOCAL  DEFAULT    1 oaktrail_pipe_set_base
   336: 000006af    25 FUNC    LOCAL  DEFAULT    5 oaktrail_pipe_set_base.cold
   337: 00015810   137 FUNC    LOCAL  DEFAULT    1 mrst_limit
   338: 000020e0   320 OBJECT  LOCAL  DEFAULT   15 mrst_limits
   339: 000006c8    22 FUNC    LOCAL  DEFAULT    5 mrst_limit.cold
   340: 000158a0   420 FUNC    LOCAL  DEFAULT    1 mrst_sdvo_find_best_pll
   341: 00015a50   304 FUNC    LOCAL  DEFAULT    1 mrst_lvds_find_best_pll
   342: 00015b80  2928 FUNC    LOCAL  DEFAULT    1 oaktrail_crtc_mode_set
   343: 00002060   104 OBJECT  LOCAL  DEFAULT   15 oaktrail_m_converts
   344: 000166f0  1644 FUNC    LOCAL  DEFAULT    1 oaktrail_crtc_dpms
   345: 00000000     0 FILE    LOCAL  DEFAULT  ABS oaktrail_lvds.c
   346: 00016d60   176 FUNC    LOCAL  DEFAULT    1 oaktrail_lvds_mode_set
   347: 00016e10   270 FUNC    LOCAL  DEFAULT    1 oaktrail_lvds_set_power.isra.0
   348: 00016f20    33 FUNC    LOCAL  DEFAULT    1 oaktrail_lvds_dpms
   349: 00016f50    82 FUNC    LOCAL  DEFAULT    1 oaktrail_lvds_prepare
   350: 00016fb0   122 FUNC    LOCAL  DEFAULT    1 oaktrail_lvds_commit
   351: 00002220    52 OBJECT  LOCAL  DEFAULT   15 oaktrail_lvds_helper_funcs
   352: 000006de    99 FUNC    LOCAL  DEFAULT    5 oaktrail_lvds_init.cold
   353: 00000000     0 FILE    LOCAL  DEFAULT  ABS oaktrail_lvds_i2c.c
   354: 00017410    23 FUNC    LOCAL  DEFAULT    1 get_clock
   355: 00017430    23 FUNC    LOCAL  DEFAULT    1 get_data
   356: 00017450    38 FUNC    LOCAL  DEFAULT    1 set_clock
   357: 00017480    38 FUNC    LOCAL  DEFAULT    1 set_data
   358: 00000000     0 FILE    LOCAL  DEFAULT  ABS oaktrail_hdmi.c
   359: 000175e0    46 FUNC    LOCAL  DEFAULT    1 oaktrail_hdmi_dpms
   360: 00000180     4 OBJECT  LOCAL  DEFAULT   30 dpms_mode.0
   361: 00017610    89 FUNC    LOCAL  DEFAULT    1 oaktrail_hdmi_mode_set
   362: 00017670     1 FUNC    LOCAL  DEFAULT    1 oaktrail_hdmi_destroy
   363: 00017680    52 FUNC    LOCAL  DEFAULT    1 oaktrail_hdmi_detect
   364: 000176c0    69 FUNC    LOCAL  DEFAULT    1 oaktrail_hdmi_get_modes
   365: 00002340   128 OBJECT  LOCAL  DEFAULT   15 raw_edid
   366: 00017710    42 FUNC    LOCAL  DEFAULT    1 oaktrail_hdmi_mode_valid
   367: 00002260    24 OBJECT  LOCAL  DEFAULT   15 __func__.1
   368: 00002280    60 OBJECT  LOCAL  DEFAULT   15 oaktrail_hdmi_connector_funcs
   369: 00002300    52 OBJECT  LOCAL  DEFAULT   15 oaktrail_hdmi_helper_funcs
   370: 000022c0    40 OBJECT  LOCAL  DEFAULT   15 oaktrail_hdmi_connector_helper_funcs
   371: 00000741    85 FUNC    LOCAL  DEFAULT    5 oaktrail_hdmi_setup.cold
   372: 00000000     0 FILE    LOCAL  DEFAULT  ABS oaktrail_hdmi_i2c.c
   373: 00018a40     6 FUNC    LOCAL  DEFAULT    1 oaktrail_hdmi_i2c_func
   374: 00018a50   294 FUNC    LOCAL  DEFAULT    1 oaktrail_hdmi_i2c_handler
   375: 00018b80   345 FUNC    LOCAL  DEFAULT    1 oaktrail_hdmi_i2c_access
   376: 000001a0   632 OBJECT  LOCAL  DEFAULT   30 oaktrail_hdmi_i2c_adapter
   377: 00000054     0 OBJECT  LOCAL  DEFAULT   34 __key.0
   378: 00000054     0 OBJECT  LOCAL  DEFAULT   34 __key.2
   379: 000023c0    28 OBJECT  LOCAL  DEFAULT   15 oaktrail_hdmi_i2c_algorithm
   380: 00000000     0 FILE    LOCAL  DEFAULT  ABS gma500_bo_owner.c
   381: 00000418    20 OBJECT  LOCAL  DEFAULT   30 frozen_owner_lock
   382: 00000054     4 OBJECT  LOCAL  DEFAULT   34 frozen_claimed_device
   383: 000023dc    16 OBJECT  LOCAL  DEFAULT   15 fixed.1
   384: 00000000     0 FILE    LOCAL  DEFAULT  ABS frozen_kernel_contract.c
   385: 00019c40   231 FUNC    LOCAL  DEFAULT    1 validate_user_views.part.0
   386: 000037e0   160 OBJECT  LOCAL  DEFAULT   15 requirements
   387: 00019d30   659 FUNC    LOCAL  DEFAULT    1 sgx535_frozen_validate_bos.part.0
   388: 00002540  2784 OBJECT  LOCAL  DEFAULT   15 initial_dwords
   389: 00003020  1960 OBJECT  LOCAL  DEFAULT   15 expected_relocations
   390: 00002508    28 OBJECT  LOCAL  DEFAULT   15 expected_ta_offsets
   391: 000024a0   104 OBJECT  LOCAL  DEFAULT   15 expected_raster_offsets
   392: 00002460    64 OBJECT  LOCAL  DEFAULT   15 selected_cookie.1
   393: 00002400    96 OBJECT  LOCAL  DEFAULT   15 selected.0
   394: 00000000     0 FILE    LOCAL  DEFAULT  ABS frozen_fixed_service.c
   395: 00000000     0 FILE    LOCAL  DEFAULT  ABS frozen_fixed_io.c
   396: 00000000     0 FILE    LOCAL  DEFAULT  ABS gma500_fixed_backend.c
   397: 0001d7e0    22 FUNC    LOCAL  DEFAULT    1 fixed_barrier
   398: 0001d800    86 FUNC    LOCAL  DEFAULT    1 fixed_read
   399: 0001d860    78 FUNC    LOCAL  DEFAULT    1 fixed_write
   400: 0001d8b0    87 FUNC    LOCAL  DEFAULT    1 fixed_actions
   401: 00003884    12 OBJECT  LOCAL  DEFAULT   15 fixed_io
   402: 0001d910  2268 FUNC    LOCAL  DEFAULT    1 fixed_run
   403: 0000005c     4 OBJECT  LOCAL  DEFAULT   34 fixed_irq_lock
   404: 00000058     4 OBJECT  LOCAL  DEFAULT   34 fixed_irq_owner
   405: 0001e240   451 FUNC    LOCAL  DEFAULT    1 fixed_sample_and_ack
   406: 00000000     0 FILE    LOCAL  DEFAULT  ABS gma500_fixed_entry.c
   407: 0000042c    20 OBJECT  LOCAL  DEFAULT   30 fixed_attempt_mutex
   408: 00000060     1 OBJECT  LOCAL  DEFAULT   34 fixed_attempt_used
   409: 00000000     0 FILE    LOCAL  DEFAULT  ABS gma500_gfx.mod.c
   410: 00000084    43 OBJECT  LOCAL  DEFAULT   23 __UNIQUE_ID_alias118
   411: 000000af    43 OBJECT  LOCAL  DEFAULT   23 __UNIQUE_ID_alias117
   412: 000000da    43 OBJECT  LOCAL  DEFAULT   23 __UNIQUE_ID_alias116
   413: 00000105    43 OBJECT  LOCAL  DEFAULT   23 __UNIQUE_ID_alias115
   414: 00000130    43 OBJECT  LOCAL  DEFAULT   23 __UNIQUE_ID_alias114
   415: 0000015b    43 OBJECT  LOCAL  DEFAULT   23 __UNIQUE_ID_alias113
   416: 00000186    43 OBJECT  LOCAL  DEFAULT   23 __UNIQUE_ID_alias112
   417: 000001b1    43 OBJECT  LOCAL  DEFAULT   23 __UNIQUE_ID_alias111
   418: 000001dc    43 OBJECT  LOCAL  DEFAULT   23 __UNIQUE_ID_alias110
   419: 00000207    43 OBJECT  LOCAL  DEFAULT   23 __UNIQUE_ID_alias109
   420: 00000232    43 OBJECT  LOCAL  DEFAULT   23 __UNIQUE_ID_alias108
   421: 0000025d    43 OBJECT  LOCAL  DEFAULT   23 __UNIQUE_ID_alias107
   422: 00000288    43 OBJECT  LOCAL  DEFAULT   23 __UNIQUE_ID_alias106
   423: 000002b3    43 OBJECT  LOCAL  DEFAULT   23 __UNIQUE_ID_alias105
   424: 000002de    43 OBJECT  LOCAL  DEFAULT   23 __UNIQUE_ID_alias104
   425: 00000309    43 OBJECT  LOCAL  DEFAULT   23 __UNIQUE_ID_alias103
   426: 00000334    43 OBJECT  LOCAL  DEFAULT   23 __UNIQUE_ID_alias102
   427: 0000035f    43 OBJECT  LOCAL  DEFAULT   23 __UNIQUE_ID_alias101
   428: 0000038a    43 OBJECT  LOCAL  DEFAULT   23 __UNIQUE_ID_alias100
   429: 000003b5    43 OBJECT  LOCAL  DEFAULT   23 __UNIQUE_ID_alias99
   430: 000003e0    43 OBJECT  LOCAL  DEFAULT   23 __UNIQUE_ID_alias98
   431: 0000040b    43 OBJECT  LOCAL  DEFAULT   23 __UNIQUE_ID_alias97
   432: 00000436    43 OBJECT  LOCAL  DEFAULT   23 __UNIQUE_ID_alias96
   433: 00000461    43 OBJECT  LOCAL  DEFAULT   23 __UNIQUE_ID_alias95
   434: 0000048c    43 OBJECT  LOCAL  DEFAULT   23 __UNIQUE_ID_alias94
   435: 000004b7    43 OBJECT  LOCAL  DEFAULT   23 __UNIQUE_ID_alias93
   436: 000004e2    43 OBJECT  LOCAL  DEFAULT   23 __UNIQUE_ID_alias92
   437: 0000050d    46 OBJECT  LOCAL  DEFAULT   23 __UNIQUE_ID_depends91
   438: 00000000 14848 OBJECT  LOCAL  DEFAULT   27 ____versions
   439: 0000053b    12 OBJECT  LOCAL  DEFAULT   23 __UNIQUE_ID_retpoline90
   440: 00000547    16 OBJECT  LOCAL  DEFAULT   23 __UNIQUE_ID_name89
   441: 00000557    66 OBJECT  LOCAL  DEFAULT   23 __UNIQUE_ID_vermagic88
   442: 00000000    24 OBJECT  LOCAL  DEFAULT   26 _note_7
   443: 0001c330    76 FUNC    GLOBAL DEFAULT    1 sgx535_frozen_session_service_ready
   444: 0001c4d0   328 FUNC    GLOBAL DEFAULT    1 sgx535_frozen_session_observe_status
   445: 00000000     0 NOTYPE  GLOBAL DEFAULT  UND drm_framebuffer_cleanup
   446: 000050a0    21 FUNC    GLOBAL DEFAULT    1 psb_runtime_idle
   447: 0000d2f0   146 FUNC    GLOBAL DEFAULT    1 psb_irq_enable_dpst
   448: 00000000     0 NOTYPE  GLOBAL DEFAULT  UND drm_gem_fb_destroy
   449: 00001760   120 OBJECT  GLOBAL DEFAULT   15 cdv_chip_ops
   450: 00003880     4 OBJECT  GLOBAL DEFAULT   15 sgx535_gma500_fixed_backend_ops
   451: 0001cf90   435 FUNC    GLOBAL DEFAULT    1 sgx535_fixed_service_fire_ta
   452: 0001b7f0   299 FUNC    GLOBAL DEFAULT    1 sgx535_frozen_ta_schedule_plan
   453: 000019a0    96 OBJECT  GLOBAL DEFAULT   15 cdv_intel_crtc_funcs
   454: 00000000     0 NOTYPE  GLOBAL DEFAULT  UND pci_save_state
   455: 00000000     0 NOTYPE  GLOBAL DEFAULT  UND drm_kms_helper_poll_fini
   456: 00000000     0 NOTYPE  GLOBAL DEFAULT  UND drm_open
   457: 00000000     0 NOTYPE  GLOBAL DEFAULT  UND free_irq
   458: 0000d4d0   316 FUNC    GLOBAL DEFAULT    1 mdfld_enable_te
   459: 00001a40    80 FUNC    GLOBAL DEFAULT    1 psb_gtt_free_range
   460: 000059c0    36 FUNC    GLOBAL DEFAULT    1 gma_wait_for_vblank
   461: 00003bd0   124 FUNC    GLOBAL DEFAULT    1 psb_mmu_set_pd_context
   462: 00000000     0 NOTYPE  GLOBAL DEFAULT  UND ioread32
   463: 00001600   120 OBJECT  GLOBAL DEFAULT   15 psb_chip_ops
   464: 00000000     0 NOTYPE  GLOBAL DEFAULT  UND try_module_get
   465: 00000000     0 NOTYPE  GLOBAL DEFAULT  UND drm_fb_helper_init
   466: 0001aa70  1057 FUNC    GLOBAL DEFAULT    1 sgx535_frozen_ta_load_plan
   467: 00000000     0 NOTYPE  GLOBAL DEFAULT  UND request_resource
   468: 00000000     0 NOTYPE  GLOBAL DEFAULT  UND drm_poll
   469: 0001e430   211 FUNC    GLOBAL DEFAULT    1 sgx535_gma500_fixed_backend_begin
   470: 00000000     0 NOTYPE  GLOBAL DEFAULT  UND drm_fb_helper_debug_enter
   471: 00000000     0 NOTYPE  GLOBAL DEFAULT  UND vmf_insert_pfn
   472: 00000360   784 OBJECT  GLOBAL DEFAULT   15 __mod_pci__pciidlist_device_table
   473: 00000000     0 NOTYPE  GLOBAL DEFAULT  UND __init_rwsem
   474: 00000000     0 NOTYPE  GLOBAL DEFAULT  UND drm_kms_helper_poll_disable
   475: 0001c650    30 FUNC    GLOBAL DEFAULT    1 sgx535_frozen_session_retire
   476: 00000000     0 NOTYPE  GLOBAL DEFAULT  UND drm_mode_crtc_set_gamma_size
   477: 00004f40    11 FUNC    GLOBAL DEFAULT    1 gma_power_is_on
   478: 00005d20  1175 FUNC    GLOBAL DEFAULT    1 gma_crtc_dpms
   479: 00008450    49 FUNC    GLOBAL DEFAULT    1 psb_intel_lvds_destroy
   480: 0001c2f0    53 FUNC    GLOBAL DEFAULT    1 sgx535_frozen_session_advance
   481: 00000000     0 NOTYPE  GLOBAL DEFAULT  UND drm_mode_legacy_fb_format
   482: 000050d0    10 FUNC    GLOBAL DEFAULT    1 gma_power_freeze
   483: 00001a00    64 OBJECT  GLOBAL DEFAULT   15 cdv_intel_helper_funcs
   484: 00000000     0 NOTYPE  GLOBAL DEFAULT  UND drm_connector_register
   485: 00000000     0 NOTYPE  GLOBAL DEFAULT  UND __drm_err
   486: 00000000     0 NOTYPE  GLOBAL DEFAULT  UND backlight_device_unregister
   487: 00000000     0 NOTYPE  GLOBAL DEFAULT  UND drm_gem_get_pages
   488: 00000000     0 NOTYPE  GLOBAL DEFAULT  UND i2c_get_adapter
   489: 00018770   707 FUNC    GLOBAL DEFAULT    1 oaktrail_hdmi_restore
   490: 0001a660    81 FUNC    GLOBAL DEFAULT    1 sgx535_frozen_scene_info32
   491: 00000000     0 NOTYPE  GLOBAL DEFAULT  UND pci_enable_device
   492: 00000000     0 NOTYPE  GLOBAL DEFAULT  UND iowrite32
   493: 00000000     0 NOTYPE  GLOBAL DEFAULT  UND drm_kms_helper_poll_init
   494: 00000000     0 NOTYPE  GLOBAL DEFAULT  UND drm_framebuffer_init
   495: 0000ce70   260 FUNC    GLOBAL DEFAULT    1 psb_irq_preinstall
   496: 00000000     0 NOTYPE  GLOBAL DEFAULT  UND drm_fb_helper_lastclose
   497: 00000000     0 NOTYPE  GLOBAL DEFAULT  UND drm_property_create
   498: 0000e6b0    75 FUNC    GLOBAL DEFAULT    1 psb_intel_opregion_enable_asle
   499: 00005090    12 FUNC    GLOBAL DEFAULT    1 psb_runtime_resume
   500: 00000000     0 NOTYPE  GLOBAL DEFAULT  UND drm_fb_helper_setcmap
   501: 00001a90   122 FUNC    GLOBAL DEFAULT    1 psb_gtt_takedown
   502: 00000000     0 NOTYPE  GLOBAL DEFAULT  UND kmap_high
   503: 000006a0    96 OBJECT  GLOBAL DEFAULT   15 psb_intel_crtc_funcs
   504: 00004e90   173 FUNC    GLOBAL DEFAULT    1 gma_power_resume
   505: 00000000   576 OBJECT  GLOBAL DEFAULT   32 __this_module
   506: 00001160    34 FUNC    GLOBAL DEFAULT    1 psb_gem_free_object
   507: 00000000     0 NOTYPE  GLOBAL DEFAULT  UND drm_helper_disable_unused_functions
   508: 00006ff0   204 FUNC    GLOBAL DEFAULT    1 gma_get_core_freq
   509: 00000000     0 NOTYPE  GLOBAL DEFAULT  UND drm_modeset_unlock_all
   510: 00000000     0 NOTYPE  GLOBAL DEFAULT  UND snprintf
   511: 00000000     0 NOTYPE  GLOBAL DEFAULT  UND complete
   512: 00000000     0 NOTYPE  GLOBAL DEFAULT  UND queue_work_on
   513: 00000000     0 NOTYPE  GLOBAL DEFAULT  UND drm_mode_probed_add
   514: 00003fb0   732 FUNC    GLOBAL DEFAULT    1 psb_mmu_pt_alloc_map_lock
   515: 00008490   399 FUNC    GLOBAL DEFAULT    1 psb_intel_lvds_set_property
   516: 00003c50   686 FUNC    GLOBAL DEFAULT    1 psb_mmu_alloc_pd
   517: 00000000     0 NOTYPE  GLOBAL DEFAULT  UND __stack_chk_guard
   518: 0001d3b0    30 FUNC    GLOBAL DEFAULT    1 sgx535_fixed_service_timeout
   519: 0001c430   150 FUNC    GLOBAL DEFAULT    1 sgx535_frozen_session_observe
   520: 00000000     0 NOTYPE  GLOBAL DEFAULT  UND i2c_bit_add_bus
   521: 0001c380    38 FUNC    GLOBAL DEFAULT    1 sgx535_frozen_session_abort
   522: 00000000     0 NOTYPE  GLOBAL DEFAULT  UND pci_dev_put
   523: 00007a70   534 FUNC    GLOBAL DEFAULT    1 psb_intel_crtc_init
   524: 00006a30   602 FUNC    GLOBAL DEFAULT    1 gma_crtc_restore
   525: 00000700    64 OBJECT  GLOBAL DEFAULT   15 psb_intel_helper_funcs
   526: 00004d40   336 FUNC    GLOBAL DEFAULT    1 gma_power_suspend
   527: 00000000     0 NOTYPE  GLOBAL DEFAULT  UND __init_swait_queue_head
   528: 0001a6c0   378 FUNC    GLOBAL DEFAULT    1 sgx535_frozen_xhw_bind_fire_wire
   529: 00000000     0 NOTYPE  GLOBAL DEFAULT  UND pci_get_device
   530: 00000000     0 NOTYPE  GLOBAL DEFAULT  UND drm_modeset_lock_all
   531: 00000000     0 NOTYPE  GLOBAL DEFAULT  UND drm_fb_helper_fini
   532: 00001b10   906 FUNC    GLOBAL DEFAULT    1 psb_gtt_init
   533: 0001aea0  1345 FUNC    GLOBAL DEFAULT    1 sgx535_frozen_ta_fire_plan
   534: 00000000     0 NOTYPE  GLOBAL DEFAULT  UND set_pages_uc
   535: 0000cf80   270 FUNC    GLOBAL DEFAULT    1 psb_irq_postinstall
   536: 000035c0   356 FUNC    GLOBAL DEFAULT    1 gma_intel_setup_gmbus
   537: 00004440   244 FUNC    GLOBAL DEFAULT    1 psb_mmu_remove_pfn_sequence
   538: 00003f00   176 FUNC    GLOBAL DEFAULT    1 psb_mmu_free_pagedir
   539: 00000000     0 NOTYPE  GLOBAL DEFAULT  UND __pci_register_driver
   540: 00000000     0 NOTYPE  GLOBAL DEFAULT  UND drm_fb_helper_cfb_imageblit
   541: 00002d00   283 FUNC    GLOBAL DEFAULT    1 psb_intel_i2c_create
   542: 00004d00    53 FUNC    GLOBAL DEFAULT    1 gma_power_uninit
   543: 00000000   208 FUNC    GLOBAL DEFAULT    1 psb_spank
   544: 00000000     0 NOTYPE  GLOBAL DEFAULT  UND ioremap_cache
   545: 00000000     0 NOTYPE  GLOBAL DEFAULT  UND memcpy_fromio
   546: 00000000     0 NOTYPE  GLOBAL DEFAULT  UND iounmap
   547: 00010aa0    77 FUNC    GLOBAL DEFAULT    1 cdv_sb_reset
   548: 00000000    15 FUNC    GLOBAL DEFAULT    9 cleanup_module
   549: 000174b0   303 FUNC    GLOBAL DEFAULT    1 oaktrail_lvds_i2c_init
   550: 0001a0e0    46 FUNC    GLOBAL DEFAULT    1 sgx535_frozen_validate_request
   551: 0001d4a0    53 FUNC    GLOBAL DEFAULT    1 sgx535_fixed_service_may_release
   552: 00000000     0 NOTYPE  GLOBAL DEFAULT  UND kunmap_atomic_high
   553: 000076c0   936 FUNC    GLOBAL DEFAULT    1 psb_intel_crtc_mode_get
   554: 0001c990  1527 FUNC    GLOBAL DEFAULT    1 sgx535_fixed_service_prepare
   555: 00008ab0    64 FUNC    GLOBAL DEFAULT    1 psb_intel_ddc_get_modes
   556: 00000000     0 NOTYPE  GLOBAL DEFAULT  UND drm_helper_hpd_irq_event
   557: 00000000     0 NOTYPE  GLOBAL DEFAULT  UND vunmap
   558: 00000000     0 NOTYPE  GLOBAL DEFAULT  UND kfree
   559: 0001bcd0  1293 FUNC    GLOBAL DEFAULT    1 sgx535_frozen_apply_relocations
   560: 00004c90   106 FUNC    GLOBAL DEFAULT    1 gma_power_init
   561: 00000820    40 OBJECT  GLOBAL DEFAULT   15 psb_intel_lvds_connector_helper_funcs
   562: 00006690    52 FUNC    GLOBAL DEFAULT    1 gma_crtc_disable
   563: 000087c0   631 FUNC    GLOBAL DEFAULT    1 psb_intel_lvds_init
   564: 0000d090   306 FUNC    GLOBAL DEFAULT    1 psb_irq_uninstall
   565: 00006830    96 FUNC    GLOBAL DEFAULT    1 gma_crtc_set_config
   566: 00019fd0   272 FUNC    GLOBAL DEFAULT    1 sgx535_frozen_initialize_user_images
   567: 000003a0   304 FUNC    GLOBAL DEFAULT    1 psbfb_sync
   568: 00000000     0 NOTYPE  GLOBAL DEFAULT  UND drm_crtc_cleanup
   569: 00000000     0 NOTYPE  GLOBAL DEFAULT  UND drm_fb_helper_fill_info
   570: 00001ea0   146 FUNC    GLOBAL DEFAULT    1 psb_gtt_restore
   571: 00000000     0 NOTYPE  GLOBAL DEFAULT  UND timer_delete_sync
   572: 00000000     0 NOTYPE  GLOBAL DEFAULT  UND pci_set_power_state
   573: 00006650    23 FUNC    GLOBAL DEFAULT    1 gma_crtc_prepare
   574: 00000000     0 NOTYPE  GLOBAL DEFAULT  UND drm_encoder_cleanup
   575: 00000000     0 NOTYPE  GLOBAL DEFAULT  UND drm_gem_object_init
   576: 00000000     0 NOTYPE  GLOBAL DEFAULT  UND drm_connector_unregister
   577: 00007c90    87 FUNC    GLOBAL DEFAULT    1 psb_intel_get_crtc_from_pipe
   578: 00018360   274 FUNC    GLOBAL DEFAULT    1 oaktrail_hdmi_setup
   579: 00000000     0 NOTYPE  GLOBAL DEFAULT  UND drmm_mode_config_init
   580: 00000000     0 NOTYPE  GLOBAL DEFAULT  UND _raw_spin_lock_irqsave
   581: 0001a5e0   116 FUNC    GLOBAL DEFAULT    1 sgx535_frozen_validate_register_offsets
   582: 00000000     0 NOTYPE  GLOBAL DEFAULT  UND drm_crtc_init
   583: 00000000     0 NOTYPE  GLOBAL DEFAULT  UND _raw_spin_lock
   584: 00000000     0 NOTYPE  GLOBAL DEFAULT  UND drm_fb_helper_alloc_fbi
   585: 00000000     0 NOTYPE  GLOBAL DEFAULT  UND drm_detect_hdmi_monitor
   586: 00000000     0 NOTYPE  GLOBAL DEFAULT  UND kmem_cache_alloc_trace
   587: 00000000     0 NOTYPE  GLOBAL DEFAULT  UND __x86_indirect_thunk_edx
   588: 00000000     0 NOTYPE  GLOBAL DEFAULT  UND pci_unregister_driver
   589: 00005960    86 FUNC    GLOBAL DEFAULT    1 gma_pipe_has_type
   590: 00000610    85 FUNC    GLOBAL DEFAULT    1 gma_backlight_exit
   591: 00006c90    20 FUNC    GLOBAL DEFAULT    1 gma_encoder_prepare
   592: 0001e590   566 FUNC    GLOBAL DEFAULT    1 sgx535_gma500_fixed_attempt
   593: 00000000    25 FUNC    GLOBAL DEFAULT    7 init_module
   594: 000061c0   967 FUNC    GLOBAL DEFAULT    1 gma_crtc_cursor_set
   595: 00004f50   219 FUNC    GLOBAL DEFAULT    1 gma_power_begin
   596: 00000000     0 NOTYPE  GLOBAL DEFAULT  UND jiffies_to_usecs
   597: 00000000     0 NOTYPE  GLOBAL DEFAULT  UND drm_crtc_vblank_get
   598: 00000000     0 NOTYPE  GLOBAL DEFAULT  UND drm_gem_object_lookup
   599: 00000000     0 NOTYPE  GLOBAL DEFAULT  UND drm_crtc_send_vblank_event
   600: 00000000     0 NOTYPE  GLOBAL DEFAULT  UND drm_connector_attach_encoder
   601: 0001e7d0   237 FUNC    GLOBAL DEFAULT    1 sgx535_gma500_fixed_ioctl
   602: 00000000     0 NOTYPE  GLOBAL DEFAULT  UND pci_read_config_dword
   603: 00000000     0 NOTYPE  GLOBAL DEFAULT  UND set_pages_wb
   604: 00000000     0 NOTYPE  GLOBAL DEFAULT  UND wait_for_completion_interruptible_timeout
   605: 00000000     0 NOTYPE  GLOBAL DEFAULT  UND __pm_runtime_set_status
   606: 00000000     0 NOTYPE  GLOBAL DEFAULT  UND drm_mode_debug_printmodeline
   607: 00000000     0 NOTYPE  GLOBAL DEFAULT  UND __x86_indirect_thunk_ecx
   608: 00000000     0 NOTYPE  GLOBAL DEFAULT  UND drm_crtc_helper_set_mode
   609: 00000000     0 NOTYPE  GLOBAL DEFAULT  UND drm_irq_uninstall
   610: 00001960   211 FUNC    GLOBAL DEFAULT    1 psb_gtt_alloc_range
   611: 00019110   508 FUNC    GLOBAL DEFAULT    1 sgx535_gma500_owner_flush_user_images
   612: 00000000     0 NOTYPE  GLOBAL DEFAULT  UND drm_fb_helper_blank
   613: 00000000     0 NOTYPE  GLOBAL DEFAULT  UND drm_object_property_get_value
   614: 00000000     0 NOTYPE  GLOBAL DEFAULT  UND drm_gem_private_object_init
   615: 00000000     0 NOTYPE  GLOBAL DEFAULT  UND drm_fb_helper_check_var
   616: 00000000     0 NOTYPE  GLOBAL DEFAULT  UND __stack_chk_fail
   617: 00006670    20 FUNC    GLOBAL DEFAULT    1 gma_crtc_commit
   618: 00000000     0 NOTYPE  GLOBAL DEFAULT  UND vmalloc_user
   619: 00000000     0 NOTYPE  GLOBAL DEFAULT  UND refcount_warn_saturate
   620: 00002000    12 OBJECT  GLOBAL DEFAULT   15 mrst_clock_funcs
   621: 00000000     0 NOTYPE  GLOBAL DEFAULT  UND drm_framebuffer_unregister_private
   622: 00000000     0 NOTYPE  GLOBAL DEFAULT  UND register_acpi_notifier
   623: 000066d0    36 FUNC    GLOBAL DEFAULT    1 gma_crtc_destroy
   624: 00011560   412 FUNC    GLOBAL DEFAULT    1 cdv_hdmi_init
   625: 00000000     0 NOTYPE  GLOBAL DEFAULT  UND drm_mode_create_scaling_mode_property
   626: 00000000     0 NOTYPE  GLOBAL DEFAULT  UND usleep_range
   627: 00000000     0 NOTYPE  GLOBAL DEFAULT  UND i2c_add_numbered_adapter
   628: 00000000     0 NOTYPE  GLOBAL DEFAULT  UND drm_clflush_pages
   629: 00000000     0 NOTYPE  GLOBAL DEFAULT  UND set_pages_array_wb
   630: 00005080    10 FUNC    GLOBAL DEFAULT    1 psb_runtime_suspend
   631: 000000d0   716 FUNC    GLOBAL DEFAULT    1 psbfb_copyarea
   632: 00017740  1803 FUNC    GLOBAL DEFAULT    1 oaktrail_crtc_hdmi_mode_set
   633: 00006cb0    17 FUNC    GLOBAL DEFAULT    1 gma_encoder_commit
   634: 00000000     0 NOTYPE  GLOBAL DEFAULT  UND __free_pages
   635: 00000000     0 NOTYPE  GLOBAL DEFAULT  UND drm_gem_mmap
   636: 00000000     0 NOTYPE  GLOBAL DEFAULT  UND _dev_info
   637: 00000000     0 NOTYPE  GLOBAL DEFAULT  UND drm_fb_helper_output_poll_changed
   638: 00000000     0 NOTYPE  GLOBAL DEFAULT  UND drm_ioctl
   639: 00003b30   154 FUNC    GLOBAL DEFAULT    1 psb_mmu_flush
   640: 000005f0    26 FUNC    GLOBAL DEFAULT    1 gma_backlight_init
   641: 00000000     0 NOTYPE  GLOBAL DEFAULT  UND drm_mode_set_crtcinfo
   642: 00000000     0 NOTYPE  GLOBAL DEFAULT  UND i2c_del_adapter
   643: 0000d610   337 FUNC    GLOBAL DEFAULT    1 psb_enable_vblank
   644: 0001c720    36 FUNC    GLOBAL DEFAULT    1 sgx535_frozen_bootstrap_ready
   645: 0001d3d0   207 FUNC    GLOBAL DEFAULT    1 sgx535_fixed_service_retire
   646: 00000000     0 NOTYPE  GLOBAL DEFAULT  UND module_put
   647: 00001ea0   120 OBJECT  GLOBAL DEFAULT   15 oaktrail_chip_ops
   648: 00000000     0 NOTYPE  GLOBAL DEFAULT  UND drm_helper_crtc_in_use
   649: 00003890     4 OBJECT  GLOBAL DEFAULT   15 sgx535_gma500_fixed_backend_status_source
   650: 00006cd0    23 FUNC    GLOBAL DEFAULT    1 gma_encoder_destroy
   651: 000037b0   118 FUNC    GLOBAL DEFAULT    1 gma_intel_teardown_gmbus
   652: 00000000     0 NOTYPE  GLOBAL DEFAULT  UND drm_gem_object_free
   653: 00000000     0 NOTYPE  GLOBAL DEFAULT  UND drm_gem_vm_close
   654: 000011a0   287 FUNC    GLOBAL DEFAULT    1 psb_gem_create
   655: 0001c6a0   122 FUNC    GLOBAL DEFAULT    1 sgx535_frozen_bootstrap_observe
   656: 00000000     0 NOTYPE  GLOBAL DEFAULT  UND drm_gem_vm_open
   657: 00000000     0 NOTYPE  GLOBAL DEFAULT  UND drm_fb_helper_prepare
   658: 000004d0    89 FUNC    GLOBAL DEFAULT    1 gma_backlight_enable
   659: 00000000     0 NOTYPE  GLOBAL DEFAULT  UND drm_connector_init
   660: 00000000     0 NOTYPE  GLOBAL DEFAULT  UND pci_enable_msi
   661: 00000000     0 NOTYPE  GLOBAL DEFAULT  UND down_write
   662: 00000000     0 NOTYPE  GLOBAL DEFAULT  UND _dev_err
   663: 00000000     0 NOTYPE  GLOBAL DEFAULT  UND up_write
   664: 00000000     0 NOTYPE  GLOBAL DEFAULT  UND __x86_indirect_thunk_edi
   665: 0000c780    15 FUNC    GLOBAL DEFAULT    1 psb_lid_timer_takedown
   666: 0001aa10    96 FUNC    GLOBAL DEFAULT    1 sgx535_frozen_rev121_init_writes
   667: 000184c0   675 FUNC    GLOBAL DEFAULT    1 oaktrail_hdmi_save
   668: 000050e0    12 FUNC    GLOBAL DEFAULT    1 gma_power_restore
   669: 000007e0    60 OBJECT  GLOBAL DEFAULT   15 psb_intel_lvds_connector_funcs
   670: 00002020    64 OBJECT  GLOBAL DEFAULT   15 oaktrail_helper_funcs
   671: 00000000     0 NOTYPE  GLOBAL DEFAULT  UND request_threaded_irq
   672: 0001e510   127 FUNC    GLOBAL DEFAULT    1 sgx535_gma500_fixed_backend_end
   673: 00019310   406 FUNC    GLOBAL DEFAULT    1 sgx535_gma500_owner_capture_color
   674: 00000000     0 NOTYPE  GLOBAL DEFAULT  UND add_timer
   675: 0000be30  1901 FUNC    GLOBAL DEFAULT    1 psb_intel_sdvo_init
   676: 00000000     0 NOTYPE  GLOBAL DEFAULT  UND drm_property_add_enum
   677: 00000000     0 NOTYPE  GLOBAL DEFAULT  UND drm_add_edid_modes
   678: 0000c9d0   153 FUNC    GLOBAL DEFAULT    1 psb_disable_pipestat
   679: 00005d10    12 FUNC    GLOBAL DEFAULT    1 gma_crtc_gamma_set
   680: 000086a0   287 FUNC    GLOBAL DEFAULT    1 psb_intel_lvds_set_brightness
   681: 00000000     0 NOTYPE  GLOBAL DEFAULT  UND drm_read
   682: 000042b0    58 FUNC    GLOBAL DEFAULT    1 psb_get_default_pd_addr
   683: 00000000     0 NOTYPE  GLOBAL DEFAULT  UND drm_gem_object_release
   684: 00000000     0 NOTYPE  GLOBAL DEFAULT  UND pci_get_domain_bus_and_slot
   685: 00000000     0 NOTYPE  GLOBAL DEFAULT  UND kunmap_high
   686: 00000000     0 NOTYPE  GLOBAL DEFAULT  UND mem_section
   687: 00002e20    33 FUNC    GLOBAL DEFAULT    1 psb_intel_i2c_destroy
   688: 00000000     0 NOTYPE  GLOBAL DEFAULT  UND mutex_lock
   689: 000012c0    72 FUNC    GLOBAL DEFAULT    1 psb_gem_dumb_create
   690: 0001b3f0  1022 FUNC    GLOBAL DEFAULT    1 sgx535_frozen_raster_fire_plan
   691: 00000000     0 NOTYPE  GLOBAL DEFAULT  UND pci_read_config_word
   692: 000046c0   318 FUNC    GLOBAL DEFAULT    1 psb_mmu_insert_pfn_sequence
   693: 00000000     0 NOTYPE  GLOBAL DEFAULT  UND strncpy
   694: 00000000     0 NOTYPE  GLOBAL DEFAULT  UND _cond_resched
   695: 0001c620    38 FUNC    GLOBAL DEFAULT    1 sgx535_frozen_session_timeout
   696: 0001a2d0   110 FUNC    GLOBAL DEFAULT    1 sgx535_frozen_validate_relocations
   697: 0001bbb0   277 FUNC    GLOBAL DEFAULT    1 sgx535_frozen_extract_commands
   698: 00000000     0 NOTYPE  GLOBAL DEFAULT  UND drm_crtc_vblank_on
   699: 0000e7e0   375 FUNC    GLOBAL DEFAULT    1 psb_intel_opregion_setup
   700: 00000000     0 NOTYPE  GLOBAL DEFAULT  UND pci_map_rom
   701: 00007cf0   137 FUNC    GLOBAL DEFAULT    1 gma_connector_clones
   702: 00000000     0 NOTYPE  GLOBAL DEFAULT  UND vmap
   703: 00000000     0 NOTYPE  GLOBAL DEFAULT  UND drm_gem_handle_create
   704: 00000000     0 NOTYPE  GLOBAL DEFAULT  UND ioremap
   705: 00004800   502 FUNC    GLOBAL DEFAULT    1 psb_mmu_insert_pages
   706: 00006590   186 FUNC    GLOBAL DEFAULT    1 gma_crtc_cursor_move
   707: 00000000     0 NOTYPE  GLOBAL DEFAULT  UND unregister_acpi_notifier
   708: 0000d1d0   285 FUNC    GLOBAL DEFAULT    1 psb_irq_turn_on_dpst
   709: 00000000     0 NOTYPE  GLOBAL DEFAULT  UND memcmp
   710: 0000ca70  1014 FUNC    GLOBAL DEFAULT    1 psb_irq_handler
   711: 00000000     0 NOTYPE  GLOBAL DEFAULT  UND drm_mode_duplicate
   712: 00000000     0 NOTYPE  GLOBAL DEFAULT  UND drm_object_attach_property
   713: 00000000     0 NOTYPE  GLOBAL DEFAULT  UND printk
   714: 00000000     0 NOTYPE  GLOBAL DEFAULT  UND __x86_indirect_thunk_esi
   715: 00000000     0 NOTYPE  GLOBAL DEFAULT  UND drm_helper_mode_fill_fb_struct
   716: 00000000     0 NOTYPE  GLOBAL DEFAULT  UND __mutex_init
   717: 00000000     0 NOTYPE  GLOBAL DEFAULT  UND drm_crtc_vblank_put
   718: 00000000     0 NOTYPE  GLOBAL DEFAULT  UND kmap_atomic_high_prot
   719: 00005bf0   282 FUNC    GLOBAL DEFAULT    1 gma_crtc_load_lut
   720: 00000000     0 NOTYPE  GLOBAL DEFAULT  UND drm_mode_set_name
   721: 00000000     0 NOTYPE  GLOBAL DEFAULT  UND current_task
   722: 00000000     0 NOTYPE  GLOBAL DEFAULT  UND _raw_spin_unlock_irqrestore
   723: 000059f0   499 FUNC    GLOBAL DEFAULT    1 gma_pipe_set_base
   724: 0001a340   670 FUNC    GLOBAL DEFAULT    1 sgx535_frozen_plan_use_bases
   725: 00006cf0     7 FUNC    GLOBAL DEFAULT    1 gma_best_encoder
   726: 00001310   177 FUNC    GLOBAL DEFAULT    1 psb_gem_fault
   727: 00000000     0 NOTYPE  GLOBAL DEFAULT  UND drm_dev_unregister
   728: 00000000     0 NOTYPE  GLOBAL DEFAULT  UND pci_restore_state
   729: 00006d00    16 FUNC    GLOBAL DEFAULT    1 gma_connector_attach_encoder
   730: 00000000     0 NOTYPE  GLOBAL DEFAULT  UND __default_kernel_pte_mask
   731: 000050c0    12 FUNC    GLOBAL DEFAULT    1 gma_power_thaw
   732: 00000000     0 NOTYPE  GLOBAL DEFAULT  UND drm_fb_helper_cfb_copyarea
   733: 0000d900   188 FUNC    GLOBAL DEFAULT    1 psb_get_vblank_counter
   734: 00010af0   161 FUNC    GLOBAL DEFAULT    1 cdv_disable_sr
   735: 00000000     0 NOTYPE  GLOBAL DEFAULT  UND drm_irq_install
   736: 00017e50  1099 FUNC    GLOBAL DEFAULT    1 oaktrail_crtc_hdmi_dpms
   737: 0001d4e0   375 FUNC    GLOBAL DEFAULT    1 sgx535_fixed_service_run_once
   738: 00000000     0 NOTYPE  GLOBAL DEFAULT  UND memset
   739: 00000000     0 NOTYPE  GLOBAL DEFAULT  UND _dev_warn
   740: 000010b0   175 FUNC    GLOBAL DEFAULT    1 psb_modeset_cleanup
   741: 00000000     0 NOTYPE  GLOBAL DEFAULT  UND drm_dev_put
   742: 00000000     0 NOTYPE  GLOBAL DEFAULT  UND drm_helper_connector_dpms
   743: 00000000     0 NOTYPE  GLOBAL DEFAULT  UND drm_connector_update_edid_property
   744: 00000000     0 NOTYPE  GLOBAL DEFAULT  UND pci_set_master
   745: 000182a0   179 FUNC    GLOBAL DEFAULT    1 oaktrail_hdmi_init
   746: 00000000     0 NOTYPE  GLOBAL DEFAULT  UND drm_handle_vblank
   747: 00000de0   130 FUNC    GLOBAL DEFAULT    1 psb_fbdev_init
   748: 00006890   406 FUNC    GLOBAL DEFAULT    1 gma_crtc_save
   749: 00000000     0 NOTYPE  GLOBAL DEFAULT  UND drm_fb_helper_pan_display
   750: 00004a00   263 FUNC    GLOBAL DEFAULT    1 psb_mmu_virtual_to_pfn
   751: 00000680    12 OBJECT  GLOBAL DEFAULT   15 psb_clock_funcs
   752: 00018e60    48 FUNC    GLOBAL DEFAULT    1 oaktrail_hdmi_i2c_exit
   753: 0001a150   135 FUNC    GLOBAL DEFAULT    1 sgx535_frozen_validate_bos
   754: 00000000     0 NOTYPE  GLOBAL DEFAULT  UND drm_fb_helper_unregister_fbi
   755: 00006700   289 FUNC    GLOBAL DEFAULT    1 gma_crtc_page_flip
   756: 0001d150   608 FUNC    GLOBAL DEFAULT    1 sgx535_fixed_service_status
   757: 00000000     0 NOTYPE  GLOBAL DEFAULT  UND down_read
   758: 00000000     0 NOTYPE  GLOBAL DEFAULT  UND strcmp
   759: 00006da0   580 FUNC    GLOBAL DEFAULT    1 gma_find_best_pll
   760: 00000000     0 NOTYPE  GLOBAL DEFAULT  UND i2c_add_adapter
   761: 00000000     0 NOTYPE  GLOBAL DEFAULT  UND drm_get_format_info
   762: 00000000     0 NOTYPE  GLOBAL DEFAULT  UND drm_connector_cleanup
   763: 00000000     0 NOTYPE  GLOBAL DEFAULT  UND jiffies
   764: 00002050  2935 FUNC    GLOBAL DEFAULT    1 psb_intel_init_bios
   765: 00000000     0 NOTYPE  GLOBAL DEFAULT  UND acpi_video_register
   766: 00000000     0 NOTYPE  GLOBAL DEFAULT  UND drm_detect_monitor_audio
   767: 0000f760   117 FUNC    GLOBAL DEFAULT    1 cdv_intel_attach_broadcast_rgb_property
   768: 00000000     0 NOTYPE  GLOBAL DEFAULT  UND pv_ops
   769: 00000000     0 NOTYPE  GLOBAL DEFAULT  UND allocate_resource
   770: 00000000     0 NOTYPE  GLOBAL DEFAULT  UND __alloc_pages_nodemask
   771: 0000fa90   207 FUNC    GLOBAL DEFAULT    1 cdv_intel_crt_init
   772: 00008350   253 FUNC    GLOBAL DEFAULT    1 psb_intel_lvds_mode_fixup
   773: 0000d430   151 FUNC    GLOBAL DEFAULT    1 psb_irq_disable_dpst
   774: 0000c930   153 FUNC    GLOBAL DEFAULT    1 psb_enable_pipestat
   775: 00000590    93 FUNC    GLOBAL DEFAULT    1 gma_backlight_set
   776: 00000000     0 NOTYPE  GLOBAL DEFAULT  UND __drm_dbg
   777: 00017030   990 FUNC    GLOBAL DEFAULT    1 oaktrail_lvds_init
   778: 00000000     0 NOTYPE  GLOBAL DEFAULT  UND __preempt_count
   779: 00000000     0 NOTYPE  GLOBAL DEFAULT  UND pm_runtime_forbid
   780: 00000000     0 NOTYPE  GLOBAL DEFAULT  UND drm_object_property_set_value
   781: 00000000     0 NOTYPE  GLOBAL DEFAULT  UND drm_encoder_init
   782: 00000000     0 NOTYPE  GLOBAL DEFAULT  UND set_pages_array_wc
   783: 0001e410    17 FUNC    GLOBAL DEFAULT    1 sgx535_gma500_fixed_irq_unlock
   784: 00000000     0 NOTYPE  GLOBAL DEFAULT  UND drm_simple_encoder_init
   785: 00000000     0 NOTYPE  GLOBAL DEFAULT  UND drm_vblank_init
   786: 0001c3f0    54 FUNC    GLOBAL DEFAULT    1 sgx535_frozen_session_begin_raster
   787: 00000000     0 NOTYPE  GLOBAL DEFAULT  UND vfree
   788: 00000000     0 NOTYPE  GLOBAL DEFAULT  UND pm_runtime_allow
   789: 00000000     0 NOTYPE  GLOBAL DEFAULT  UND __pm_runtime_resume
   790: 0001a840   459 FUNC    GLOBAL DEFAULT    1 sgx535_frozen_ta_cookie
   791: 00001980    12 OBJECT  GLOBAL DEFAULT   15 cdv_clock_funcs
   792: 00000000     0 NOTYPE  GLOBAL DEFAULT  UND mutex_unlock
   793: 00000000     0 NOTYPE  GLOBAL DEFAULT  UND init_timer_key
   794: 0000fd50   261 FUNC    GLOBAL DEFAULT    1 cdv_sb_read
   795: 00000000     0 NOTYPE  GLOBAL DEFAULT  UND __const_udelay
   796: 0000f6d0   135 FUNC    GLOBAL DEFAULT    1 cdv_intel_attach_force_audio_property
   797: 00000000     0 NOTYPE  GLOBAL DEFAULT  UND pci_write_config_byte
   798: 00000000     0 NOTYPE  GLOBAL DEFAULT  UND drm_gem_free_mmap_offset
   799: 0000c710   102 FUNC    GLOBAL DEFAULT    1 psb_lid_timer_init
   800: 00000000     0 NOTYPE  GLOBAL DEFAULT  UND kmemdup
   801: 00010ba0   607 FUNC    GLOBAL DEFAULT    1 cdv_update_wm
   802: 00000000     0 NOTYPE  GLOBAL DEFAULT  UND cancel_work_sync
   803: 00010e00   907 FUNC    GLOBAL DEFAULT    1 cdv_intel_crtc_mode_get
   804: 00000000     0 NOTYPE  GLOBAL DEFAULT  UND drm_crtc_vblank_off
   805: 00000000     0 NOTYPE  GLOBAL DEFAULT  UND drm_helper_probe_single_connector_modes
   806: 000035a0    27 FUNC    GLOBAL DEFAULT    1 gma_intel_i2c_reset
   807: 0001e200    50 FUNC    GLOBAL DEFAULT    1 sgx535_gma500_fixed_irq_capture_locked
   808: 00001530   316 FUNC    GLOBAL DEFAULT    1 psb_gtt_roll
   809: 0001e1f0    15 FUNC    GLOBAL DEFAULT    1 sgx535_gma500_fixed_irq_lock
   810: 00005030    76 FUNC    GLOBAL DEFAULT    1 gma_power_end
   811: 00001790   461 FUNC    GLOBAL DEFAULT    1 psb_gtt_unpin
   812: 00006d10   138 FUNC    GLOBAL DEFAULT    1 gma_pll_is_valid
   813: 00000000     0 NOTYPE  GLOBAL DEFAULT  UND backlight_device_register
   814: 00014290  1316 FUNC    GLOBAL DEFAULT    1 cdv_intel_dp_init
   815: 00000000     0 NOTYPE  GLOBAL DEFAULT  UND drm_fb_helper_debug_leave
   816: 00000000     0 NOTYPE  GLOBAL DEFAULT  UND i2c_transfer
   817: 00000e70   567 FUNC    GLOBAL DEFAULT    1 psb_modeset_init
   818: 00000000     0 NOTYPE  GLOBAL DEFAULT  UND drm_property_create_range
   819: 00000000     0 NOTYPE  GLOBAL DEFAULT  UND pci_disable_device
   820: 0000e700    65 FUNC    GLOBAL DEFAULT    1 psb_intel_opregion_init
   821: 0000fe60   394 FUNC    GLOBAL DEFAULT    1 cdv_sb_write
   822: 00003730    21 FUNC    GLOBAL DEFAULT    1 gma_intel_gmbus_set_speed
   823: 00000000     0 NOTYPE  GLOBAL DEFAULT  UND boot_cpu_data
   824: 0001d660   378 FUNC    GLOBAL DEFAULT    1 sgx535_fixed_run_actions
   825: 0001c780   516 FUNC    GLOBAL DEFAULT    1 sgx535_fixed_service_bind
   826: 00000000     0 NOTYPE  GLOBAL DEFAULT  UND drm_mode_destroy
   827: 00000000     0 NOTYPE  GLOBAL DEFAULT  UND __x86_indirect_thunk_ebx
   828: 00000000     0 NOTYPE  GLOBAL DEFAULT  UND dev_printk
   829: 0001c3b0    62 FUNC    GLOBAL DEFAULT    1 sgx535_frozen_session_enter_fire
   830: 0001c1e0   263 FUNC    GLOBAL DEFAULT    1 sgx535_frozen_session_begin
   831: 0000d770   216 FUNC    GLOBAL DEFAULT    1 mdfld_disable_te
   832: 00000000     0 NOTYPE  GLOBAL DEFAULT  UND drm_gem_fb_create_handle
   833: 0001a1e0   235 FUNC    GLOBAL DEFAULT    1 sgx535_frozen_validate_publication_pages
   834: 000042f0    52 FUNC    GLOBAL DEFAULT    1 psb_mmu_driver_takedown
   835: 00000000     0 NOTYPE  GLOBAL DEFAULT  UND drm_crtc_from_index
   836: 00000000     0 NOTYPE  GLOBAL DEFAULT  UND drm_mode_config_reset
   837: 00018ce0   375 FUNC    GLOBAL DEFAULT    1 oaktrail_hdmi_i2c_init
   838: 00000000     0 NOTYPE  GLOBAL DEFAULT  UND vmf_insert_mixed
   839: 000194b0  1931 FUNC    GLOBAL DEFAULT    1 sgx535_gma500_owner_construct
   840: 00000000     0 NOTYPE  GLOBAL DEFAULT  UND drm_mode_config_cleanup
   841: 00018480    63 FUNC    GLOBAL DEFAULT    1 oaktrail_hdmi_teardown
   842: 00000000     0 NOTYPE  GLOBAL DEFAULT  UND pci_unmap_rom
   843: 00000000     0 NOTYPE  GLOBAL DEFAULT  UND page_address
   844: 00000000     0 NOTYPE  GLOBAL DEFAULT  UND cachemode2protval
   845: 00001670   281 FUNC    GLOBAL DEFAULT    1 psb_gtt_pin
   846: 00004290    28 FUNC    GLOBAL DEFAULT    1 psb_mmu_get_default_pd
   847: 00003750    95 FUNC    GLOBAL DEFAULT    1 gma_intel_gmbus_force_bit
   848: 00000000     0 NOTYPE  GLOBAL DEFAULT  UND pci_read_config_byte
   849: 00001190     6 FUNC    GLOBAL DEFAULT    1 psb_gem_get_aperture
   850: 00000000     0 NOTYPE  GLOBAL DEFAULT  UND release_resource
   851: 00011d40   829 FUNC    GLOBAL DEFAULT    1 cdv_intel_lvds_init
   852: 00007d80    96 FUNC    GLOBAL DEFAULT    1 psb_intel_lvds_mode_valid
   853: 00004540   380 FUNC    GLOBAL DEFAULT    1 psb_mmu_remove_pages
   854: 00002bd0    45 FUNC    GLOBAL DEFAULT    1 psb_intel_destroy_bios
   855: 00000000     0 NOTYPE  GLOBAL DEFAULT  UND drm_fb_helper_initial_config
   856: 0001bac0   233 FUNC    GLOBAL DEFAULT    1 sgx535_frozen_summarize_color
   857: 00000000     0 NOTYPE  GLOBAL DEFAULT  UND drm_dev_alloc
   858: 0000e750   130 FUNC    GLOBAL DEFAULT    1 psb_intel_opregion_fini
   859: 0000e670    49 FUNC    GLOBAL DEFAULT    1 psb_intel_opregion_asle_intr
   860: 00000000     0 NOTYPE  GLOBAL DEFAULT  UND ioremap_wc
   861: 0000e180   988 FUNC    GLOBAL DEFAULT    1 mid_chip_setup
   862: 00000000     0 NOTYPE  GLOBAL DEFAULT  UND __pm_runtime_disable
   863: 00000000     0 NOTYPE  GLOBAL DEFAULT  UND drm_fb_helper_cfb_fillrect
   864: 00000000     0 NOTYPE  GLOBAL DEFAULT  UND pci_write_config_word
   865: 00018ea0   617 FUNC    GLOBAL DEFAULT    1 sgx535_gma500_owner_release
   866: 0000d390   146 FUNC    GLOBAL DEFAULT    1 psb_irq_turn_off_dpst
   867: 00000000     0 NOTYPE  GLOBAL DEFAULT  UND drm_get_edid
   868: 00000000     0 NOTYPE  GLOBAL DEFAULT  UND drm_gem_put_pages
   869: 00000000     0 NOTYPE  GLOBAL DEFAULT  UND drm_helper_resume_force_mode
   870: 00000000     0 NOTYPE  GLOBAL DEFAULT  UND up_read
   871: 00004330   267 FUNC    GLOBAL DEFAULT    1 psb_mmu_driver_init
   872: 00000000     0 NOTYPE  GLOBAL DEFAULT  UND drm_dev_register
   873: 00000000     0 NOTYPE  GLOBAL DEFAULT  UND drm_crtc_helper_set_config
   874: 000140f0   413 FUNC    GLOBAL DEFAULT    1 cdv_intel_dp_set_m_n
   875: 00000000     0 NOTYPE  GLOBAL DEFAULT  UND __pm_runtime_idle
   876: 00000000     0 NOTYPE  GLOBAL DEFAULT  UND msleep
   877: 00000000     0 NOTYPE  GLOBAL DEFAULT  UND __kmalloc
   878: 00000000     0 NOTYPE  GLOBAL DEFAULT  UND pci_write_config_dword
   879: 00004b10   199 FUNC    GLOBAL DEFAULT    1 gma_blt_wait_idle
   880: 00000000     0 NOTYPE  GLOBAL DEFAULT  UND kmalloc_caches
   881: 00000000     0 NOTYPE  GLOBAL DEFAULT  UND drm_fb_helper_ioctl
   882: 00008a40   106 FUNC    GLOBAL DEFAULT    1 psb_intel_ddc_probe
   883: 00000530    89 FUNC    GLOBAL DEFAULT    1 gma_backlight_disable
   884: 00000000     0 NOTYPE  GLOBAL DEFAULT  UND drm_fb_helper_set_par
   885: 0001b920   414 FUNC    GLOBAL DEFAULT    1 sgx535_frozen_raster_schedule_plan
   886: 00000000     0 NOTYPE  GLOBAL DEFAULT  UND drm_release
   887: 00000000     0 NOTYPE  GLOBAL DEFAULT  UND system_wq
   888: 0001c670    38 FUNC    GLOBAL DEFAULT    1 sgx535_frozen_bootstrap_begin
   889: 0000d850   174 FUNC    GLOBAL DEFAULT    1 psb_disable_vblank
   890: 0001a110    54 FUNC    GLOBAL DEFAULT    1 sgx535_frozen_get_requirement
