FFF.F
======================================================================
FAIL: test_active_irq_quiesces_vblank_before_driver_resources_are_freed (test_frozen_irq_lifecycle.IRQLifecycleTests.test_active_irq_quiesces_vblank_before_driver_resources_are_freed)
----------------------------------------------------------------------
Traceback (most recent call last):
  File "/home/gama/sgx535-gfx/tools/psb-dri-re/test_frozen_irq_lifecycle.py", line 75, in test_active_irq_quiesces_vblank_before_driver_resources_are_freed
    self.run_case(0)
    ~~~~~~~~~~~~~^^^
  File "/home/gama/sgx535-gfx/tools/psb-dri-re/test_frozen_irq_lifecycle.py", line 72, in run_case
    self.assertEqual(run.returncode, 0, run.stderr)
    ~~~~~~~~~~~~~~~~^^^^^^^^^^^^^^^^^^^^^^^^^^^^^^^
AssertionError: -6 != 0 : lifecycle-test: /home/gama/sgx535-gfx/tools/psb-dri-re/test_frozen_irq_lifecycle.c:50: psb_modeset_cleanup: Assertion `!dev->irq_enabled' failed.


======================================================================
FAIL: test_install_error_returns_before_modeset_and_uses_existing_cleanup (test_frozen_irq_lifecycle.IRQLifecycleTests.test_install_error_returns_before_modeset_and_uses_existing_cleanup)
----------------------------------------------------------------------
Traceback (most recent call last):
  File "/home/gama/sgx535-gfx/tools/psb-dri-re/test_frozen_irq_lifecycle.py", line 85, in test_install_error_returns_before_modeset_and_uses_existing_cleanup
    self.run_case(4)
    ~~~~~~~~~~~~~^^^
  File "/home/gama/sgx535-gfx/tools/psb-dri-re/test_frozen_irq_lifecycle.py", line 72, in run_case
    self.assertEqual(run.returncode, 0, run.stderr)
    ~~~~~~~~~~~~~~~~^^^^^^^^^^^^^^^^^^^^^^^^^^^^^^^
AssertionError: -6 != 0 : lifecycle-test: /home/gama/sgx535-gfx/tools/psb-dri-re/test_frozen_irq_lifecycle.c:102: main: Assertion `ret == install_error' failed.


======================================================================
FAIL: test_late_probe_error_unwinds_registered_irq_and_private_state (test_frozen_irq_lifecycle.IRQLifecycleTests.test_late_probe_error_unwinds_registered_irq_and_private_state)
----------------------------------------------------------------------
Traceback (most recent call last):
  File "/home/gama/sgx535-gfx/tools/psb-dri-re/test_frozen_irq_lifecycle.py", line 89, in test_late_probe_error_unwinds_registered_irq_and_private_state
    self.run_case(6)
    ~~~~~~~~~~~~~^^^
  File "/home/gama/sgx535-gfx/tools/psb-dri-re/test_frozen_irq_lifecycle.py", line 72, in run_case
    self.assertEqual(run.returncode, 0, run.stderr)
    ~~~~~~~~~~~~~~~~^^^^^^^^^^^^^^^^^^^^^^^^^^^^^^^
AssertionError: -6 != 0 : lifecycle-test: /home/gama/sgx535-gfx/tools/psb-dri-re/test_frozen_irq_lifecycle.c:94: main: Assertion `!dev.dev_private && !dev.irq_enabled && irq_calls == 1' failed.


======================================================================
FAIL: test_registered_irq_before_modeset_is_released_without_crtc_iteration (test_frozen_irq_lifecycle.IRQLifecycleTests.test_registered_irq_before_modeset_is_released_without_crtc_iteration)
----------------------------------------------------------------------
Traceback (most recent call last):
  File "/home/gama/sgx535-gfx/tools/psb-dri-re/test_frozen_irq_lifecycle.py", line 82, in test_registered_irq_before_modeset_is_released_without_crtc_iteration
    self.run_case(2)
    ~~~~~~~~~~~~~^^^
  File "/home/gama/sgx535-gfx/tools/psb-dri-re/test_frozen_irq_lifecycle.py", line 72, in run_case
    self.assertEqual(run.returncode, 0, run.stderr)
    ~~~~~~~~~~~~~~~~^^^^^^^^^^^^^^^^^^^^^^^^^^^^^^^
AssertionError: -6 != 0 : lifecycle-test: /home/gama/sgx535-gfx/tools/psb-dri-re/test_frozen_irq_lifecycle.c:50: psb_modeset_cleanup: Assertion `!dev->irq_enabled' failed.


----------------------------------------------------------------------
Ran 5 tests in 0.656s

FAILED (failures=4)
