{
  "build_table_sha256": "faab2fae02fec696f2901790feba0e81776a0b66e74e14bbce0c72c570039dca",
  "build_table_symbol_count": 23920,
  "candidate_imports_verified": false,
  "classification": "REJECT",
  "mismatched_count": 154,
  "mismatches": {
    "__alloc_pages_nodemask": {
      "build_table": "0xfb95539a",
      "reference": "0x52e9067c"
    },
    "__free_pages": {
      "build_table": "0x91176bb3",
      "reference": "0x2895a056"
    },
    "__pci_register_driver": {
      "build_table": "0x4630e387",
      "reference": "0xa1a6e8ab"
    },
    "__pm_runtime_disable": {
      "build_table": "0x7e434ac1",
      "reference": "0xc9138c21"
    },
    "__pm_runtime_idle": {
      "build_table": "0x41159394",
      "reference": "0x58d7fa5d"
    },
    "__pm_runtime_resume": {
      "build_table": "0xfa6551ed",
      "reference": "0x4f90a027"
    },
    "__pm_runtime_set_status": {
      "build_table": "0xc4dac443",
      "reference": "0xd537b3f0"
    },
    "_dev_err": {
      "build_table": "0x3b73b2f8",
      "reference": "0x9be7888f"
    },
    "_dev_info": {
      "build_table": "0x59a2c442",
      "reference": "0xba69684f"
    },
    "_dev_warn": {
      "build_table": "0xe0eef788",
      "reference": "0xd47569d1"
    },
    "backlight_device_register": {
      "build_table": "0x8996100d",
      "reference": "0x19022d0b"
    },
    "backlight_device_unregister": {
      "build_table": "0xc0af53d9",
      "reference": "0x889d791d"
    },
    "current_task": {
      "build_table": "0xf69073fc",
      "reference": "0x923b481f"
    },
    "dev_printk": {
      "build_table": "0xcb147e11",
      "reference": "0x6690650b"
    },
    "drm_add_edid_modes": {
      "build_table": "0x08749094",
      "reference": "0x9d14529a"
    },
    "drm_clflush_pages": {
      "build_table": "0xceb9549d",
      "reference": "0xf4f138ec"
    },
    "drm_connector_attach_encoder": {
      "build_table": "0x2afd5eeb",
      "reference": "0xff1c350f"
    },
    "drm_connector_cleanup": {
      "build_table": "0x858bdd00",
      "reference": "0x5bf0801c"
    },
    "drm_connector_init": {
      "build_table": "0x12b0a306",
      "reference": "0x8c3e6025"
    },
    "drm_connector_register": {
      "build_table": "0x7f70cea3",
      "reference": "0x5f2f6153"
    },
    "drm_connector_unregister": {
      "build_table": "0x6b387114",
      "reference": "0xa9467613"
    },
    "drm_connector_update_edid_property": {
      "build_table": "0x1b9a5879",
      "reference": "0x0e1f2734"
    },
    "drm_crtc_cleanup": {
      "build_table": "0xe8bd5d28",
      "reference": "0x5e7f6596"
    },
    "drm_crtc_from_index": {
      "build_table": "0x4368f3cc",
      "reference": "0x07316d65"
    },
    "drm_crtc_helper_set_config": {
      "build_table": "0x4f9901a6",
      "reference": "0x3fd8d82b"
    },
    "drm_crtc_helper_set_mode": {
      "build_table": "0x67461dec",
      "reference": "0xb1b639cb"
    },
    "drm_crtc_init": {
      "build_table": "0x2d6a8bc8",
      "reference": "0x4ef1a388"
    },
    "drm_crtc_send_vblank_event": {
      "build_table": "0xf2c3ddde",
      "reference": "0xe7e5616d"
    },
    "drm_crtc_vblank_get": {
      "build_table": "0x07cdd1ec",
      "reference": "0xad9584c4"
    },
    "drm_crtc_vblank_off": {
      "build_table": "0xac68f77e",
      "reference": "0x0525cb92"
    },
    "drm_crtc_vblank_on": {
      "build_table": "0x9fc58800",
      "reference": "0x19169def"
    },
    "drm_crtc_vblank_put": {
      "build_table": "0x687fcdb7",
      "reference": "0x4a3f6744"
    },
    "drm_dev_alloc": {
      "build_table": "0xdf97e01a",
      "reference": "0xd864de8a"
    },
    "drm_dev_put": {
      "build_table": "0xe5341f76",
      "reference": "0x9d661f7d"
    },
    "drm_dev_register": {
      "build_table": "0xc18f35cf",
      "reference": "0xa30ad871"
    },
    "drm_dev_unregister": {
      "build_table": "0xd740f14e",
      "reference": "0x119fb322"
    },
    "drm_encoder_cleanup": {
      "build_table": "0xc16ba3da",
      "reference": "0xd11faacc"
    },
    "drm_encoder_init": {
      "build_table": "0x551ee7db",
      "reference": "0x16d9c8a9"
    },
    "drm_fb_helper_alloc_fbi": {
      "build_table": "0xa39f1333",
      "reference": "0xb74cecb2"
    },
    "drm_fb_helper_blank": {
      "build_table": "0x1fe37898",
      "reference": "0x06233ac2"
    },
    "drm_fb_helper_cfb_copyarea": {
      "build_table": "0x444d1216",
      "reference": "0x1bc71479"
    },
    "drm_fb_helper_cfb_fillrect": {
      "build_table": "0xd3d56752",
      "reference": "0x45f77f59"
    },
    "drm_fb_helper_cfb_imageblit": {
      "build_table": "0x9096c66f",
      "reference": "0xc23c4dc3"
    },
    "drm_fb_helper_check_var": {
      "build_table": "0xe12afd06",
      "reference": "0x2b4c8b6d"
    },
    "drm_fb_helper_debug_enter": {
      "build_table": "0x87e5108a",
      "reference": "0x00515fa7"
    },
    "drm_fb_helper_debug_leave": {
      "build_table": "0xd8b6e74b",
      "reference": "0xa45783e8"
    },
    "drm_fb_helper_fill_info": {
      "build_table": "0xfedc87a9",
      "reference": "0x5bdcd777"
    },
    "drm_fb_helper_fini": {
      "build_table": "0x75027430",
      "reference": "0x572388be"
    },
    "drm_fb_helper_init": {
      "build_table": "0x465a409c",
      "reference": "0x207f0ccd"
    },
    "drm_fb_helper_initial_config": {
      "build_table": "0x92e27e4c",
      "reference": "0x3959cfbc"
    },
    "drm_fb_helper_ioctl": {
      "build_table": "0x1d82eef7",
      "reference": "0x06929a4c"
    },
    "drm_fb_helper_lastclose": {
      "build_table": "0xb117f672",
      "reference": "0xccd29311"
    },
    "drm_fb_helper_output_poll_changed": {
      "build_table": "0x14417647",
      "reference": "0x3ebbaaa5"
    },
    "drm_fb_helper_pan_display": {
      "build_table": "0x5f2a228d",
      "reference": "0x2168c1d3"
    },
    "drm_fb_helper_prepare": {
      "build_table": "0x60e4830d",
      "reference": "0x7d842329"
    },
    "drm_fb_helper_set_par": {
      "build_table": "0xcd87ff6d",
      "reference": "0x5a9a8007"
    },
    "drm_fb_helper_setcmap": {
      "build_table": "0x2c5831c7",
      "reference": "0x5b6e1528"
    },
    "drm_fb_helper_unregister_fbi": {
      "build_table": "0xe38e77f5",
      "reference": "0x41e00b69"
    },
    "drm_framebuffer_cleanup": {
      "build_table": "0x840a269a",
      "reference": "0x0ebc5dbf"
    },
    "drm_framebuffer_init": {
      "build_table": "0x9db17175",
      "reference": "0x7fdbe23d"
    },
    "drm_framebuffer_unregister_private": {
      "build_table": "0x836177c6",
      "reference": "0x093e4421"
    },
    "drm_gem_fb_create_handle": {
      "build_table": "0x09bf6df8",
      "reference": "0x74e6f783"
    },
    "drm_gem_fb_destroy": {
      "build_table": "0x77e0e5fd",
      "reference": "0x95c1efa3"
    },
    "drm_gem_free_mmap_offset": {
      "build_table": "0xc4ca3c10",
      "reference": "0xce5d02f2"
    },
    "drm_gem_get_pages": {
      "build_table": "0x9e66b37b",
      "reference": "0x65af6d7b"
    },
    "drm_gem_handle_create": {
      "build_table": "0xb0562a59",
      "reference": "0x6bf1c956"
    },
    "drm_gem_mmap": {
      "build_table": "0x0e78caa7",
      "reference": "0x8f0ce75f"
    },
    "drm_gem_object_init": {
      "build_table": "0x78c90161",
      "reference": "0x07638789"
    },
    "drm_gem_object_lookup": {
      "build_table": "0xf2761d23",
      "reference": "0x4204cb37"
    },
    "drm_gem_object_release": {
      "build_table": "0x07d8bd61",
      "reference": "0x33722b7c"
    },
    "drm_gem_private_object_init": {
      "build_table": "0xa88f45a6",
      "reference": "0xf18fc6ec"
    },
    "drm_gem_put_pages": {
      "build_table": "0x35c6d5d3",
      "reference": "0x9baba9f9"
    },
    "drm_gem_vm_close": {
      "build_table": "0x1b36caf0",
      "reference": "0xe44582d5"
    },
    "drm_gem_vm_open": {
      "build_table": "0xfbdb5e8b",
      "reference": "0xf588287f"
    },
    "drm_get_edid": {
      "build_table": "0x45f25a3d",
      "reference": "0x6c4f81d0"
    },
    "drm_handle_vblank": {
      "build_table": "0xb89ddae4",
      "reference": "0xeac3eb89"
    },
    "drm_helper_connector_dpms": {
      "build_table": "0x2d873b87",
      "reference": "0xa811f8d3"
    },
    "drm_helper_crtc_in_use": {
      "build_table": "0xe1d30b20",
      "reference": "0xa8a4d969"
    },
    "drm_helper_disable_unused_functions": {
      "build_table": "0x4bce10a3",
      "reference": "0x36091ca9"
    },
    "drm_helper_hpd_irq_event": {
      "build_table": "0xd3beb144",
      "reference": "0x432d36f2"
    },
    "drm_helper_mode_fill_fb_struct": {
      "build_table": "0x5b74cea2",
      "reference": "0x5eef6ebe"
    },
    "drm_helper_probe_single_connector_modes": {
      "build_table": "0xd76161c0",
      "reference": "0x15166d8a"
    },
    "drm_helper_resume_force_mode": {
      "build_table": "0x09a18ac2",
      "reference": "0x650e93c6"
    },
    "drm_ioctl": {
      "build_table": "0xf181243d",
      "reference": "0xb048f72b"
    },
    "drm_irq_install": {
      "build_table": "0xbc397fa0",
      "reference": "0xb4051380"
    },
    "drm_kms_helper_poll_fini": {
      "build_table": "0x6b48f7f4",
      "reference": "0x23f40368"
    },
    "drm_kms_helper_poll_init": {
      "build_table": "0x43cfd3f1",
      "reference": "0xaab4a23d"
    },
    "drm_mode_config_cleanup": {
      "build_table": "0x1fd3769c",
      "reference": "0x3f5c7923"
    },
    "drm_mode_config_reset": {
      "build_table": "0xf06e404f",
      "reference": "0xc75cf509"
    },
    "drm_mode_create_scaling_mode_property": {
      "build_table": "0xc0532d32",
      "reference": "0x42b79656"
    },
    "drm_mode_crtc_set_gamma_size": {
      "build_table": "0x91c87124",
      "reference": "0x15e92c3c"
    },
    "drm_mode_destroy": {
      "build_table": "0x6dbf006b",
      "reference": "0x777f6e9c"
    },
    "drm_mode_duplicate": {
      "build_table": "0x929ceebb",
      "reference": "0xcf6527d3"
    },
    "drm_mode_probed_add": {
      "build_table": "0xdfd5dfb2",
      "reference": "0x9922852c"
    },
    "drm_modeset_lock_all": {
      "build_table": "0x406a67cc",
      "reference": "0x82fe4832"
    },
    "drm_modeset_unlock_all": {
      "build_table": "0xce3da969",
      "reference": "0x8982ff6d"
    },
    "drm_object_attach_property": {
      "build_table": "0x43754b83",
      "reference": "0x3df35055"
    },
    "drm_object_property_get_value": {
      "build_table": "0x6d43f07c",
      "reference": "0xcd22b266"
    },
    "drm_object_property_set_value": {
      "build_table": "0xd12f0779",
      "reference": "0xbad19888"
    },
    "drm_open": {
      "build_table": "0x6a6db2ab",
      "reference": "0x1646f4ef"
    },
    "drm_poll": {
      "build_table": "0xe34e0bb7",
      "reference": "0x0589cf21"
    },
    "drm_property_add_enum": {
      "build_table": "0x747c36b6",
      "reference": "0x66e0a715"
    },
    "drm_property_create": {
      "build_table": "0x760e2a89",
      "reference": "0xf6fe3738"
    },
    "drm_property_create_range": {
      "build_table": "0x32cc6692",
      "reference": "0x9676c4e4"
    },
    "drm_read": {
      "build_table": "0x55ad16fa",
      "reference": "0xc846f3d0"
    },
    "drm_release": {
      "build_table": "0xc33876fd",
      "reference": "0x86c67358"
    },
    "drm_simple_encoder_init": {
      "build_table": "0xab201322",
      "reference": "0xdc2b476c"
    },
    "drm_vblank_init": {
      "build_table": "0x4af99876",
      "reference": "0xf91fc96b"
    },
    "drmm_mode_config_init": {
      "build_table": "0x7f5fa731",
      "reference": "0xcc648ccd"
    },
    "i2c_add_adapter": {
      "build_table": "0x8c78730c",
      "reference": "0x59707e1d"
    },
    "i2c_add_numbered_adapter": {
      "build_table": "0xffd0284f",
      "reference": "0x8ac8dbd5"
    },
    "i2c_bit_add_bus": {
      "build_table": "0xc50fcddf",
      "reference": "0x045ab863"
    },
    "i2c_del_adapter": {
      "build_table": "0x28992518",
      "reference": "0x795fa93f"
    },
    "i2c_get_adapter": {
      "build_table": "0x4d895b02",
      "reference": "0x38c80b63"
    },
    "i2c_transfer": {
      "build_table": "0xf10874d6",
      "reference": "0xafe6a091"
    },
    "kmalloc_caches": {
      "build_table": "0x72208652",
      "reference": "0x93f6c7d4"
    },
    "kmap_atomic_high_prot": {
      "build_table": "0x3d31df56",
      "reference": "0x28bd1d96"
    },
    "kmap_high": {
      "build_table": "0x47361169",
      "reference": "0x433f8e3a"
    },
    "kmem_cache_alloc_trace": {
      "build_table": "0x0bed2f44",
      "reference": "0xcf5e5e47"
    },
    "kunmap_high": {
      "build_table": "0x2c023f17",
      "reference": "0x3f1bc846"
    },
    "mem_section": {
      "build_table": "0xe5357507",
      "reference": "0x218b72bf"
    },
    "module_layout": {
      "build_table": "0xb84efb99",
      "reference": "0x995e9910"
    },
    "module_put": {
      "build_table": "0x59ab9688",
      "reference": "0x076994bd"
    },
    "page_address": {
      "build_table": "0xb5696f27",
      "reference": "0x3fbb8862"
    },
    "pci_dev_put": {
      "build_table": "0x70c0ebae",
      "reference": "0xf769a5a9"
    },
    "pci_disable_device": {
      "build_table": "0x84e4ba64",
      "reference": "0x8c97124e"
    },
    "pci_enable_device": {
      "build_table": "0x79482b20",
      "reference": "0x2190d48c"
    },
    "pci_enable_msi": {
      "build_table": "0xabf6fe8a",
      "reference": "0x8d4301c0"
    },
    "pci_get_device": {
      "build_table": "0x4139df38",
      "reference": "0x284714b8"
    },
    "pci_get_domain_bus_and_slot": {
      "build_table": "0x752b3c0c",
      "reference": "0x1c55f78c"
    },
    "pci_map_rom": {
      "build_table": "0xb7acac2f",
      "reference": "0x74bf5fa1"
    },
    "pci_read_config_byte": {
      "build_table": "0x06c3e3bb",
      "reference": "0xba22a046"
    },
    "pci_read_config_dword": {
      "build_table": "0x293cd72b",
      "reference": "0xab5c00dc"
    },
    "pci_read_config_word": {
      "build_table": "0x6052417c",
      "reference": "0xc2c35614"
    },
    "pci_restore_state": {
      "build_table": "0x1c2be14b",
      "reference": "0xae345c85"
    },
    "pci_save_state": {
      "build_table": "0xfbc6e7a2",
      "reference": "0x55a3f5f0"
    },
    "pci_set_master": {
      "build_table": "0xdcf50fed",
      "reference": "0x76e2f600"
    },
    "pci_set_power_state": {
      "build_table": "0x2d0d9f74",
      "reference": "0x465a2dc3"
    },
    "pci_unmap_rom": {
      "build_table": "0x15cf16aa",
      "reference": "0x92ec3ced"
    },
    "pci_unregister_driver": {
      "build_table": "0xc8b19419",
      "reference": "0x5b4ad2be"
    },
    "pci_write_config_byte": {
      "build_table": "0xfb69fc17",
      "reference": "0xf2874f90"
    },
    "pci_write_config_dword": {
      "build_table": "0x1ecc4509",
      "reference": "0x7a024d72"
    },
    "pci_write_config_word": {
      "build_table": "0x52ff6b8c",
      "reference": "0x79d60cd8"
    },
    "pm_runtime_allow": {
      "build_table": "0x315aafc2",
      "reference": "0x2203fc0d"
    },
    "pm_runtime_forbid": {
      "build_table": "0x56ca8bb8",
      "reference": "0x2eaddf63"
    },
    "pv_ops": {
      "build_table": "0xb8053ad8",
      "reference": "0x145a2937"
    },
    "set_pages_array_wb": {
      "build_table": "0x7ab2b3a9",
      "reference": "0x8671731e"
    },
    "set_pages_array_wc": {
      "build_table": "0xdaa0b66c",
      "reference": "0xb4ec0709"
    },
    "set_pages_uc": {
      "build_table": "0x05c0eb1f",
      "reference": "0x39059813"
    },
    "set_pages_wb": {
      "build_table": "0x64f50708",
      "reference": "0x749c2966"
    },
    "try_module_get": {
      "build_table": "0x502b702c",
      "reference": "0xc885bfb1"
    },
    "vmap": {
      "build_table": "0x75f5ea6d",
      "reference": "0xde87e76f"
    },
    "vmf_insert_mixed": {
      "build_table": "0x7be8e88e",
      "reference": "0xef8ba952"
    },
    "vmf_insert_pfn": {
      "build_table": "0x76655b7f",
      "reference": "0xd003dbef"
    }
  },
  "missing_imports": [],
  "module_layout": {
    "build_table": "0xb84efb99",
    "reference": "0x995e9910"
  },
  "reference_import_count": 228,
  "reference_sha256": "934bd97164c803e52d96528b9ec464d587a6a68e2f671aa255407657cc5342cf",
  "scope": "REFERENCE_IMPORTS_ONLY"
}
