cc (Debian 14.2.0-19) 14.2.0
i686-linux-gnu
sgx535-core-id.candidate: ELF 32-bit LSB executable, Intel i386, version 1 (SYSV), dynamically linked, interpreter /lib/ld-linux.so.2, BuildID[sha1]=5e18f0f76b3d4a8c308cfa59c8ee77244561d095, for GNU/Linux 3.2.0, not stripped
050b110abdb11d301f4cc75ec3d4370a5192a354a61d86f86d3d9023bee82e58  sgx535-core-id.candidate
be9945c8bf507c70ca5162907591afa1b2dadb77b0bf11f2d56454352280ad8f  core_id_once.c
fda632137630d9fa6952fbb29733bebfdd7e78e73b800f38d94d496c7798c2ed  load32_once.S
bdbd3ac6dbcc010060ba2ae96026e041020b5edb0b1036d8b0742a8982e8b9d4  sudoers.draft
ELF Header:
  Magic:   7f 45 4c 46 01 01 01 00 00 00 00 00 00 00 00 00 
  Class:                             ELF32
  Data:                              2's complement, little endian
  Version:                           1 (current)
  OS/ABI:                            UNIX - System V
  ABI Version:                       0
  Type:                              EXEC (Executable file)
  Machine:                           Intel 80386
  Version:                           0x1
  Entry point address:               0x8049640
  Start of program headers:          52 (bytes into file)
  Start of section headers:          14308 (bytes into file)
  Flags:                             0x0
  Size of this header:               52 (bytes)
  Size of program headers:           32 (bytes)
  Number of program headers:         12
  Size of section headers:           40 (bytes)
  Number of section headers:         28
  Section header string table index: 27

Program Headers:
  Type           Offset   VirtAddr   PhysAddr   FileSiz MemSiz  Flg Align
  PHDR           0x000034 0x08048034 0x08048034 0x00180 0x00180 R   0x4
  INTERP         0x0001d8 0x080481d8 0x080481d8 0x00013 0x00013 R   0x1
      [Requesting program interpreter: /lib/ld-linux.so.2]
  LOAD           0x000000 0x08048000 0x08048000 0x005c8 0x005c8 R   0x1000
  LOAD           0x001000 0x08049000 0x08049000 0x007f0 0x007f0 R E 0x1000
  LOAD           0x002000 0x0804a000 0x0804a000 0x00620 0x00620 R   0x1000
  LOAD           0x002ea4 0x0804bea4 0x0804bea4 0x00164 0x00170 RW  0x1000
  DYNAMIC        0x002eac 0x0804beac 0x0804beac 0x000f8 0x000f8 RW  0x4
  NOTE           0x0001b4 0x080481b4 0x080481b4 0x00024 0x00024 R   0x4
  NOTE           0x002600 0x0804a600 0x0804a600 0x00020 0x00020 R   0x4
  GNU_EH_FRAME   0x002498 0x0804a498 0x0804a498 0x00034 0x00034 R   0x4
  GNU_STACK      0x000000 0x00000000 0x00000000 0x00000 0x00000 RW  0x10
  GNU_RELRO      0x002ea4 0x0804bea4 0x0804bea4 0x0015c 0x0015c R   0x1

 Section to Segment mapping:
  Segment Sections...
   00     
   01     .interp 
   02     .note.gnu.build-id .interp .gnu.hash .dynsym .dynstr .gnu.version .gnu.version_r .rel.dyn .rel.plt 
   03     .init .plt .text .fini 
   04     .rodata .eh_frame_hdr .eh_frame .note.ABI-tag 
   05     .init_array .fini_array .dynamic .got .data .bss 
   06     .dynamic 
   07     .note.gnu.build-id 
   08     .note.ABI-tag 
   09     .eh_frame_hdr 
   10     
   11     .init_array .fini_array .dynamic .got 

Dynamic section at offset 0x2eac contains 26 entries:
  Tag        Type                         Name/Value
 0x00000001 (NEEDED)                     Shared library: [libc.so.6]
 0x0000000c (INIT)                       0x8049000
 0x0000000d (FINI)                       0x80497dc
 0x00000019 (INIT_ARRAY)                 0x804bea4
 0x0000001b (INIT_ARRAYSZ)               4 (bytes)
 0x0000001a (FINI_ARRAY)                 0x804bea8
 0x0000001c (FINI_ARRAYSZ)               4 (bytes)
 0x6ffffef5 (GNU_HASH)                   0x80481ec
 0x00000005 (STRTAB)                     0x8048398
 0x00000006 (SYMTAB)                     0x8048218
 0x0000000a (STRSZ)                      237 (bytes)
 0x0000000b (SYMENT)                     16 (bytes)
 0x00000015 (DEBUG)                      0x0
 0x00000003 (PLTGOT)                     0x804bfa4
 0x00000002 (PLTRELSZ)                   152 (bytes)
 0x00000014 (PLTREL)                     REL
 0x00000017 (JMPREL)                     0x8048530
 0x00000011 (REL)                        0x8048518
 0x00000012 (RELSZ)                      24 (bytes)
 0x00000013 (RELENT)                     8 (bytes)
 0x0000001e (FLAGS)                      BIND_NOW
 0x6ffffffb (FLAGS_1)                    Flags: NOW
 0x6ffffffe (VERNEED)                    0x80484b8
 0x6fffffff (VERNEEDNUM)                 1
 0x6ffffff0 (VERSYM)                     0x8048486
 0x00000000 (NULL)                       0x0
