         w __gmon_start__
         U __isoc99_sscanf@GLIBC_2.7
         U __libc_start_main@GLIBC_2.34
         U close@GLIBC_2.0
         U fclose@GLIBC_2.1
         U fflush@GLIBC_2.0
         U fgets@GLIBC_2.0
         U fopen@GLIBC_2.1
         U fprintf@GLIBC_2.0
         U fstat@GLIBC_2.33
         U geteuid@GLIBC_2.0
         U mmap@GLIBC_2.0
         U munmap@GLIBC_2.0
         U open@GLIBC_2.0
         U printf@GLIBC_2.0
         U read@GLIBC_2.0
         U readlink@GLIBC_2.0
         U strchr@GLIBC_2.0
         U strcmp@GLIBC_2.0
         U sysconf@GLIBC_2.0
08049000 T _init
08049160 T main
08049640 T _start
0804966d t __wrap_main
08049680 T _dl_relocate_static_pie
08049690 T __x86.get_pc_thunk.bx
080496a0 t deregister_tm_clones
080496e0 t register_tm_clones
08049720 t __do_global_dtors_aux
08049750 t frame_dummy
08049760 t token_equals
080497d5 T sgx535_load32_once
080497dc T _fini
0804a000 R _fp_hw
0804a004 R _IO_stdin_used
0804a498 r __GNU_EH_FRAME_HDR
0804a5fc r __FRAME_END__
0804a600 r __abi_tag
0804bea4 d __frame_dummy_init_array_entry
0804bea8 d __do_global_dtors_aux_fini_array_entry
0804beac d _DYNAMIC
0804bfa4 d _GLOBAL_OFFSET_TABLE_
0804c000 D __data_start
0804c000 W data_start
0804c004 D __dso_handle
0804c008 D __TMC_END__
0804c008 B __bss_start
0804c008 D _edata
0804c008 B stderr@GLIBC_2.0
0804c00c B stdout@GLIBC_2.0
0804c010 b completed.0
0804c014 B _end
