kernel_release=5.10.240-antix.1-486-smp
machine_arch=i686
product_name=Inspiron 1210   
board_name=0X605H
bios_version=A02
pci_vendor=0x8086
pci_device=0x8108
pci_revision=0x06
pci_subsystem_vendor=0x1028
pci_subsystem_device=0x02b1
pci_class=0x030000
pci_irq=16
pci_driver=/sys/bus/pci/drivers/gma500
pci_runtime_status=active
pci_resource_start
0x00000000d8100000 0x00000000d817ffff 0x0000000000040200
0x0000000000001800 0x0000000000001807 0x0000000000040101
0x00000000d0000000 0x00000000d7ffffff 0x0000000000040200
0x00000000d8380000 0x00000000d839ffff 0x0000000000040200
0x0000000000000000 0x0000000000000000 0x0000000000000000
0x0000000000000000 0x0000000000000000 0x0000000000000000
0x00000000000c0000 0x00000000000dffff 0x0000000000000212
0x0000000000000000 0x0000000000000000 0x0000000000000000
0x0000000000000000 0x0000000000000000 0x0000000000000000
0x0000000000000000 0x0000000000000000 0x0000000000000000
0x0000000000000000 0x0000000000000000 0x0000000000000000
0x0000000000000000 0x0000000000000000 0x0000000000000000
0x0000000000000000 0x0000000000000000 0x0000000000000000
pci_resource_end
loaded_gma500=gma500_gfx:2:Live
loaded_gma500_build_note=040000001400000003000000474e5500d8dcb4d38b774ad64799d5e13aaedede069371f3
installed_module_sha256=7b42a99d157ad00494c358a7663a2daf438ba9fc9a8f2ca5076d28ddeb6adafb  /lib/modules/5.10.240-antix.1-486-smp/kernel/drivers/gpu/drm/gma500/gma500_gfx.ko
drm_card_device=/sys/devices/pci0000:00/0000:00:02.0
drm_card_node=character special file:e2:0
drm_node_names=card0 
proc_fb=0 gma500drmfb
fb_name=gma500drmfb
fb_virtual_size=1280,800
fb_bits_per_pixel=32
fb_stride=8192
xorg_count=1
