{
  "deployment": "/home/gama/sgx535-display-FIRE3-centered-20261006-tools",
  "verified_files": {
    "triangle_pixels.py": {
      "bytes": 5002,
      "sha256": "e39aac27e8eb3568685e79c3a6d770e3a0e54b52a7650e6934a23d44710a98c5"
    },
    "triangle_display.py": {
      "bytes": 18777,
      "sha256": "2a9ee1a1f406acdbfda692251ee7d163448c3d2a185ba077627524ee7a22189f"
    },
    "triangle_display_centered.py": {
      "bytes": 7252,
      "sha256": "362b6337f9b0110ce1e10579ba64207cb22809f09ff17591769f41fd75dad18c"
    },
    "card.json": {
      "bytes": 11533,
      "sha256": "0cac9c3b4bc602c880ff21163fa4ddf9f4dbc7d01b4aeca2412ca03595973735"
    },
    "authorization.json": {
      "bytes": 304,
      "sha256": "f1de7530cfacc545dec1303f87d013e8edae99562e087e1e506a921987310865"
    },
    "source.bin": {
      "bytes": 4096,
      "sha256": "52b2aeb7316820f955d1b9a46cb55a888efb8f74de916acd7ec7ddff6d99ebb5"
    }
  },
  "display_mutations": 0,
  "sgx_invocations": 0
}
