         U __alloc_pages_nodemask
         U __const_udelay
         U __default_kernel_pte_mask
         U __drm_dbg
         U __drm_err
         U __free_pages
         U __init_rwsem
         U __init_swait_queue_head
         U __kmalloc
         U __mutex_init
         U __pci_register_driver
         U __pm_runtime_disable
         U __pm_runtime_idle
         U __pm_runtime_resume
         U __pm_runtime_set_status
         U __preempt_count
         U __stack_chk_fail
         U __stack_chk_guard
         U __x86_indirect_thunk_ebx
         U __x86_indirect_thunk_ecx
         U __x86_indirect_thunk_edi
         U __x86_indirect_thunk_edx
         U __x86_indirect_thunk_esi
         U _cond_resched
         U _dev_err
         U _dev_info
         U _dev_warn
         U _raw_spin_lock
         U _raw_spin_lock_irqsave
         U _raw_spin_unlock_irqrestore
         U acpi_video_register
         U add_timer
         U allocate_resource
         U backlight_device_register
         U backlight_device_unregister
         U boot_cpu_data
         U cachemode2protval
         U cancel_work_sync
         U complete
         U current_task
         U dev_printk
         U down_read
         U down_write
         U drm_add_edid_modes
         U drm_clflush_pages
         U drm_connector_attach_encoder
         U drm_connector_cleanup
         U drm_connector_init
         U drm_connector_register
         U drm_connector_unregister
         U drm_connector_update_edid_property
         U drm_crtc_cleanup
         U drm_crtc_from_index
         U drm_crtc_helper_set_config
         U drm_crtc_helper_set_mode
         U drm_crtc_init
         U drm_crtc_send_vblank_event
         U drm_crtc_vblank_get
         U drm_crtc_vblank_off
         U drm_crtc_vblank_on
         U drm_crtc_vblank_put
         U drm_detect_hdmi_monitor
         U drm_detect_monitor_audio
         U drm_dev_alloc
         U drm_dev_put
         U drm_dev_register
         U drm_dev_unregister
         U drm_encoder_cleanup
         U drm_encoder_init
         U drm_fb_helper_alloc_fbi
         U drm_fb_helper_blank
         U drm_fb_helper_cfb_copyarea
         U drm_fb_helper_cfb_fillrect
         U drm_fb_helper_cfb_imageblit
         U drm_fb_helper_check_var
         U drm_fb_helper_debug_enter
         U drm_fb_helper_debug_leave
         U drm_fb_helper_fill_info
         U drm_fb_helper_fini
         U drm_fb_helper_init
         U drm_fb_helper_initial_config
         U drm_fb_helper_ioctl
         U drm_fb_helper_lastclose
         U drm_fb_helper_output_poll_changed
         U drm_fb_helper_pan_display
         U drm_fb_helper_prepare
         U drm_fb_helper_set_par
         U drm_fb_helper_setcmap
         U drm_fb_helper_unregister_fbi
         U drm_framebuffer_cleanup
         U drm_framebuffer_init
         U drm_framebuffer_unregister_private
         U drm_gem_fb_create_handle
         U drm_gem_fb_destroy
         U drm_gem_free_mmap_offset
         U drm_gem_get_pages
         U drm_gem_handle_create
         U drm_gem_mmap
         U drm_gem_object_free
         U drm_gem_object_init
         U drm_gem_object_lookup
         U drm_gem_object_release
         U drm_gem_private_object_init
         U drm_gem_put_pages
         U drm_gem_vm_close
         U drm_gem_vm_open
         U drm_get_edid
         U drm_get_format_info
         U drm_handle_vblank
         U drm_helper_connector_dpms
         U drm_helper_crtc_in_use
         U drm_helper_disable_unused_functions
         U drm_helper_hpd_irq_event
         U drm_helper_mode_fill_fb_struct
         U drm_helper_probe_single_connector_modes
         U drm_helper_resume_force_mode
         U drm_ioctl
         U drm_irq_install
         U drm_kms_helper_poll_fini
         U drm_kms_helper_poll_init
         U drm_mode_config_cleanup
         U drm_mode_config_reset
         U drm_mode_create_scaling_mode_property
         U drm_mode_crtc_set_gamma_size
         U drm_mode_debug_printmodeline
         U drm_mode_destroy
         U drm_mode_duplicate
         U drm_mode_legacy_fb_format
         U drm_mode_probed_add
         U drm_mode_set_crtcinfo
         U drm_mode_set_name
         U drm_modeset_lock_all
         U drm_modeset_unlock_all
         U drm_object_attach_property
         U drm_object_property_get_value
         U drm_object_property_set_value
         U drm_open
         U drm_poll
         U drm_property_add_enum
         U drm_property_create
         U drm_property_create_range
         U drm_read
         U drm_release
         U drm_simple_encoder_init
         U drm_vblank_init
         U drmm_mode_config_init
         U free_irq
         U i2c_add_adapter
         U i2c_add_numbered_adapter
         U i2c_bit_add_bus
         U i2c_del_adapter
         U i2c_get_adapter
         U i2c_transfer
         U init_timer_key
         U ioread32
         U ioremap
         U ioremap_cache
         U ioremap_wc
         U iounmap
         U iowrite32
         U jiffies
         U jiffies_to_usecs
         U kfree
         U kmalloc_caches
         U kmap_atomic_high_prot
         U kmap_high
         U kmem_cache_alloc_trace
         U kmemdup
         U kunmap_atomic_high
         U kunmap_high
         U mem_section
         U memcmp
         U memcpy_fromio
         U memset
         U module_put
         U msleep
         U mutex_lock
         U mutex_unlock
         U page_address
         U pci_dev_put
         U pci_disable_device
         U pci_enable_device
         U pci_enable_msi
         U pci_get_device
         U pci_get_domain_bus_and_slot
         U pci_map_rom
         U pci_read_config_byte
         U pci_read_config_dword
         U pci_read_config_word
         U pci_restore_state
         U pci_save_state
         U pci_set_master
         U pci_set_power_state
         U pci_unmap_rom
         U pci_unregister_driver
         U pci_write_config_byte
         U pci_write_config_dword
         U pci_write_config_word
         U pm_runtime_allow
         U pm_runtime_forbid
         U printk
         U pv_ops
         U queue_work_on
         U refcount_warn_saturate
         U register_acpi_notifier
         U release_resource
         U request_resource
         U request_threaded_irq
         U set_pages_array_wb
         U set_pages_array_wc
         U set_pages_uc
         U set_pages_wb
         U snprintf
         U strcmp
         U strncpy
         U system_wq
         U timer_delete_sync
         U try_module_get
         U unregister_acpi_notifier
         U up_read
         U up_write
         U usleep_range
         U vfree
         U vmalloc_user
         U vmap
         U vmf_insert_mixed
         U vmf_insert_pfn
         U vunmap
         U wait_for_completion_interruptible_timeout
