FFFFFFFFFFFF
======================================================================
FAIL: test_experimental_ssh_is_separate_not_required_for_local_proof (test_frozen_first_load_procedure.ProcedureTests.test_experimental_ssh_is_separate_not_required_for_local_proof)
----------------------------------------------------------------------
Traceback (most recent call last):
  File "/home/gama/sgx535-gfx/tools/psb-dri-re/test_frozen_first_load_procedure.py", line 13, in setUp
    self.assertTrue(PATH.exists(),'offline first-load procedure validator is missing')
    ~~~~~~~~~~~~~~~^^^^^^^^^^^^^^^^^^^^^^^^^^^^^^^^^^^^^^^^^^^^^^^^^^^^^^^^^^^^^^^^^^^
AssertionError: False is not true : offline first-load procedure validator is missing

======================================================================
FAIL: test_live_first_owner_pass_requires_trace_not_display_alone (test_frozen_first_load_procedure.ProcedureTests.test_live_first_owner_pass_requires_trace_not_display_alone)
----------------------------------------------------------------------
Traceback (most recent call last):
  File "/home/gama/sgx535-gfx/tools/psb-dri-re/test_frozen_first_load_procedure.py", line 13, in setUp
    self.assertTrue(PATH.exists(),'offline first-load procedure validator is missing')
    ~~~~~~~~~~~~~~~^^^^^^^^^^^^^^^^^^^^^^^^^^^^^^^^^^^^^^^^^^^^^^^^^^^^^^^^^^^^^^^^^^^
AssertionError: False is not true : offline first-load procedure validator is missing

======================================================================
FAIL: test_live_missing_duplicate_reordered_or_hold_trace_rejected (test_frozen_first_load_procedure.ProcedureTests.test_live_missing_duplicate_reordered_or_hold_trace_rejected)
----------------------------------------------------------------------
Traceback (most recent call last):
  File "/home/gama/sgx535-gfx/tools/psb-dri-re/test_frozen_first_load_procedure.py", line 13, in setUp
    self.assertTrue(PATH.exists(),'offline first-load procedure validator is missing')
    ~~~~~~~~~~~~~~~^^^^^^^^^^^^^^^^^^^^^^^^^^^^^^^^^^^^^^^^^^^^^^^^^^^^^^^^^^^^^^^^^^^
AssertionError: False is not true : offline first-load procedure validator is missing

======================================================================
FAIL: test_live_wrong_note_irq_binding_fault_or_second_boot_refused (test_frozen_first_load_procedure.ProcedureTests.test_live_wrong_note_irq_binding_fault_or_second_boot_refused)
----------------------------------------------------------------------
Traceback (most recent call last):
  File "/home/gama/sgx535-gfx/tools/psb-dri-re/test_frozen_first_load_procedure.py", line 13, in setUp
    self.assertTrue(PATH.exists(),'offline first-load procedure validator is missing')
    ~~~~~~~~~~~~~~~^^^^^^^^^^^^^^^^^^^^^^^^^^^^^^^^^^^^^^^^^^^^^^^^^^^^^^^^^^^^^^^^^^^
AssertionError: False is not true : offline first-load procedure validator is missing

======================================================================
FAIL: test_plan_extra_boot_fire_retry_or_hot_restore_refused (test_frozen_first_load_procedure.ProcedureTests.test_plan_extra_boot_fire_retry_or_hot_restore_refused)
----------------------------------------------------------------------
Traceback (most recent call last):
  File "/home/gama/sgx535-gfx/tools/psb-dri-re/test_frozen_first_load_procedure.py", line 13, in setUp
    self.assertTrue(PATH.exists(),'offline first-load procedure validator is missing')
    ~~~~~~~~~~~~~~~^^^^^^^^^^^^^^^^^^^^^^^^^^^^^^^^^^^^^^^^^^^^^^^^^^^^^^^^^^^^^^^^^^^
AssertionError: False is not true : offline first-load procedure validator is missing

======================================================================
FAIL: test_plan_stock_overwrite_refused (test_frozen_first_load_procedure.ProcedureTests.test_plan_stock_overwrite_refused)
----------------------------------------------------------------------
Traceback (most recent call last):
  File "/home/gama/sgx535-gfx/tools/psb-dri-re/test_frozen_first_load_procedure.py", line 13, in setUp
    self.assertTrue(PATH.exists(),'offline first-load procedure validator is missing')
    ~~~~~~~~~~~~~~~^^^^^^^^^^^^^^^^^^^^^^^^^^^^^^^^^^^^^^^^^^^^^^^^^^^^^^^^^^^^^^^^^^^
AssertionError: False is not true : offline first-load procedure validator is missing

======================================================================
FAIL: test_recovery_requires_stock_identity_and_new_boot_not_power_alone (test_frozen_first_load_procedure.ProcedureTests.test_recovery_requires_stock_identity_and_new_boot_not_power_alone)
----------------------------------------------------------------------
Traceback (most recent call last):
  File "/home/gama/sgx535-gfx/tools/psb-dri-re/test_frozen_first_load_procedure.py", line 13, in setUp
    self.assertTrue(PATH.exists(),'offline first-load procedure validator is missing')
    ~~~~~~~~~~~~~~~^^^^^^^^^^^^^^^^^^^^^^^^^^^^^^^^^^^^^^^^^^^^^^^^^^^^^^^^^^^^^^^^^^^
AssertionError: False is not true : offline first-load procedure validator is missing

======================================================================
FAIL: test_staged_record_needs_all_guards_and_readback (test_frozen_first_load_procedure.ProcedureTests.test_staged_record_needs_all_guards_and_readback)
----------------------------------------------------------------------
Traceback (most recent call last):
  File "/home/gama/sgx535-gfx/tools/psb-dri-re/test_frozen_first_load_procedure.py", line 13, in setUp
    self.assertTrue(PATH.exists(),'offline first-load procedure validator is missing')
    ~~~~~~~~~~~~~~~^^^^^^^^^^^^^^^^^^^^^^^^^^^^^^^^^^^^^^^^^^^^^^^^^^^^^^^^^^^^^^^^^^^
AssertionError: False is not true : offline first-load procedure validator is missing

======================================================================
FAIL: test_staged_stock_change_or_saved_experimental_selection_refused (test_frozen_first_load_procedure.ProcedureTests.test_staged_stock_change_or_saved_experimental_selection_refused)
----------------------------------------------------------------------
Traceback (most recent call last):
  File "/home/gama/sgx535-gfx/tools/psb-dri-re/test_frozen_first_load_procedure.py", line 13, in setUp
    self.assertTrue(PATH.exists(),'offline first-load procedure validator is missing')
    ~~~~~~~~~~~~~~~^^^^^^^^^^^^^^^^^^^^^^^^^^^^^^^^^^^^^^^^^^^^^^^^^^^^^^^^^^^^^^^^^^^
AssertionError: False is not true : offline first-load procedure validator is missing

======================================================================
FAIL: test_staged_symlink_hardlink_wrong_owner_mode_or_hash_rejected (test_frozen_first_load_procedure.ProcedureTests.test_staged_symlink_hardlink_wrong_owner_mode_or_hash_rejected)
----------------------------------------------------------------------
Traceback (most recent call last):
  File "/home/gama/sgx535-gfx/tools/psb-dri-re/test_frozen_first_load_procedure.py", line 13, in setUp
    self.assertTrue(PATH.exists(),'offline first-load procedure validator is missing')
    ~~~~~~~~~~~~~~~^^^^^^^^^^^^^^^^^^^^^^^^^^^^^^^^^^^^^^^^^^^^^^^^^^^^^^^^^^^^^^^^^^^
AssertionError: False is not true : offline first-load procedure validator is missing

======================================================================
FAIL: test_valid_plan_matches_pinned_inputs (test_frozen_first_load_procedure.ProcedureTests.test_valid_plan_matches_pinned_inputs)
----------------------------------------------------------------------
Traceback (most recent call last):
  File "/home/gama/sgx535-gfx/tools/psb-dri-re/test_frozen_first_load_procedure.py", line 13, in setUp
    self.assertTrue(PATH.exists(),'offline first-load procedure validator is missing')
    ~~~~~~~~~~~~~~~^^^^^^^^^^^^^^^^^^^^^^^^^^^^^^^^^^^^^^^^^^^^^^^^^^^^^^^^^^^^^^^^^^^
AssertionError: False is not true : offline first-load procedure validator is missing

======================================================================
FAIL: test_validator_cannot_execute_stage_boot_or_remote_actions (test_frozen_first_load_procedure.ProcedureTests.test_validator_cannot_execute_stage_boot_or_remote_actions)
----------------------------------------------------------------------
Traceback (most recent call last):
  File "/home/gama/sgx535-gfx/tools/psb-dri-re/test_frozen_first_load_procedure.py", line 13, in setUp
    self.assertTrue(PATH.exists(),'offline first-load procedure validator is missing')
    ~~~~~~~~~~~~~~~^^^^^^^^^^^^^^^^^^^^^^^^^^^^^^^^^^^^^^^^^^^^^^^^^^^^^^^^^^^^^^^^^^^
AssertionError: False is not true : offline first-load procedure validator is missing

----------------------------------------------------------------------
Ran 12 tests in 0.025s

FAILED (failures=12)
