
Symbol table '.symtab' contains 889 entries:
   Num:    Value  Size Type    Bind   Vis      Ndx Name
     0: 00000000     0 NOTYPE  LOCAL  DEFAULT  UND 
     1: 00000000     0 SECTION LOCAL  DEFAULT    1 .text
     2: 00000000     0 SECTION LOCAL  DEFAULT    3 .altinstr_replacement
     3: 00000000     0 SECTION LOCAL  DEFAULT    5 .text.unlikely
     4: 00000000     0 SECTION LOCAL  DEFAULT    7 .init.text
     5: 00000000     0 SECTION LOCAL  DEFAULT    9 .exit.text
     6: 00000000     0 SECTION LOCAL  DEFAULT   11 .altinstr_aux
     7: 00000000     0 SECTION LOCAL  DEFAULT   13 .altinstructions
     8: 00000000     0 SECTION LOCAL  DEFAULT   15 .rodata
     9: 00000000     0 SECTION LOCAL  DEFAULT   17 .rodata.str1.1
    10: 00000000     0 SECTION LOCAL  DEFAULT   18 .smp_locks
    11: 00000000     0 SECTION LOCAL  DEFAULT   20 .rodata.str1.4
    12: 00000000     0 SECTION LOCAL  DEFAULT   21 .parainstructions
    13: 00000000     0 SECTION LOCAL  DEFAULT   23 .modinfo
    14: 00000000     0 SECTION LOCAL  DEFAULT   24 .rodata.cst2
    15: 00000000     0 SECTION LOCAL  DEFAULT   25 .note.gnu.build-id
    16: 00000000     0 SECTION LOCAL  DEFAULT   26 .note.Linux
    17: 00000000     0 SECTION LOCAL  DEFAULT   27 __versions
    18: 00000000     0 SECTION LOCAL  DEFAULT   28 __bug_table
    19: 00000000     0 SECTION LOCAL  DEFAULT   30 .data
    20: 00000000     0 SECTION LOCAL  DEFAULT   32 .gnu.linkonce.this_module
    21: 00000000     0 SECTION LOCAL  DEFAULT   34 .bss
    22: 00000000     0 SECTION LOCAL  DEFAULT   35 .note.GNU-stack
    23: 00000000     0 SECTION LOCAL  DEFAULT   36 .comment
    24: 00000000     0 FILE    LOCAL  DEFAULT  ABS accel_2d.c
    25: 00000000     0 FILE    LOCAL  DEFAULT  ABS backlight.c
    26: 00000000     0 FILE    LOCAL  DEFAULT  ABS framebuffer.c
    27: 00000670   252 FUNC    LOCAL  DEFAULT    1 psbfb_setcolreg
    28: 00000770     1 FUNC    LOCAL  DEFAULT    1 psbfb_vm_open
    29: 00000780    46 FUNC    LOCAL  DEFAULT    1 psbfb_mmap
    30: 00000160    52 OBJECT  LOCAL  DEFAULT   15 psbfb_vm_ops
    31: 000007b0   177 FUNC    LOCAL  DEFAULT    1 psbfb_vm_fault
    32: 00000870    69 FUNC    LOCAL  DEFAULT    1 psbfb_pan
    33: 000008c0     1 FUNC    LOCAL  DEFAULT    1 psbfb_vm_close
    34: 000008d0   173 FUNC    LOCAL  DEFAULT    1 psb_framebuffer_create
    35: 00000194    12 OBJECT  LOCAL  DEFAULT   15 psb_fb_funcs
    36: 00000000    28 FUNC    LOCAL  DEFAULT    5 psb_framebuffer_create.cold
    37: 00000980   121 FUNC    LOCAL  DEFAULT    1 psb_user_framebuffer_create
    38: 00000a00   981 FUNC    LOCAL  DEFAULT    1 psbfb_probe
    39: 00000040    92 OBJECT  LOCAL  DEFAULT   15 psbfb_unaccel_ops
    40: 000000a0    92 OBJECT  LOCAL  DEFAULT   15 psbfb_roll_ops
    41: 00000100    92 OBJECT  LOCAL  DEFAULT   15 psbfb_ops
    42: 00000024     4 OBJECT  LOCAL  DEFAULT   15 psb_fb_helper_funcs
    43: 0000001c    25 FUNC    LOCAL  DEFAULT    5 psb_fbdev_init.cold
    44: 00000000    36 OBJECT  LOCAL  DEFAULT   15 psb_mode_funcs
    45: 00000000     0 FILE    LOCAL  DEFAULT  ABS gem.c
    46: 00000035    82 FUNC    LOCAL  DEFAULT    5 psb_gem_create.cold
    47: 00000087    51 FUNC    LOCAL  DEFAULT    5 psb_gem_fault.cold
    48: 00000000     0 FILE    LOCAL  DEFAULT  ABS gtt.c
    49: 000013d0   351 FUNC    LOCAL  DEFAULT    1 psb_gtt_insert
    50: 00000000    32 OBJECT  LOCAL  DEFAULT   34 fudge.1
    51: 00000020     0 OBJECT  LOCAL  DEFAULT   34 __key.3
    52: 00000020     0 OBJECT  LOCAL  DEFAULT   34 __key.2
    53: 00000000     0 OBJECT  LOCAL  DEFAULT   34 __key.0
    54: 000000ba    71 FUNC    LOCAL  DEFAULT    5 psb_gtt_init.cold
    55: 00000000     0 FILE    LOCAL  DEFAULT  ABS intel_bios.c
    56: 00001f40   267 FUNC    LOCAL  DEFAULT    1 fill_detail_timing_data
    57: 00000101    50 FUNC    LOCAL  DEFAULT    5 psb_intel_init_bios.cold
    58: 00000000     0 FILE    LOCAL  DEFAULT  ABS intel_i2c.c
    59: 00002c00    30 FUNC    LOCAL  DEFAULT    1 get_clock
    60: 00002c20    30 FUNC    LOCAL  DEFAULT    1 get_data
    61: 00002c40    85 FUNC    LOCAL  DEFAULT    1 set_data
    62: 00002ca0    81 FUNC    LOCAL  DEFAULT    1 set_clock
    63: 00000000     0 FILE    LOCAL  DEFAULT  ABS intel_gmbus.c
    64: 00002e50    38 FUNC    LOCAL  DEFAULT    1 gmbus_func
    65: 00002e80   276 FUNC    LOCAL  DEFAULT    1 intel_gpio_create
    66: 000001a0    32 OBJECT  LOCAL  DEFAULT   15 map_pin_to_reg.0
    67: 00003010    96 FUNC    LOCAL  DEFAULT    1 set_data
    68: 00003070    92 FUNC    LOCAL  DEFAULT    1 set_clock
    69: 00002fa0   105 FUNC    LOCAL  DEFAULT    1 get_data
    70: 000030d0   105 FUNC    LOCAL  DEFAULT    1 get_clock
    71: 00003140   116 FUNC    LOCAL  DEFAULT    1 intel_i2c_quirk_xfer.isra.0
    72: 000031c0   991 FUNC    LOCAL  DEFAULT    1 gmbus_xfer
    73: 00000133   107 FUNC    LOCAL  DEFAULT    5 gmbus_xfer.cold
    74: 000001c0    32 OBJECT  LOCAL  DEFAULT   15 names.1
    75: 000001e0    28 OBJECT  LOCAL  DEFAULT   15 gmbus_algorithm
    76: 00000000     0 FILE    LOCAL  DEFAULT  ABS mmu.c
    77: 00003840   126 FUNC    LOCAL  DEFAULT    1 psb_mmu_flush_pd_locked.constprop.0
    78: 000038c0   127 FUNC    LOCAL  DEFAULT    1 psb_mmu_pt_map_lock
    79: 00003940   231 FUNC    LOCAL  DEFAULT    1 psb_mmu_pt_unmap_unlock
    80: 00003a30   252 FUNC    LOCAL  DEFAULT    1 psb_mmu_flush_ptes
    81: 00000020     0 OBJECT  LOCAL  DEFAULT   34 __key.0
    82: 00000000     0 FILE    LOCAL  DEFAULT  ABS blitter.c
    83: 00000000     0 FILE    LOCAL  DEFAULT  ABS power.c
    84: 00004be0   168 FUNC    LOCAL  DEFAULT    1 gma_resume_pci
    85: 0000019e    38 FUNC    LOCAL  DEFAULT    5 gma_resume_pci.cold
    86: 00000020     0 OBJECT  LOCAL  DEFAULT   34 __key.0
    87: 00000020     4 OBJECT  LOCAL  DEFAULT   34 power_ctrl_lock
    88: 00000024    20 OBJECT  LOCAL  DEFAULT   34 power_mutex
    89: 00000000     0 FILE    LOCAL  DEFAULT  ABS psb_drv.c
    90: 000050f0   346 FUNC    LOCAL  DEFAULT    1 psb_driver_unload
    91: 00005250    36 FUNC    LOCAL  DEFAULT    1 psb_pci_remove
    92: 00005280   126 FUNC    LOCAL  DEFAULT    1 psb_unlocked_ioctl
    93: 00000038     4 OBJECT  LOCAL  DEFAULT   34 runtime_allowed.1
    94: 00005300  1462 FUNC    LOCAL  DEFAULT    1 psb_pci_probe
    95: 000000a0   212 OBJECT  LOCAL  DEFAULT   30 driver
    96: 000001c4    25 FUNC    LOCAL  DEFAULT    5 psb_pci_probe.cold
    97: 00000000    25 FUNC    LOCAL  DEFAULT    7 psb_init
    98: 00000000   136 OBJECT  LOCAL  DEFAULT   30 psb_pci_driver
    99: 00000000    15 FUNC    LOCAL  DEFAULT    9 psb_exit
   100: 00000000    12 OBJECT  LOCAL  DEFAULT   23 __UNIQUE_ID_license229
   101: 0000000c    70 OBJECT  LOCAL  DEFAULT   23 __UNIQUE_ID_description228
   102: 00000052    50 OBJECT  LOCAL  DEFAULT   23 __UNIQUE_ID_author227
   103: 00000360   784 OBJECT  LOCAL  DEFAULT   15 pciidlist
   104: 000002e0    92 OBJECT  LOCAL  DEFAULT   15 psb_pm_ops
   105: 00000200   132 OBJECT  LOCAL  DEFAULT   15 psb_gem_fops
   106: 000002a0    52 OBJECT  LOCAL  DEFAULT   15 psb_gem_vm_ops
   107: 0000033c    16 OBJECT  LOCAL  DEFAULT   15 psb_ioctls
   108: 00000000     0 FILE    LOCAL  DEFAULT  ABS gma_display.c
   109: 000001dd    52 FUNC    LOCAL  DEFAULT    5 gma_pipe_set_base.cold
   110: 00000211    48 FUNC    LOCAL  DEFAULT    5 gma_crtc_cursor_set.cold
   111: 00000241    20 FUNC    LOCAL  DEFAULT    5 gma_crtc_save.cold
   112: 00000255    20 FUNC    LOCAL  DEFAULT    5 gma_crtc_restore.cold
   113: 00000000     0 FILE    LOCAL  DEFAULT  ABS gma_device.c
   114: 00000000     0 FILE    LOCAL  DEFAULT  ABS psb_intel_display.c
   115: 00007040    59 FUNC    LOCAL  DEFAULT    1 psb_intel_clock
   116: 00007080  1422 FUNC    LOCAL  DEFAULT    1 psb_intel_crtc_mode_set
   117: 00007610    39 FUNC    LOCAL  DEFAULT    1 psb_intel_limit
   118: 00000740   160 OBJECT  LOCAL  DEFAULT   15 psb_intel_limits
   119: 00000269    30 FUNC    LOCAL  DEFAULT    5 psb_intel_crtc_init.cold
   120: 00000000     0 FILE    LOCAL  DEFAULT  ABS psb_intel_lvds.c
   121: 00007d60   131 FUNC    LOCAL  DEFAULT    1 psb_intel_lvds_get_max_backlight
   122: 00007df0   242 FUNC    LOCAL  DEFAULT    1 psb_intel_lvds_save
   123: 00007ef0    78 FUNC    LOCAL  DEFAULT    1 psb_intel_lvds_mode_set
   124: 00007f40   112 FUNC    LOCAL  DEFAULT    1 psb_intel_lvds_set_backlight
   125: 00007fb0   217 FUNC    LOCAL  DEFAULT    1 psb_intel_lvds_set_power
   126: 00000287    20 FUNC    LOCAL  DEFAULT    5 psb_intel_lvds_set_power.cold
   127: 00008090    69 FUNC    LOCAL  DEFAULT    1 psb_intel_lvds_commit
   128: 000080e0    82 FUNC    LOCAL  DEFAULT    1 psb_intel_lvds_prepare
   129: 00008140    33 FUNC    LOCAL  DEFAULT    1 psb_intel_lvds_encoder_dpms
   130: 00008170   347 FUNC    LOCAL  DEFAULT    1 psb_intel_lvds_restore
   131: 0000029b    44 FUNC    LOCAL  DEFAULT    5 psb_intel_lvds_mode_fixup.cold
   132: 000085a0   127 FUNC    LOCAL  DEFAULT    1 psb_intel_lvds_get_modes
   133: 000002c7    40 FUNC    LOCAL  DEFAULT    5 psb_intel_lvds_set_brightness.cold
   134: 00000860    52 OBJECT  LOCAL  DEFAULT   15 psb_intel_lvds_helper_funcs
   135: 000002ef   192 FUNC    LOCAL  DEFAULT    5 psb_intel_lvds_init.cold
   136: 00000000     0 FILE    LOCAL  DEFAULT  ABS psb_intel_modes.c
   137: 00000000     0 FILE    LOCAL  DEFAULT  ABS psb_intel_sdvo.c
   138: 00008a80   325 FUNC    LOCAL  DEFAULT    1 psb_intel_sdvo_get_dtd_from_mode
   139: 00008bd0   102 FUNC    LOCAL  DEFAULT    1 psb_intel_sdvo_mode_valid
   140: 00008c40    22 FUNC    LOCAL  DEFAULT    1 psb_intel_sdvo_ddc_proxy_func
   141: 00008c60    43 FUNC    LOCAL  DEFAULT    1 psb_intel_sdvo_save
   142: 00008c90    43 FUNC    LOCAL  DEFAULT    1 psb_intel_sdvo_enc_destroy
   143: 00008cc0    97 FUNC    LOCAL  DEFAULT    1 psb_intel_sdvo_restore
   144: 00008d30    30 FUNC    LOCAL  DEFAULT    1 psb_intel_sdvo_destroy
   145: 00008d50   825 FUNC    LOCAL  DEFAULT    1 psb_intel_sdvo_write_cmd
   146: 00001220   856 OBJECT  LOCAL  DEFAULT   15 sdvo_cmd_names
   147: 00009090   108 FUNC    LOCAL  DEFAULT    1 psb_intel_sdvo_ddc_proxy_xfer
   148: 00009100   120 FUNC    LOCAL  DEFAULT    1 psb_intel_sdvo_read_byte.isra.0
   149: 00009180   400 FUNC    LOCAL  DEFAULT    1 psb_intel_sdvo_read_response
   150: 000011f0    28 OBJECT  LOCAL  DEFAULT   15 cmd_status_names
   151: 00009310   429 FUNC    LOCAL  DEFAULT    1 psb_intel_sdvo_write_sdvox
   152: 000094c0   661 FUNC    LOCAL  DEFAULT    1 psb_intel_sdvo_detect
   153: 00009760    97 FUNC    LOCAL  DEFAULT    1 psb_intel_sdvo_set_timing
   154: 000097d0   180 FUNC    LOCAL  DEFAULT    1 psb_intel_sdvo_set_output_timings_from_mode
   155: 00009890   597 FUNC    LOCAL  DEFAULT    1 psb_intel_sdvo_get_modes
   156: 000009a0  2128 OBJECT  LOCAL  DEFAULT   15 sdvo_tv_modes
   157: 00009af0   321 FUNC    LOCAL  DEFAULT    1 psb_intel_sdvo_dvi_init
   158: 00000920    60 OBJECT  LOCAL  DEFAULT   15 psb_intel_sdvo_connector_funcs
   159: 000008e0    40 OBJECT  LOCAL  DEFAULT   15 psb_intel_sdvo_connector_helper_funcs
   160: 00009c40  1511 FUNC    LOCAL  DEFAULT    1 psb_intel_sdvo_set_property
   161: 0000a230   552 FUNC    LOCAL  DEFAULT    1 psb_intel_sdvo_dpms
   162: 0000a460   728 FUNC    LOCAL  DEFAULT    1 psb_intel_sdvo_set_input_timings_for_mode.isra.0
   163: 0000a740   172 FUNC    LOCAL  DEFAULT    1 psb_intel_sdvo_mode_fixup
   164: 0000a7f0  3890 FUNC    LOCAL  DEFAULT    1 psb_intel_sdvo_create_enhance_property
   165: 0000b730   620 FUNC    LOCAL  DEFAULT    1 psb_intel_sdvo_tv_init
   166: 00001580    76 OBJECT  LOCAL  DEFAULT   15 tv_format_names
   167: 0000b9a0   255 FUNC    LOCAL  DEFAULT    1 psb_intel_sdvo_lvds_init
   168: 0000baa0   783 FUNC    LOCAL  DEFAULT    1 psb_intel_sdvo_mode_set
   169: 000003af    90 FUNC    LOCAL  DEFAULT    5 psb_intel_sdvo_mode_set.cold
   170: 000008a0    28 OBJECT  LOCAL  DEFAULT   15 psb_intel_sdvo_ddc_proxy
   171: 000008bc    16 OBJECT  LOCAL  DEFAULT   15 psb_intel_sdvo_enc_funcs
   172: 00000960    52 OBJECT  LOCAL  DEFAULT   15 psb_intel_sdvo_helper_funcs
   173: 00000000     0 FILE    LOCAL  DEFAULT  ABS psb_lid.c
   174: 0000c520   365 FUNC    LOCAL  DEFAULT    1 psb_lid_timer_func
   175: 00000000     0 FILE    LOCAL  DEFAULT  ABS psb_irq.c
   176: 0000c740   354 FUNC    LOCAL  DEFAULT    1 mid_pipe_event_handler
   177: 000015e4    23 OBJECT  LOCAL  DEFAULT   15 __func__.1
   178: 00000409    52 FUNC    LOCAL  DEFAULT    5 psb_get_vblank_counter.cold
   179: 000015cc    23 OBJECT  LOCAL  DEFAULT   15 __func__.0
   180: 00000000     0 FILE    LOCAL  DEFAULT  ABS psb_device.c
   181: 0000d920     6 FUNC    LOCAL  DEFAULT    1 psb_get_brightness
   182: 00000040     4 OBJECT  LOCAL  DEFAULT   34 psb_brightness
   183: 0000d930     3 FUNC    LOCAL  DEFAULT    1 psb_power_down
   184: 0000d940    46 FUNC    LOCAL  DEFAULT    1 psb_set_brightness
   185: 0000003c     4 OBJECT  LOCAL  DEFAULT   34 psb_backlight_device
   186: 0000d970   364 FUNC    LOCAL  DEFAULT    1 psb_restore_display_registers
   187: 0000dae0   332 FUNC    LOCAL  DEFAULT    1 psb_save_display_registers
   188: 0000dc30    51 FUNC    LOCAL  DEFAULT    1 psb_init_pm
   189: 0000dc70    41 FUNC    LOCAL  DEFAULT    1 psb_output_init
   190: 0000dca0    26 FUNC    LOCAL  DEFAULT    1 psb_chip_teardown
   191: 0000dcc0    51 FUNC    LOCAL  DEFAULT    1 psb_chip_setup
   192: 00001680   184 OBJECT  LOCAL  DEFAULT   15 psb_regmap
   193: 0000dd00   357 FUNC    LOCAL  DEFAULT    1 psb_backlight_init
   194: 00001738    16 OBJECT  LOCAL  DEFAULT   15 psb_ops
   195: 0000043d    31 FUNC    LOCAL  DEFAULT    5 psb_backlight_init.cold
   196: 0000de70     3 FUNC    LOCAL  DEFAULT    1 psb_power_up
   197: 00000000     0 FILE    LOCAL  DEFAULT  ABS mid_bios.c
   198: 0000de80   292 FUNC    LOCAL  DEFAULT    1 mid_get_vbt_data_r1
   199: 0000dfb0   292 FUNC    LOCAL  DEFAULT    1 mid_get_vbt_data_r0
   200: 0000045c   228 FUNC    LOCAL  DEFAULT    5 mid_chip_setup.cold
   201: 00000000     0 FILE    LOCAL  DEFAULT  ABS opregion.c
   202: 0000e4c0    35 FUNC    LOCAL  DEFAULT    1 psb_intel_opregion_video_event
   203: 00000044     4 OBJECT  LOCAL  DEFAULT   34 system_opregion
   204: 0000e4f0   222 FUNC    LOCAL  DEFAULT    1 psb_intel_opregion_asle_work
   205: 00000174    12 OBJECT  LOCAL  DEFAULT   30 psb_intel_opregion_notifier
   206: 00000000     0 FILE    LOCAL  DEFAULT  ABS cdv_device.c
   207: 0000e8c0   660 FUNC    LOCAL  DEFAULT    1 cdv_save_display_registers
   208: 0000eb60    70 FUNC    LOCAL  DEFAULT    1 cdv_power_down
   209: 0000ebb0    70 FUNC    LOCAL  DEFAULT    1 cdv_power_up
   210: 0000ec00   289 FUNC    LOCAL  DEFAULT    1 cdv_output_init
   211: 0000ed30    16 FUNC    LOCAL  DEFAULT    1 cdv_hotplug_work_func
   212: 0000ed40   117 FUNC    LOCAL  DEFAULT    1 cdv_hotplug_enable
   213: 0000edc0   113 FUNC    LOCAL  DEFAULT    1 cdv_chip_setup
   214: 000017e0   184 OBJECT  LOCAL  DEFAULT   15 cdv_regmap
   215: 00000540    20 FUNC    LOCAL  DEFAULT    5 cdv_chip_setup.cold
   216: 0000ee40    73 FUNC    LOCAL  DEFAULT    1 cdv_errata
   217: 0000ee90   921 FUNC    LOCAL  DEFAULT    1 cdv_restore_display_registers
   218: 0000f230    80 FUNC    LOCAL  DEFAULT    1 cdv_hotplug_event
   219: 0000f280   259 FUNC    LOCAL  DEFAULT    1 cdv_init_pm
   220: 00000554    20 FUNC    LOCAL  DEFAULT    5 cdv_init_pm.cold
   221: 0000f390   108 FUNC    LOCAL  DEFAULT    1 cdv_get_max_backlight
   222: 0000f400   178 FUNC    LOCAL  DEFAULT    1 cdv_set_brightness
   223: 0000f4c0   151 FUNC    LOCAL  DEFAULT    1 cdv_get_brightness
   224: 0000f560   202 FUNC    LOCAL  DEFAULT    1 cdv_backlight_init
   225: 00001898    16 OBJECT  LOCAL  DEFAULT   15 cdv_ops
   226: 00000048     4 OBJECT  LOCAL  DEFAULT   34 cdv_backlight_device
   227: 00000000     0 FILE    LOCAL  DEFAULT  ABS cdv_intel_crt.c
   228: 0000f740    44 FUNC    LOCAL  DEFAULT    1 cdv_intel_crt_mode_valid
   229: 0000f770     3 FUNC    LOCAL  DEFAULT    1 cdv_intel_crt_set_property
   230: 0000f780    22 FUNC    LOCAL  DEFAULT    1 cdv_intel_crt_get_modes
   231: 0000f7a0   151 FUNC    LOCAL  DEFAULT    1 cdv_intel_crt_mode_set
   232: 0000f840   119 FUNC    LOCAL  DEFAULT    1 cdv_intel_crt_dpms
   233: 0000f8c0    46 FUNC    LOCAL  DEFAULT    1 cdv_intel_crt_destroy
   234: 0000f8f0   242 FUNC    LOCAL  DEFAULT    1 cdv_intel_crt_detect
   235: 00001900    60 OBJECT  LOCAL  DEFAULT   15 cdv_intel_crt_connector_funcs
   236: 00001940    52 OBJECT  LOCAL  DEFAULT   15 cdv_intel_crt_helper_funcs
   237: 000018c0    40 OBJECT  LOCAL  DEFAULT   15 cdv_intel_crt_connector_helper_funcs
   238: 00000568    56 FUNC    LOCAL  DEFAULT    5 cdv_intel_crt_init.cold
   239: 00000000     0 FILE    LOCAL  DEFAULT  ABS cdv_intel_display.c
   240: 0000fac0    47 FUNC    LOCAL  DEFAULT    1 cdv_intel_clock
   241: 0000faf0   297 FUNC    LOCAL  DEFAULT    1 cdv_intel_find_dp_pll
   242: 0000fc20   140 FUNC    LOCAL  DEFAULT    1 cdv_intel_limit
   243: 00001a40   480 OBJECT  LOCAL  DEFAULT   15 cdv_intel_limits
   244: 0000ff50  2726 FUNC    LOCAL  DEFAULT    1 cdv_intel_crtc_mode_set
   245: 000005a0    25 FUNC    LOCAL  DEFAULT    5 cdv_intel_crtc_mode_set.cold
   246: 000005b9    33 FUNC    LOCAL  DEFAULT    5 cdv_intel_crtc_mode_get.cold
   247: 00000000     0 FILE    LOCAL  DEFAULT  ABS cdv_intel_hdmi.c
   248: 000110f0    80 FUNC    LOCAL  DEFAULT    1 cdv_hdmi_get_modes
   249: 00011140   109 FUNC    LOCAL  DEFAULT    1 cdv_hdmi_mode_set
   250: 000111b0    92 FUNC    LOCAL  DEFAULT    1 cdv_hdmi_dpms
   251: 00011210    55 FUNC    LOCAL  DEFAULT    1 cdv_hdmi_restore
   252: 00011250    39 FUNC    LOCAL  DEFAULT    1 cdv_hdmi_save
   253: 00011280    46 FUNC    LOCAL  DEFAULT    1 cdv_hdmi_destroy
   254: 000112b0   357 FUNC    LOCAL  DEFAULT    1 cdv_hdmi_set_property
   255: 00011420   108 FUNC    LOCAL  DEFAULT    1 cdv_hdmi_detect
   256: 00011490    45 FUNC    LOCAL  DEFAULT    1 cdv_hdmi_mode_valid
   257: 00001c20    60 OBJECT  LOCAL  DEFAULT   15 cdv_hdmi_connector_funcs
   258: 00001ca0    52 OBJECT  LOCAL  DEFAULT   15 cdv_hdmi_helper_funcs
   259: 00001c60    40 OBJECT  LOCAL  DEFAULT   15 cdv_hdmi_connector_helper_funcs
   260: 000005da    20 FUNC    LOCAL  DEFAULT    5 cdv_hdmi_init.cold
   261: 00000000     0 FILE    LOCAL  DEFAULT  ABS cdv_intel_lvds.c
   262: 00011660     1 FUNC    LOCAL  DEFAULT    1 cdv_intel_lvds_save
   263: 00011670    78 FUNC    LOCAL  DEFAULT    1 cdv_intel_lvds_mode_valid
   264: 000116c0    92 FUNC    LOCAL  DEFAULT    1 cdv_intel_lvds_get_modes
   265: 00011720   171 FUNC    LOCAL  DEFAULT    1 cdv_intel_lvds_mode_fixup
   266: 000005ee    18 FUNC    LOCAL  DEFAULT    5 cdv_intel_lvds_mode_fixup.cold
   267: 000117d0    46 FUNC    LOCAL  DEFAULT    1 cdv_intel_lvds_destroy
   268: 00011800   454 FUNC    LOCAL  DEFAULT    1 cdv_intel_lvds_set_property
   269: 000119d0    94 FUNC    LOCAL  DEFAULT    1 cdv_intel_lvds_mode_set
   270: 00011a30   104 FUNC    LOCAL  DEFAULT    1 cdv_intel_lvds_set_backlight
   271: 00011aa0   224 FUNC    LOCAL  DEFAULT    1 cdv_intel_lvds_set_power.isra.0
   272: 00011b80    33 FUNC    LOCAL  DEFAULT    1 cdv_intel_lvds_encoder_dpms
   273: 00011bb0    82 FUNC    LOCAL  DEFAULT    1 cdv_intel_lvds_prepare
   274: 00011c10   122 FUNC    LOCAL  DEFAULT    1 cdv_intel_lvds_commit
   275: 00011c90     1 FUNC    LOCAL  DEFAULT    1 cdv_intel_lvds_restore
   276: 00001ce0    60 OBJECT  LOCAL  DEFAULT   15 cdv_intel_lvds_connector_funcs
   277: 00001d60    52 OBJECT  LOCAL  DEFAULT   15 cdv_intel_lvds_helper_funcs
   278: 00001d20    40 OBJECT  LOCAL  DEFAULT   15 cdv_intel_lvds_connector_helper_funcs
   279: 00000600   104 FUNC    LOCAL  DEFAULT    5 cdv_intel_lvds_init.cold
   280: 00000000     0 FILE    LOCAL  DEFAULT  ABS cdv_intel_dp.c
   281: 00012000     6 FUNC    LOCAL  DEFAULT    1 i2c_algo_dp_aux_functionality
   282: 00012010    66 FUNC    LOCAL  DEFAULT    1 cdv_intel_reduce_ratio
   283: 00012060   669 FUNC    LOCAL  DEFAULT    1 cdv_intel_dp_aux_ch
   284: 00012300   266 FUNC    LOCAL  DEFAULT    1 cdv_intel_dp_aux_native_write
   285: 00012410   560 FUNC    LOCAL  DEFAULT    1 cdv_intel_dp_i2c_aux_ch
   286: 00012640   204 FUNC    LOCAL  DEFAULT    1 cdv_intel_dp_aux_native_read
   287: 00012710   157 FUNC    LOCAL  DEFAULT    1 cdv_intel_dp_set_link_train
   288: 000127b0    87 FUNC    LOCAL  DEFAULT    1 cdv_intel_dp_destroy
   289: 00012810   159 FUNC    LOCAL  DEFAULT    1 cdv_intel_dp_sink_dpms
   290: 000128b0   148 FUNC    LOCAL  DEFAULT    1 cdv_intel_dp_link_down.isra.0
   291: 00012950   213 FUNC    LOCAL  DEFAULT    1 cdv_intel_get_adjust_train.isra.0
   292: 00012a30   100 FUNC    LOCAL  DEFAULT    1 cdv_intel_edp_backlight_off.isra.0
   293: 00012aa0    84 FUNC    LOCAL  DEFAULT    1 cdv_intel_edp_backlight_on.isra.0
   294: 00012b00   264 FUNC    LOCAL  DEFAULT    1 cdv_intel_edp_panel_off.isra.0
   295: 00012c10   261 FUNC    LOCAL  DEFAULT    1 cdv_intel_edp_panel_on.isra.0
   296: 00012d20   372 FUNC    LOCAL  DEFAULT    1 cdv_intel_dp_mode_set
   297: 00012ea0    86 FUNC    LOCAL  DEFAULT    1 cdv_intel_edp_panel_vdd_off.isra.0
   298: 00012f00   364 FUNC    LOCAL  DEFAULT    1 cdv_intel_dp_get_modes
   299: 00013070   133 FUNC    LOCAL  DEFAULT    1 cdv_intel_edp_panel_vdd_on.isra.0
   300: 00013100   252 FUNC    LOCAL  DEFAULT    1 cdv_intel_dp_detect
   301: 00013200   382 FUNC    LOCAL  DEFAULT    1 cdv_intel_dp_set_property
   302: 00013380   101 FUNC    LOCAL  DEFAULT    1 cdv_intel_dp_prepare
   303: 000133f0   540 FUNC    LOCAL  DEFAULT    1 cdv_intel_dp_mode_fixup
   304: 00001da0     8 OBJECT  LOCAL  DEFAULT   15 bws.1
   305: 00013610   304 FUNC    LOCAL  DEFAULT    1 cdv_intel_dp_mode_valid
   306: 00013740   700 FUNC    LOCAL  DEFAULT    1 cdv_intel_dp_start_link_train
   307: 00013a00   808 FUNC    LOCAL  DEFAULT    1 cdv_intel_dp_complete_link_train
   308: 00013d30    68 FUNC    LOCAL  DEFAULT    1 cdv_intel_dp_commit
   309: 00013d80   229 FUNC    LOCAL  DEFAULT    1 cdv_intel_dp_dpms
   310: 00013e70   509 FUNC    LOCAL  DEFAULT    1 i2c_algo_dp_aux_xfer
   311: 00001e00    60 OBJECT  LOCAL  DEFAULT   15 cdv_intel_dp_connector_funcs
   312: 00001dc0    40 OBJECT  LOCAL  DEFAULT   15 cdv_intel_dp_connector_helper_funcs
   313: 00001e40    52 OBJECT  LOCAL  DEFAULT   15 cdv_intel_dp_helper_funcs
   314: 00001e74    28 OBJECT  LOCAL  DEFAULT   15 i2c_dp_aux_algo
   315: 00000668    31 FUNC    LOCAL  DEFAULT    5 cdv_intel_dp_init.cold
   316: 00000000     0 FILE    LOCAL  DEFAULT  ABS oaktrail_device.c
   317: 00014740     6 FUNC    LOCAL  DEFAULT    1 oaktrail_get_brightness
   318: 0000004c     4 OBJECT  LOCAL  DEFAULT   34 oaktrail_brightness
   319: 00014750   230 FUNC    LOCAL  DEFAULT    1 oaktrail_set_brightness
   320: 00000050     4 OBJECT  LOCAL  DEFAULT   34 oaktrail_backlight_device
   321: 00014840    65 FUNC    LOCAL  DEFAULT    1 oaktrail_power_down
   322: 00014890    63 FUNC    LOCAL  DEFAULT    1 oaktrail_power_up
   323: 000148d0  1339 FUNC    LOCAL  DEFAULT    1 oaktrail_restore_display_registers
   324: 00014e10  1342 FUNC    LOCAL  DEFAULT    1 oaktrail_save_display_registers
   325: 00015350    81 FUNC    LOCAL  DEFAULT    1 oaktrail_output_init
   326: 00000687    20 FUNC    LOCAL  DEFAULT    5 oaktrail_output_init.cold
   327: 000153b0    51 FUNC    LOCAL  DEFAULT    1 oaktrail_teardown
   328: 000153f0    96 FUNC    LOCAL  DEFAULT    1 oaktrail_chip_setup
   329: 00001f20   184 OBJECT  LOCAL  DEFAULT   15 oaktrail_regmap
   330: 0000069b    20 FUNC    LOCAL  DEFAULT    5 oaktrail_chip_setup.cold
   331: 00015450   388 FUNC    LOCAL  DEFAULT    1 oaktrail_backlight_init
   332: 00001fd8    16 OBJECT  LOCAL  DEFAULT   15 oaktrail_ops
   333: 00000000     0 FILE    LOCAL  DEFAULT  ABS oaktrail_crtc.c
   334: 000155e0    25 FUNC    LOCAL  DEFAULT    1 mrst_lvds_clock
   335: 00015600   387 FUNC    LOCAL  DEFAULT    1 oaktrail_pipe_set_base
   336: 000006af    25 FUNC    LOCAL  DEFAULT    5 oaktrail_pipe_set_base.cold
   337: 00015790   137 FUNC    LOCAL  DEFAULT    1 mrst_limit
   338: 000020e0   320 OBJECT  LOCAL  DEFAULT   15 mrst_limits
   339: 000006c8    22 FUNC    LOCAL  DEFAULT    5 mrst_limit.cold
   340: 00015820   420 FUNC    LOCAL  DEFAULT    1 mrst_sdvo_find_best_pll
   341: 000159d0   304 FUNC    LOCAL  DEFAULT    1 mrst_lvds_find_best_pll
   342: 00015b00  2928 FUNC    LOCAL  DEFAULT    1 oaktrail_crtc_mode_set
   343: 00002060   104 OBJECT  LOCAL  DEFAULT   15 oaktrail_m_converts
   344: 00016670  1644 FUNC    LOCAL  DEFAULT    1 oaktrail_crtc_dpms
   345: 00000000     0 FILE    LOCAL  DEFAULT  ABS oaktrail_lvds.c
   346: 00016ce0   176 FUNC    LOCAL  DEFAULT    1 oaktrail_lvds_mode_set
   347: 00016d90   270 FUNC    LOCAL  DEFAULT    1 oaktrail_lvds_set_power.isra.0
   348: 00016ea0    33 FUNC    LOCAL  DEFAULT    1 oaktrail_lvds_dpms
   349: 00016ed0    82 FUNC    LOCAL  DEFAULT    1 oaktrail_lvds_prepare
   350: 00016f30   122 FUNC    LOCAL  DEFAULT    1 oaktrail_lvds_commit
   351: 00002220    52 OBJECT  LOCAL  DEFAULT   15 oaktrail_lvds_helper_funcs
   352: 000006de    99 FUNC    LOCAL  DEFAULT    5 oaktrail_lvds_init.cold
   353: 00000000     0 FILE    LOCAL  DEFAULT  ABS oaktrail_lvds_i2c.c
   354: 00017390    23 FUNC    LOCAL  DEFAULT    1 get_clock
   355: 000173b0    23 FUNC    LOCAL  DEFAULT    1 get_data
   356: 000173d0    38 FUNC    LOCAL  DEFAULT    1 set_clock
   357: 00017400    38 FUNC    LOCAL  DEFAULT    1 set_data
   358: 00000000     0 FILE    LOCAL  DEFAULT  ABS oaktrail_hdmi.c
   359: 00017560    46 FUNC    LOCAL  DEFAULT    1 oaktrail_hdmi_dpms
   360: 00000180     4 OBJECT  LOCAL  DEFAULT   30 dpms_mode.0
   361: 00017590    89 FUNC    LOCAL  DEFAULT    1 oaktrail_hdmi_mode_set
   362: 000175f0     1 FUNC    LOCAL  DEFAULT    1 oaktrail_hdmi_destroy
   363: 00017600    52 FUNC    LOCAL  DEFAULT    1 oaktrail_hdmi_detect
   364: 00017640    69 FUNC    LOCAL  DEFAULT    1 oaktrail_hdmi_get_modes
   365: 00002340   128 OBJECT  LOCAL  DEFAULT   15 raw_edid
   366: 00017690    42 FUNC    LOCAL  DEFAULT    1 oaktrail_hdmi_mode_valid
   367: 00002260    24 OBJECT  LOCAL  DEFAULT   15 __func__.1
   368: 00002280    60 OBJECT  LOCAL  DEFAULT   15 oaktrail_hdmi_connector_funcs
   369: 00002300    52 OBJECT  LOCAL  DEFAULT   15 oaktrail_hdmi_helper_funcs
   370: 000022c0    40 OBJECT  LOCAL  DEFAULT   15 oaktrail_hdmi_connector_helper_funcs
   371: 00000741    85 FUNC    LOCAL  DEFAULT    5 oaktrail_hdmi_setup.cold
   372: 00000000     0 FILE    LOCAL  DEFAULT  ABS oaktrail_hdmi_i2c.c
   373: 000189c0     6 FUNC    LOCAL  DEFAULT    1 oaktrail_hdmi_i2c_func
   374: 000189d0   294 FUNC    LOCAL  DEFAULT    1 oaktrail_hdmi_i2c_handler
   375: 00018b00   345 FUNC    LOCAL  DEFAULT    1 oaktrail_hdmi_i2c_access
   376: 000001a0   632 OBJECT  LOCAL  DEFAULT   30 oaktrail_hdmi_i2c_adapter
   377: 00000054     0 OBJECT  LOCAL  DEFAULT   34 __key.0
   378: 00000054     0 OBJECT  LOCAL  DEFAULT   34 __key.2
   379: 000023c0    28 OBJECT  LOCAL  DEFAULT   15 oaktrail_hdmi_i2c_algorithm
   380: 00000000     0 FILE    LOCAL  DEFAULT  ABS gma500_bo_owner.c
   381: 00000418    20 OBJECT  LOCAL  DEFAULT   30 frozen_owner_lock
   382: 00000054     4 OBJECT  LOCAL  DEFAULT   34 frozen_claimed_device
   383: 000023dc    16 OBJECT  LOCAL  DEFAULT   15 fixed.1
   384: 00000000     0 FILE    LOCAL  DEFAULT  ABS frozen_kernel_contract.c
   385: 00019bc0   231 FUNC    LOCAL  DEFAULT    1 validate_user_views.part.0
   386: 000037e0   160 OBJECT  LOCAL  DEFAULT   15 requirements
   387: 00019cb0   659 FUNC    LOCAL  DEFAULT    1 sgx535_frozen_validate_bos.part.0
   388: 00002540  2784 OBJECT  LOCAL  DEFAULT   15 initial_dwords
   389: 00003020  1960 OBJECT  LOCAL  DEFAULT   15 expected_relocations
   390: 00002508    28 OBJECT  LOCAL  DEFAULT   15 expected_ta_offsets
   391: 000024a0   104 OBJECT  LOCAL  DEFAULT   15 expected_raster_offsets
   392: 00002460    64 OBJECT  LOCAL  DEFAULT   15 selected_cookie.1
   393: 00002400    96 OBJECT  LOCAL  DEFAULT   15 selected.0
   394: 00000000     0 FILE    LOCAL  DEFAULT  ABS frozen_fixed_service.c
   395: 00000000     0 FILE    LOCAL  DEFAULT  ABS frozen_fixed_io.c
   396: 00000000     0 FILE    LOCAL  DEFAULT  ABS gma500_fixed_backend.c
   397: 0001d760    22 FUNC    LOCAL  DEFAULT    1 fixed_barrier
   398: 0001d780    86 FUNC    LOCAL  DEFAULT    1 fixed_read
   399: 0001d7e0    78 FUNC    LOCAL  DEFAULT    1 fixed_write
   400: 0001d830    87 FUNC    LOCAL  DEFAULT    1 fixed_actions
   401: 00003884    12 OBJECT  LOCAL  DEFAULT   15 fixed_io
   402: 0001d890  2268 FUNC    LOCAL  DEFAULT    1 fixed_run
   403: 0000005c     4 OBJECT  LOCAL  DEFAULT   34 fixed_irq_lock
   404: 00000058     4 OBJECT  LOCAL  DEFAULT   34 fixed_irq_owner
   405: 0001e1c0   451 FUNC    LOCAL  DEFAULT    1 fixed_sample_and_ack
   406: 00000000     0 FILE    LOCAL  DEFAULT  ABS gma500_fixed_entry.c
   407: 0000042c    20 OBJECT  LOCAL  DEFAULT   30 fixed_attempt_mutex
   408: 00000060     1 OBJECT  LOCAL  DEFAULT   34 fixed_attempt_used
   409: 00000000     0 FILE    LOCAL  DEFAULT  ABS gma500_gfx.mod.c
   410: 00000084    43 OBJECT  LOCAL  DEFAULT   23 __UNIQUE_ID_alias118
   411: 000000af    43 OBJECT  LOCAL  DEFAULT   23 __UNIQUE_ID_alias117
   412: 000000da    43 OBJECT  LOCAL  DEFAULT   23 __UNIQUE_ID_alias116
   413: 00000105    43 OBJECT  LOCAL  DEFAULT   23 __UNIQUE_ID_alias115
   414: 00000130    43 OBJECT  LOCAL  DEFAULT   23 __UNIQUE_ID_alias114
   415: 0000015b    43 OBJECT  LOCAL  DEFAULT   23 __UNIQUE_ID_alias113
   416: 00000186    43 OBJECT  LOCAL  DEFAULT   23 __UNIQUE_ID_alias112
   417: 000001b1    43 OBJECT  LOCAL  DEFAULT   23 __UNIQUE_ID_alias111
   418: 000001dc    43 OBJECT  LOCAL  DEFAULT   23 __UNIQUE_ID_alias110
   419: 00000207    43 OBJECT  LOCAL  DEFAULT   23 __UNIQUE_ID_alias109
   420: 00000232    43 OBJECT  LOCAL  DEFAULT   23 __UNIQUE_ID_alias108
   421: 0000025d    43 OBJECT  LOCAL  DEFAULT   23 __UNIQUE_ID_alias107
   422: 00000288    43 OBJECT  LOCAL  DEFAULT   23 __UNIQUE_ID_alias106
   423: 000002b3    43 OBJECT  LOCAL  DEFAULT   23 __UNIQUE_ID_alias105
   424: 000002de    43 OBJECT  LOCAL  DEFAULT   23 __UNIQUE_ID_alias104
   425: 00000309    43 OBJECT  LOCAL  DEFAULT   23 __UNIQUE_ID_alias103
   426: 00000334    43 OBJECT  LOCAL  DEFAULT   23 __UNIQUE_ID_alias102
   427: 0000035f    43 OBJECT  LOCAL  DEFAULT   23 __UNIQUE_ID_alias101
   428: 0000038a    43 OBJECT  LOCAL  DEFAULT   23 __UNIQUE_ID_alias100
   429: 000003b5    43 OBJECT  LOCAL  DEFAULT   23 __UNIQUE_ID_alias99
   430: 000003e0    43 OBJECT  LOCAL  DEFAULT   23 __UNIQUE_ID_alias98
   431: 0000040b    43 OBJECT  LOCAL  DEFAULT   23 __UNIQUE_ID_alias97
   432: 00000436    43 OBJECT  LOCAL  DEFAULT   23 __UNIQUE_ID_alias96
   433: 00000461    43 OBJECT  LOCAL  DEFAULT   23 __UNIQUE_ID_alias95
   434: 0000048c    43 OBJECT  LOCAL  DEFAULT   23 __UNIQUE_ID_alias94
   435: 000004b7    43 OBJECT  LOCAL  DEFAULT   23 __UNIQUE_ID_alias93
   436: 000004e2    43 OBJECT  LOCAL  DEFAULT   23 __UNIQUE_ID_alias92
   437: 0000050d    46 OBJECT  LOCAL  DEFAULT   23 __UNIQUE_ID_depends91
   438: 00000000 14720 OBJECT  LOCAL  DEFAULT   27 ____versions
   439: 0000053b    12 OBJECT  LOCAL  DEFAULT   23 __UNIQUE_ID_retpoline90
   440: 00000547    16 OBJECT  LOCAL  DEFAULT   23 __UNIQUE_ID_name89
   441: 00000557    66 OBJECT  LOCAL  DEFAULT   23 __UNIQUE_ID_vermagic88
   442: 00000000    24 OBJECT  LOCAL  DEFAULT   26 _note_7
   443: 0001c2b0    76 FUNC    GLOBAL DEFAULT    1 sgx535_frozen_session_service_ready
   444: 0001c450   328 FUNC    GLOBAL DEFAULT    1 sgx535_frozen_session_observe_status
   445: 00000000     0 NOTYPE  GLOBAL DEFAULT  UND drm_framebuffer_cleanup
   446: 000050a0    21 FUNC    GLOBAL DEFAULT    1 psb_runtime_idle
   447: 0000d250   146 FUNC    GLOBAL DEFAULT    1 psb_irq_enable_dpst
   448: 00000000     0 NOTYPE  GLOBAL DEFAULT  UND drm_gem_fb_destroy
   449: 00001760   120 OBJECT  GLOBAL DEFAULT   15 cdv_chip_ops
   450: 00003880     4 OBJECT  GLOBAL DEFAULT   15 sgx535_gma500_fixed_backend_ops
   451: 0001cf10   435 FUNC    GLOBAL DEFAULT    1 sgx535_fixed_service_fire_ta
   452: 0001b770   299 FUNC    GLOBAL DEFAULT    1 sgx535_frozen_ta_schedule_plan
   453: 000019a0    96 OBJECT  GLOBAL DEFAULT   15 cdv_intel_crtc_funcs
   454: 00000000     0 NOTYPE  GLOBAL DEFAULT  UND pci_save_state
   455: 00000000     0 NOTYPE  GLOBAL DEFAULT  UND drm_kms_helper_poll_fini
   456: 00000000     0 NOTYPE  GLOBAL DEFAULT  UND drm_open
   457: 00000000     0 NOTYPE  GLOBAL DEFAULT  UND free_irq
   458: 0000d430   316 FUNC    GLOBAL DEFAULT    1 mdfld_enable_te
   459: 00001a40    80 FUNC    GLOBAL DEFAULT    1 psb_gtt_free_range
   460: 00005920    36 FUNC    GLOBAL DEFAULT    1 gma_wait_for_vblank
   461: 00003bd0   124 FUNC    GLOBAL DEFAULT    1 psb_mmu_set_pd_context
   462: 00000000     0 NOTYPE  GLOBAL DEFAULT  UND ioread32
   463: 00001600   120 OBJECT  GLOBAL DEFAULT   15 psb_chip_ops
   464: 00000000     0 NOTYPE  GLOBAL DEFAULT  UND try_module_get
   465: 00000000     0 NOTYPE  GLOBAL DEFAULT  UND drm_fb_helper_init
   466: 0001a9f0  1057 FUNC    GLOBAL DEFAULT    1 sgx535_frozen_ta_load_plan
   467: 00000000     0 NOTYPE  GLOBAL DEFAULT  UND request_resource
   468: 00000000     0 NOTYPE  GLOBAL DEFAULT  UND drm_poll
   469: 0001e3b0   211 FUNC    GLOBAL DEFAULT    1 sgx535_gma500_fixed_backend_begin
   470: 00000000     0 NOTYPE  GLOBAL DEFAULT  UND drm_fb_helper_debug_enter
   471: 00000000     0 NOTYPE  GLOBAL DEFAULT  UND vmf_insert_pfn
   472: 00000360   784 OBJECT  GLOBAL DEFAULT   15 __mod_pci__pciidlist_device_table
   473: 00000000     0 NOTYPE  GLOBAL DEFAULT  UND __init_rwsem
   474: 0001c5d0    30 FUNC    GLOBAL DEFAULT    1 sgx535_frozen_session_retire
   475: 00000000     0 NOTYPE  GLOBAL DEFAULT  UND drm_mode_crtc_set_gamma_size
   476: 00004f40    11 FUNC    GLOBAL DEFAULT    1 gma_power_is_on
   477: 00005c80  1175 FUNC    GLOBAL DEFAULT    1 gma_crtc_dpms
   478: 000083d0    49 FUNC    GLOBAL DEFAULT    1 psb_intel_lvds_destroy
   479: 0001c270    53 FUNC    GLOBAL DEFAULT    1 sgx535_frozen_session_advance
   480: 00000000     0 NOTYPE  GLOBAL DEFAULT  UND drm_mode_legacy_fb_format
   481: 000050d0    10 FUNC    GLOBAL DEFAULT    1 gma_power_freeze
   482: 00001a00    64 OBJECT  GLOBAL DEFAULT   15 cdv_intel_helper_funcs
   483: 00000000     0 NOTYPE  GLOBAL DEFAULT  UND drm_connector_register
   484: 00000000     0 NOTYPE  GLOBAL DEFAULT  UND __drm_err
   485: 00000000     0 NOTYPE  GLOBAL DEFAULT  UND backlight_device_unregister
   486: 00000000     0 NOTYPE  GLOBAL DEFAULT  UND drm_gem_get_pages
   487: 00000000     0 NOTYPE  GLOBAL DEFAULT  UND i2c_get_adapter
   488: 000186f0   707 FUNC    GLOBAL DEFAULT    1 oaktrail_hdmi_restore
   489: 0001a5e0    81 FUNC    GLOBAL DEFAULT    1 sgx535_frozen_scene_info32
   490: 00000000     0 NOTYPE  GLOBAL DEFAULT  UND pci_enable_device
   491: 00000000     0 NOTYPE  GLOBAL DEFAULT  UND iowrite32
   492: 00000000     0 NOTYPE  GLOBAL DEFAULT  UND drm_kms_helper_poll_init
   493: 00000000     0 NOTYPE  GLOBAL DEFAULT  UND drm_framebuffer_init
   494: 0000cdf0   260 FUNC    GLOBAL DEFAULT    1 psb_irq_preinstall
   495: 00000000     0 NOTYPE  GLOBAL DEFAULT  UND drm_fb_helper_lastclose
   496: 00000000     0 NOTYPE  GLOBAL DEFAULT  UND drm_property_create
   497: 0000e610    75 FUNC    GLOBAL DEFAULT    1 psb_intel_opregion_enable_asle
   498: 00005090    12 FUNC    GLOBAL DEFAULT    1 psb_runtime_resume
   499: 00000000     0 NOTYPE  GLOBAL DEFAULT  UND drm_fb_helper_setcmap
   500: 00001a90   122 FUNC    GLOBAL DEFAULT    1 psb_gtt_takedown
   501: 00000000     0 NOTYPE  GLOBAL DEFAULT  UND kmap_high
   502: 000006a0    96 OBJECT  GLOBAL DEFAULT   15 psb_intel_crtc_funcs
   503: 00004e90   173 FUNC    GLOBAL DEFAULT    1 gma_power_resume
   504: 00000000   576 OBJECT  GLOBAL DEFAULT   32 __this_module
   505: 00001160    34 FUNC    GLOBAL DEFAULT    1 psb_gem_free_object
   506: 00000000     0 NOTYPE  GLOBAL DEFAULT  UND drm_helper_disable_unused_functions
   507: 00006f50   204 FUNC    GLOBAL DEFAULT    1 gma_get_core_freq
   508: 00000000     0 NOTYPE  GLOBAL DEFAULT  UND drm_modeset_unlock_all
   509: 00000000     0 NOTYPE  GLOBAL DEFAULT  UND snprintf
   510: 00000000     0 NOTYPE  GLOBAL DEFAULT  UND complete
   511: 00000000     0 NOTYPE  GLOBAL DEFAULT  UND queue_work_on
   512: 00000000     0 NOTYPE  GLOBAL DEFAULT  UND drm_mode_probed_add
   513: 00003fb0   732 FUNC    GLOBAL DEFAULT    1 psb_mmu_pt_alloc_map_lock
   514: 00008410   399 FUNC    GLOBAL DEFAULT    1 psb_intel_lvds_set_property
   515: 00003c50   686 FUNC    GLOBAL DEFAULT    1 psb_mmu_alloc_pd
   516: 00000000     0 NOTYPE  GLOBAL DEFAULT  UND __stack_chk_guard
   517: 0001d330    30 FUNC    GLOBAL DEFAULT    1 sgx535_fixed_service_timeout
   518: 0001c3b0   150 FUNC    GLOBAL DEFAULT    1 sgx535_frozen_session_observe
   519: 00000000     0 NOTYPE  GLOBAL DEFAULT  UND i2c_bit_add_bus
   520: 0001c300    38 FUNC    GLOBAL DEFAULT    1 sgx535_frozen_session_abort
   521: 00000000     0 NOTYPE  GLOBAL DEFAULT  UND pci_dev_put
   522: 000079f0   534 FUNC    GLOBAL DEFAULT    1 psb_intel_crtc_init
   523: 00006990   602 FUNC    GLOBAL DEFAULT    1 gma_crtc_restore
   524: 00000700    64 OBJECT  GLOBAL DEFAULT   15 psb_intel_helper_funcs
   525: 00004d40   336 FUNC    GLOBAL DEFAULT    1 gma_power_suspend
   526: 00000000     0 NOTYPE  GLOBAL DEFAULT  UND __init_swait_queue_head
   527: 0001a640   378 FUNC    GLOBAL DEFAULT    1 sgx535_frozen_xhw_bind_fire_wire
   528: 00000000     0 NOTYPE  GLOBAL DEFAULT  UND pci_get_device
   529: 00000000     0 NOTYPE  GLOBAL DEFAULT  UND drm_modeset_lock_all
   530: 00000000     0 NOTYPE  GLOBAL DEFAULT  UND drm_fb_helper_fini
   531: 00001b10   906 FUNC    GLOBAL DEFAULT    1 psb_gtt_init
   532: 0001ae20  1345 FUNC    GLOBAL DEFAULT    1 sgx535_frozen_ta_fire_plan
   533: 00000000     0 NOTYPE  GLOBAL DEFAULT  UND set_pages_uc
   534: 0000cf00   270 FUNC    GLOBAL DEFAULT    1 psb_irq_postinstall
   535: 000035c0   356 FUNC    GLOBAL DEFAULT    1 gma_intel_setup_gmbus
   536: 00004440   244 FUNC    GLOBAL DEFAULT    1 psb_mmu_remove_pfn_sequence
   537: 00003f00   176 FUNC    GLOBAL DEFAULT    1 psb_mmu_free_pagedir
   538: 00000000     0 NOTYPE  GLOBAL DEFAULT  UND __pci_register_driver
   539: 00000000     0 NOTYPE  GLOBAL DEFAULT  UND drm_fb_helper_cfb_imageblit
   540: 00002d00   283 FUNC    GLOBAL DEFAULT    1 psb_intel_i2c_create
   541: 00004d00    53 FUNC    GLOBAL DEFAULT    1 gma_power_uninit
   542: 00000000   208 FUNC    GLOBAL DEFAULT    1 psb_spank
   543: 00000000     0 NOTYPE  GLOBAL DEFAULT  UND ioremap_cache
   544: 00000000     0 NOTYPE  GLOBAL DEFAULT  UND memcpy_fromio
   545: 00000000     0 NOTYPE  GLOBAL DEFAULT  UND iounmap
   546: 00010a00    77 FUNC    GLOBAL DEFAULT    1 cdv_sb_reset
   547: 00000000    15 FUNC    GLOBAL DEFAULT    9 cleanup_module
   548: 00017430   303 FUNC    GLOBAL DEFAULT    1 oaktrail_lvds_i2c_init
   549: 0001a060    46 FUNC    GLOBAL DEFAULT    1 sgx535_frozen_validate_request
   550: 0001d420    53 FUNC    GLOBAL DEFAULT    1 sgx535_fixed_service_may_release
   551: 00000000     0 NOTYPE  GLOBAL DEFAULT  UND kunmap_atomic_high
   552: 00007640   936 FUNC    GLOBAL DEFAULT    1 psb_intel_crtc_mode_get
   553: 0001c910  1527 FUNC    GLOBAL DEFAULT    1 sgx535_fixed_service_prepare
   554: 00008a30    64 FUNC    GLOBAL DEFAULT    1 psb_intel_ddc_get_modes
   555: 00000000     0 NOTYPE  GLOBAL DEFAULT  UND drm_helper_hpd_irq_event
   556: 00000000     0 NOTYPE  GLOBAL DEFAULT  UND vunmap
   557: 00000000     0 NOTYPE  GLOBAL DEFAULT  UND kfree
   558: 0001bc50  1293 FUNC    GLOBAL DEFAULT    1 sgx535_frozen_apply_relocations
   559: 00004c90   106 FUNC    GLOBAL DEFAULT    1 gma_power_init
   560: 00000820    40 OBJECT  GLOBAL DEFAULT   15 psb_intel_lvds_connector_helper_funcs
   561: 000065f0    52 FUNC    GLOBAL DEFAULT    1 gma_crtc_disable
   562: 00008740   631 FUNC    GLOBAL DEFAULT    1 psb_intel_lvds_init
   563: 0000d010   281 FUNC    GLOBAL DEFAULT    1 psb_irq_uninstall
   564: 00006790    96 FUNC    GLOBAL DEFAULT    1 gma_crtc_set_config
   565: 00019f50   272 FUNC    GLOBAL DEFAULT    1 sgx535_frozen_initialize_user_images
   566: 000003a0   304 FUNC    GLOBAL DEFAULT    1 psbfb_sync
   567: 00000000     0 NOTYPE  GLOBAL DEFAULT  UND drm_crtc_cleanup
   568: 00000000     0 NOTYPE  GLOBAL DEFAULT  UND drm_fb_helper_fill_info
   569: 00001ea0   146 FUNC    GLOBAL DEFAULT    1 psb_gtt_restore
   570: 00000000     0 NOTYPE  GLOBAL DEFAULT  UND timer_delete_sync
   571: 00000000     0 NOTYPE  GLOBAL DEFAULT  UND pci_set_power_state
   572: 000065b0    23 FUNC    GLOBAL DEFAULT    1 gma_crtc_prepare
   573: 00000000     0 NOTYPE  GLOBAL DEFAULT  UND drm_encoder_cleanup
   574: 00000000     0 NOTYPE  GLOBAL DEFAULT  UND drm_gem_object_init
   575: 00000000     0 NOTYPE  GLOBAL DEFAULT  UND drm_connector_unregister
   576: 00007c10    87 FUNC    GLOBAL DEFAULT    1 psb_intel_get_crtc_from_pipe
   577: 000182e0   274 FUNC    GLOBAL DEFAULT    1 oaktrail_hdmi_setup
   578: 00000000     0 NOTYPE  GLOBAL DEFAULT  UND drmm_mode_config_init
   579: 00000000     0 NOTYPE  GLOBAL DEFAULT  UND _raw_spin_lock_irqsave
   580: 0001a560   116 FUNC    GLOBAL DEFAULT    1 sgx535_frozen_validate_register_offsets
   581: 00000000     0 NOTYPE  GLOBAL DEFAULT  UND drm_crtc_init
   582: 00000000     0 NOTYPE  GLOBAL DEFAULT  UND _raw_spin_lock
   583: 00000000     0 NOTYPE  GLOBAL DEFAULT  UND drm_fb_helper_alloc_fbi
   584: 00000000     0 NOTYPE  GLOBAL DEFAULT  UND drm_detect_hdmi_monitor
   585: 00000000     0 NOTYPE  GLOBAL DEFAULT  UND kmem_cache_alloc_trace
   586: 00000000     0 NOTYPE  GLOBAL DEFAULT  UND __x86_indirect_thunk_edx
   587: 00000000     0 NOTYPE  GLOBAL DEFAULT  UND pci_unregister_driver
   588: 000058c0    86 FUNC    GLOBAL DEFAULT    1 gma_pipe_has_type
   589: 00000610    85 FUNC    GLOBAL DEFAULT    1 gma_backlight_exit
   590: 00006bf0    20 FUNC    GLOBAL DEFAULT    1 gma_encoder_prepare
   591: 0001e510   566 FUNC    GLOBAL DEFAULT    1 sgx535_gma500_fixed_attempt
   592: 00000000    25 FUNC    GLOBAL DEFAULT    7 init_module
   593: 00006120   967 FUNC    GLOBAL DEFAULT    1 gma_crtc_cursor_set
   594: 00004f50   219 FUNC    GLOBAL DEFAULT    1 gma_power_begin
   595: 00000000     0 NOTYPE  GLOBAL DEFAULT  UND jiffies_to_usecs
   596: 00000000     0 NOTYPE  GLOBAL DEFAULT  UND drm_crtc_vblank_get
   597: 00000000     0 NOTYPE  GLOBAL DEFAULT  UND drm_gem_object_lookup
   598: 00000000     0 NOTYPE  GLOBAL DEFAULT  UND drm_crtc_send_vblank_event
   599: 00000000     0 NOTYPE  GLOBAL DEFAULT  UND drm_connector_attach_encoder
   600: 0001e750   237 FUNC    GLOBAL DEFAULT    1 sgx535_gma500_fixed_ioctl
   601: 00000000     0 NOTYPE  GLOBAL DEFAULT  UND pci_read_config_dword
   602: 00000000     0 NOTYPE  GLOBAL DEFAULT  UND set_pages_wb
   603: 00000000     0 NOTYPE  GLOBAL DEFAULT  UND wait_for_completion_interruptible_timeout
   604: 00000000     0 NOTYPE  GLOBAL DEFAULT  UND __pm_runtime_set_status
   605: 00000000     0 NOTYPE  GLOBAL DEFAULT  UND drm_mode_debug_printmodeline
   606: 00000000     0 NOTYPE  GLOBAL DEFAULT  UND __x86_indirect_thunk_ecx
   607: 00000000     0 NOTYPE  GLOBAL DEFAULT  UND drm_crtc_helper_set_mode
   608: 00001960   211 FUNC    GLOBAL DEFAULT    1 psb_gtt_alloc_range
   609: 00019090   508 FUNC    GLOBAL DEFAULT    1 sgx535_gma500_owner_flush_user_images
   610: 00000000     0 NOTYPE  GLOBAL DEFAULT  UND drm_fb_helper_blank
   611: 00000000     0 NOTYPE  GLOBAL DEFAULT  UND drm_object_property_get_value
   612: 00000000     0 NOTYPE  GLOBAL DEFAULT  UND drm_gem_private_object_init
   613: 00000000     0 NOTYPE  GLOBAL DEFAULT  UND drm_fb_helper_check_var
   614: 00000000     0 NOTYPE  GLOBAL DEFAULT  UND __stack_chk_fail
   615: 000065d0    20 FUNC    GLOBAL DEFAULT    1 gma_crtc_commit
   616: 00000000     0 NOTYPE  GLOBAL DEFAULT  UND vmalloc_user
   617: 00000000     0 NOTYPE  GLOBAL DEFAULT  UND refcount_warn_saturate
   618: 00002000    12 OBJECT  GLOBAL DEFAULT   15 mrst_clock_funcs
   619: 00000000     0 NOTYPE  GLOBAL DEFAULT  UND drm_framebuffer_unregister_private
   620: 00000000     0 NOTYPE  GLOBAL DEFAULT  UND register_acpi_notifier
   621: 00006630    36 FUNC    GLOBAL DEFAULT    1 gma_crtc_destroy
   622: 000114c0   412 FUNC    GLOBAL DEFAULT    1 cdv_hdmi_init
   623: 00000000     0 NOTYPE  GLOBAL DEFAULT  UND drm_mode_create_scaling_mode_property
   624: 00000000     0 NOTYPE  GLOBAL DEFAULT  UND usleep_range
   625: 00000000     0 NOTYPE  GLOBAL DEFAULT  UND i2c_add_numbered_adapter
   626: 00000000     0 NOTYPE  GLOBAL DEFAULT  UND drm_clflush_pages
   627: 00000000     0 NOTYPE  GLOBAL DEFAULT  UND set_pages_array_wb
   628: 00005080    10 FUNC    GLOBAL DEFAULT    1 psb_runtime_suspend
   629: 000000d0   716 FUNC    GLOBAL DEFAULT    1 psbfb_copyarea
   630: 000176c0  1803 FUNC    GLOBAL DEFAULT    1 oaktrail_crtc_hdmi_mode_set
   631: 00006c10    17 FUNC    GLOBAL DEFAULT    1 gma_encoder_commit
   632: 00000000     0 NOTYPE  GLOBAL DEFAULT  UND __free_pages
   633: 00000000     0 NOTYPE  GLOBAL DEFAULT  UND drm_gem_mmap
   634: 00000000     0 NOTYPE  GLOBAL DEFAULT  UND _dev_info
   635: 00000000     0 NOTYPE  GLOBAL DEFAULT  UND drm_fb_helper_output_poll_changed
   636: 00000000     0 NOTYPE  GLOBAL DEFAULT  UND drm_ioctl
   637: 00003b30   154 FUNC    GLOBAL DEFAULT    1 psb_mmu_flush
   638: 000005f0    26 FUNC    GLOBAL DEFAULT    1 gma_backlight_init
   639: 00000000     0 NOTYPE  GLOBAL DEFAULT  UND drm_mode_set_crtcinfo
   640: 00000000     0 NOTYPE  GLOBAL DEFAULT  UND i2c_del_adapter
   641: 0000d570   337 FUNC    GLOBAL DEFAULT    1 psb_enable_vblank
   642: 0001c6a0    36 FUNC    GLOBAL DEFAULT    1 sgx535_frozen_bootstrap_ready
   643: 0001d350   207 FUNC    GLOBAL DEFAULT    1 sgx535_fixed_service_retire
   644: 00000000     0 NOTYPE  GLOBAL DEFAULT  UND module_put
   645: 00001ea0   120 OBJECT  GLOBAL DEFAULT   15 oaktrail_chip_ops
   646: 00000000     0 NOTYPE  GLOBAL DEFAULT  UND drm_helper_crtc_in_use
   647: 00003890     4 OBJECT  GLOBAL DEFAULT   15 sgx535_gma500_fixed_backend_status_source
   648: 00006c30    23 FUNC    GLOBAL DEFAULT    1 gma_encoder_destroy
   649: 000037b0   118 FUNC    GLOBAL DEFAULT    1 gma_intel_teardown_gmbus
   650: 00000000     0 NOTYPE  GLOBAL DEFAULT  UND drm_gem_object_free
   651: 00000000     0 NOTYPE  GLOBAL DEFAULT  UND drm_gem_vm_close
   652: 000011a0   287 FUNC    GLOBAL DEFAULT    1 psb_gem_create
   653: 0001c620   122 FUNC    GLOBAL DEFAULT    1 sgx535_frozen_bootstrap_observe
   654: 00000000     0 NOTYPE  GLOBAL DEFAULT  UND drm_gem_vm_open
   655: 00000000     0 NOTYPE  GLOBAL DEFAULT  UND drm_fb_helper_prepare
   656: 000004d0    89 FUNC    GLOBAL DEFAULT    1 gma_backlight_enable
   657: 00000000     0 NOTYPE  GLOBAL DEFAULT  UND drm_connector_init
   658: 00000000     0 NOTYPE  GLOBAL DEFAULT  UND pci_enable_msi
   659: 00000000     0 NOTYPE  GLOBAL DEFAULT  UND down_write
   660: 00000000     0 NOTYPE  GLOBAL DEFAULT  UND _dev_err
   661: 00000000     0 NOTYPE  GLOBAL DEFAULT  UND up_write
   662: 00000000     0 NOTYPE  GLOBAL DEFAULT  UND __x86_indirect_thunk_edi
   663: 0000c700    15 FUNC    GLOBAL DEFAULT    1 psb_lid_timer_takedown
   664: 0001a990    96 FUNC    GLOBAL DEFAULT    1 sgx535_frozen_rev121_init_writes
   665: 00018440   675 FUNC    GLOBAL DEFAULT    1 oaktrail_hdmi_save
   666: 000050e0    12 FUNC    GLOBAL DEFAULT    1 gma_power_restore
   667: 000007e0    60 OBJECT  GLOBAL DEFAULT   15 psb_intel_lvds_connector_funcs
   668: 00002020    64 OBJECT  GLOBAL DEFAULT   15 oaktrail_helper_funcs
   669: 00000000     0 NOTYPE  GLOBAL DEFAULT  UND request_threaded_irq
   670: 0001e490   127 FUNC    GLOBAL DEFAULT    1 sgx535_gma500_fixed_backend_end
   671: 00019290   406 FUNC    GLOBAL DEFAULT    1 sgx535_gma500_owner_capture_color
   672: 00000000     0 NOTYPE  GLOBAL DEFAULT  UND add_timer
   673: 0000bdb0  1901 FUNC    GLOBAL DEFAULT    1 psb_intel_sdvo_init
   674: 00000000     0 NOTYPE  GLOBAL DEFAULT  UND drm_property_add_enum
   675: 00000000     0 NOTYPE  GLOBAL DEFAULT  UND drm_add_edid_modes
   676: 0000c950   153 FUNC    GLOBAL DEFAULT    1 psb_disable_pipestat
   677: 00005c70    12 FUNC    GLOBAL DEFAULT    1 gma_crtc_gamma_set
   678: 00008620   287 FUNC    GLOBAL DEFAULT    1 psb_intel_lvds_set_brightness
   679: 00000000     0 NOTYPE  GLOBAL DEFAULT  UND drm_read
   680: 000042b0    58 FUNC    GLOBAL DEFAULT    1 psb_get_default_pd_addr
   681: 00000000     0 NOTYPE  GLOBAL DEFAULT  UND drm_gem_object_release
   682: 00000000     0 NOTYPE  GLOBAL DEFAULT  UND pci_get_domain_bus_and_slot
   683: 00000000     0 NOTYPE  GLOBAL DEFAULT  UND kunmap_high
   684: 00000000     0 NOTYPE  GLOBAL DEFAULT  UND mem_section
   685: 00002e20    33 FUNC    GLOBAL DEFAULT    1 psb_intel_i2c_destroy
   686: 00000000     0 NOTYPE  GLOBAL DEFAULT  UND mutex_lock
   687: 000012c0    72 FUNC    GLOBAL DEFAULT    1 psb_gem_dumb_create
   688: 0001b370  1022 FUNC    GLOBAL DEFAULT    1 sgx535_frozen_raster_fire_plan
   689: 00000000     0 NOTYPE  GLOBAL DEFAULT  UND pci_read_config_word
   690: 000046c0   318 FUNC    GLOBAL DEFAULT    1 psb_mmu_insert_pfn_sequence
   691: 00000000     0 NOTYPE  GLOBAL DEFAULT  UND strncpy
   692: 00000000     0 NOTYPE  GLOBAL DEFAULT  UND _cond_resched
   693: 0001c5a0    38 FUNC    GLOBAL DEFAULT    1 sgx535_frozen_session_timeout
   694: 0001a250   110 FUNC    GLOBAL DEFAULT    1 sgx535_frozen_validate_relocations
   695: 0001bb30   277 FUNC    GLOBAL DEFAULT    1 sgx535_frozen_extract_commands
   696: 00000000     0 NOTYPE  GLOBAL DEFAULT  UND drm_crtc_vblank_on
   697: 0000e740   375 FUNC    GLOBAL DEFAULT    1 psb_intel_opregion_setup
   698: 00000000     0 NOTYPE  GLOBAL DEFAULT  UND pci_map_rom
   699: 00007c70   137 FUNC    GLOBAL DEFAULT    1 gma_connector_clones
   700: 00000000     0 NOTYPE  GLOBAL DEFAULT  UND vmap
   701: 00000000     0 NOTYPE  GLOBAL DEFAULT  UND drm_gem_handle_create
   702: 00000000     0 NOTYPE  GLOBAL DEFAULT  UND ioremap
   703: 00004800   502 FUNC    GLOBAL DEFAULT    1 psb_mmu_insert_pages
   704: 000064f0   186 FUNC    GLOBAL DEFAULT    1 gma_crtc_cursor_move
   705: 00000000     0 NOTYPE  GLOBAL DEFAULT  UND unregister_acpi_notifier
   706: 0000d130   285 FUNC    GLOBAL DEFAULT    1 psb_irq_turn_on_dpst
   707: 00000000     0 NOTYPE  GLOBAL DEFAULT  UND memcmp
   708: 0000c9f0  1014 FUNC    GLOBAL DEFAULT    1 psb_irq_handler
   709: 00000000     0 NOTYPE  GLOBAL DEFAULT  UND drm_mode_duplicate
   710: 00000000     0 NOTYPE  GLOBAL DEFAULT  UND drm_object_attach_property
   711: 00000000     0 NOTYPE  GLOBAL DEFAULT  UND printk
   712: 00000000     0 NOTYPE  GLOBAL DEFAULT  UND __x86_indirect_thunk_esi
   713: 00000000     0 NOTYPE  GLOBAL DEFAULT  UND drm_helper_mode_fill_fb_struct
   714: 00000000     0 NOTYPE  GLOBAL DEFAULT  UND __mutex_init
   715: 00000000     0 NOTYPE  GLOBAL DEFAULT  UND drm_crtc_vblank_put
   716: 00000000     0 NOTYPE  GLOBAL DEFAULT  UND kmap_atomic_high_prot
   717: 00005b50   282 FUNC    GLOBAL DEFAULT    1 gma_crtc_load_lut
   718: 00000000     0 NOTYPE  GLOBAL DEFAULT  UND drm_mode_set_name
   719: 00000000     0 NOTYPE  GLOBAL DEFAULT  UND current_task
   720: 00000000     0 NOTYPE  GLOBAL DEFAULT  UND _raw_spin_unlock_irqrestore
   721: 00005950   499 FUNC    GLOBAL DEFAULT    1 gma_pipe_set_base
   722: 0001a2c0   670 FUNC    GLOBAL DEFAULT    1 sgx535_frozen_plan_use_bases
   723: 00006c50     7 FUNC    GLOBAL DEFAULT    1 gma_best_encoder
   724: 00001310   177 FUNC    GLOBAL DEFAULT    1 psb_gem_fault
   725: 00000000     0 NOTYPE  GLOBAL DEFAULT  UND drm_dev_unregister
   726: 00000000     0 NOTYPE  GLOBAL DEFAULT  UND pci_restore_state
   727: 00006c60    16 FUNC    GLOBAL DEFAULT    1 gma_connector_attach_encoder
   728: 00000000     0 NOTYPE  GLOBAL DEFAULT  UND __default_kernel_pte_mask
   729: 000050c0    12 FUNC    GLOBAL DEFAULT    1 gma_power_thaw
   730: 00000000     0 NOTYPE  GLOBAL DEFAULT  UND drm_fb_helper_cfb_copyarea
   731: 0000d860   188 FUNC    GLOBAL DEFAULT    1 psb_get_vblank_counter
   732: 00010a50   161 FUNC    GLOBAL DEFAULT    1 cdv_disable_sr
   733: 00000000     0 NOTYPE  GLOBAL DEFAULT  UND drm_irq_install
   734: 00017dd0  1099 FUNC    GLOBAL DEFAULT    1 oaktrail_crtc_hdmi_dpms
   735: 0001d460   375 FUNC    GLOBAL DEFAULT    1 sgx535_fixed_service_run_once
   736: 00000000     0 NOTYPE  GLOBAL DEFAULT  UND memset
   737: 00000000     0 NOTYPE  GLOBAL DEFAULT  UND _dev_warn
   738: 000010b0   175 FUNC    GLOBAL DEFAULT    1 psb_modeset_cleanup
   739: 00000000     0 NOTYPE  GLOBAL DEFAULT  UND drm_dev_put
   740: 00000000     0 NOTYPE  GLOBAL DEFAULT  UND drm_helper_connector_dpms
   741: 00000000     0 NOTYPE  GLOBAL DEFAULT  UND drm_connector_update_edid_property
   742: 00000000     0 NOTYPE  GLOBAL DEFAULT  UND pci_set_master
   743: 00018220   179 FUNC    GLOBAL DEFAULT    1 oaktrail_hdmi_init
   744: 00000000     0 NOTYPE  GLOBAL DEFAULT  UND drm_handle_vblank
   745: 00000de0   130 FUNC    GLOBAL DEFAULT    1 psb_fbdev_init
   746: 000067f0   406 FUNC    GLOBAL DEFAULT    1 gma_crtc_save
   747: 00000000     0 NOTYPE  GLOBAL DEFAULT  UND drm_fb_helper_pan_display
   748: 00004a00   263 FUNC    GLOBAL DEFAULT    1 psb_mmu_virtual_to_pfn
   749: 00000680    12 OBJECT  GLOBAL DEFAULT   15 psb_clock_funcs
   750: 00018de0    48 FUNC    GLOBAL DEFAULT    1 oaktrail_hdmi_i2c_exit
   751: 0001a0d0   135 FUNC    GLOBAL DEFAULT    1 sgx535_frozen_validate_bos
   752: 00000000     0 NOTYPE  GLOBAL DEFAULT  UND drm_fb_helper_unregister_fbi
   753: 00006660   289 FUNC    GLOBAL DEFAULT    1 gma_crtc_page_flip
   754: 0001d0d0   608 FUNC    GLOBAL DEFAULT    1 sgx535_fixed_service_status
   755: 00000000     0 NOTYPE  GLOBAL DEFAULT  UND down_read
   756: 00000000     0 NOTYPE  GLOBAL DEFAULT  UND strcmp
   757: 00006d00   580 FUNC    GLOBAL DEFAULT    1 gma_find_best_pll
   758: 00000000     0 NOTYPE  GLOBAL DEFAULT  UND i2c_add_adapter
   759: 00000000     0 NOTYPE  GLOBAL DEFAULT  UND drm_get_format_info
   760: 00000000     0 NOTYPE  GLOBAL DEFAULT  UND drm_connector_cleanup
   761: 00000000     0 NOTYPE  GLOBAL DEFAULT  UND jiffies
   762: 00002050  2935 FUNC    GLOBAL DEFAULT    1 psb_intel_init_bios
   763: 00000000     0 NOTYPE  GLOBAL DEFAULT  UND acpi_video_register
   764: 00000000     0 NOTYPE  GLOBAL DEFAULT  UND drm_detect_monitor_audio
   765: 0000f6c0   117 FUNC    GLOBAL DEFAULT    1 cdv_intel_attach_broadcast_rgb_property
   766: 00000000     0 NOTYPE  GLOBAL DEFAULT  UND pv_ops
   767: 00000000     0 NOTYPE  GLOBAL DEFAULT  UND allocate_resource
   768: 00000000     0 NOTYPE  GLOBAL DEFAULT  UND __alloc_pages_nodemask
   769: 0000f9f0   207 FUNC    GLOBAL DEFAULT    1 cdv_intel_crt_init
   770: 000082d0   253 FUNC    GLOBAL DEFAULT    1 psb_intel_lvds_mode_fixup
   771: 0000d390   151 FUNC    GLOBAL DEFAULT    1 psb_irq_disable_dpst
   772: 0000c8b0   153 FUNC    GLOBAL DEFAULT    1 psb_enable_pipestat
   773: 00000590    93 FUNC    GLOBAL DEFAULT    1 gma_backlight_set
   774: 00000000     0 NOTYPE  GLOBAL DEFAULT  UND __drm_dbg
   775: 00016fb0   990 FUNC    GLOBAL DEFAULT    1 oaktrail_lvds_init
   776: 00000000     0 NOTYPE  GLOBAL DEFAULT  UND __preempt_count
   777: 00000000     0 NOTYPE  GLOBAL DEFAULT  UND pm_runtime_forbid
   778: 00000000     0 NOTYPE  GLOBAL DEFAULT  UND drm_object_property_set_value
   779: 00000000     0 NOTYPE  GLOBAL DEFAULT  UND drm_encoder_init
   780: 00000000     0 NOTYPE  GLOBAL DEFAULT  UND set_pages_array_wc
   781: 0001e390    17 FUNC    GLOBAL DEFAULT    1 sgx535_gma500_fixed_irq_unlock
   782: 00000000     0 NOTYPE  GLOBAL DEFAULT  UND drm_simple_encoder_init
   783: 00000000     0 NOTYPE  GLOBAL DEFAULT  UND drm_vblank_init
   784: 0001c370    54 FUNC    GLOBAL DEFAULT    1 sgx535_frozen_session_begin_raster
   785: 00000000     0 NOTYPE  GLOBAL DEFAULT  UND vfree
   786: 00000000     0 NOTYPE  GLOBAL DEFAULT  UND pm_runtime_allow
   787: 00000000     0 NOTYPE  GLOBAL DEFAULT  UND __pm_runtime_resume
   788: 0001a7c0   459 FUNC    GLOBAL DEFAULT    1 sgx535_frozen_ta_cookie
   789: 00001980    12 OBJECT  GLOBAL DEFAULT   15 cdv_clock_funcs
   790: 00000000     0 NOTYPE  GLOBAL DEFAULT  UND mutex_unlock
   791: 00000000     0 NOTYPE  GLOBAL DEFAULT  UND init_timer_key
   792: 0000fcb0   261 FUNC    GLOBAL DEFAULT    1 cdv_sb_read
   793: 00000000     0 NOTYPE  GLOBAL DEFAULT  UND __const_udelay
   794: 0000f630   135 FUNC    GLOBAL DEFAULT    1 cdv_intel_attach_force_audio_property
   795: 00000000     0 NOTYPE  GLOBAL DEFAULT  UND pci_write_config_byte
   796: 00000000     0 NOTYPE  GLOBAL DEFAULT  UND drm_gem_free_mmap_offset
   797: 0000c690   102 FUNC    GLOBAL DEFAULT    1 psb_lid_timer_init
   798: 00000000     0 NOTYPE  GLOBAL DEFAULT  UND kmemdup
   799: 00010b00   607 FUNC    GLOBAL DEFAULT    1 cdv_update_wm
   800: 00000000     0 NOTYPE  GLOBAL DEFAULT  UND cancel_work_sync
   801: 00010d60   907 FUNC    GLOBAL DEFAULT    1 cdv_intel_crtc_mode_get
   802: 00000000     0 NOTYPE  GLOBAL DEFAULT  UND drm_crtc_vblank_off
   803: 00000000     0 NOTYPE  GLOBAL DEFAULT  UND drm_helper_probe_single_connector_modes
   804: 000035a0    27 FUNC    GLOBAL DEFAULT    1 gma_intel_i2c_reset
   805: 0001e180    50 FUNC    GLOBAL DEFAULT    1 sgx535_gma500_fixed_irq_capture_locked
   806: 00001530   316 FUNC    GLOBAL DEFAULT    1 psb_gtt_roll
   807: 0001e170    15 FUNC    GLOBAL DEFAULT    1 sgx535_gma500_fixed_irq_lock
   808: 00005030    76 FUNC    GLOBAL DEFAULT    1 gma_power_end
   809: 00001790   461 FUNC    GLOBAL DEFAULT    1 psb_gtt_unpin
   810: 00006c70   138 FUNC    GLOBAL DEFAULT    1 gma_pll_is_valid
   811: 00000000     0 NOTYPE  GLOBAL DEFAULT  UND backlight_device_register
   812: 00014210  1316 FUNC    GLOBAL DEFAULT    1 cdv_intel_dp_init
   813: 00000000     0 NOTYPE  GLOBAL DEFAULT  UND drm_fb_helper_debug_leave
   814: 00000000     0 NOTYPE  GLOBAL DEFAULT  UND i2c_transfer
   815: 00000e70   567 FUNC    GLOBAL DEFAULT    1 psb_modeset_init
   816: 00000000     0 NOTYPE  GLOBAL DEFAULT  UND drm_property_create_range
   817: 00000000     0 NOTYPE  GLOBAL DEFAULT  UND pci_disable_device
   818: 0000e660    65 FUNC    GLOBAL DEFAULT    1 psb_intel_opregion_init
   819: 0000fdc0   394 FUNC    GLOBAL DEFAULT    1 cdv_sb_write
   820: 00003730    21 FUNC    GLOBAL DEFAULT    1 gma_intel_gmbus_set_speed
   821: 00000000     0 NOTYPE  GLOBAL DEFAULT  UND boot_cpu_data
   822: 0001d5e0   378 FUNC    GLOBAL DEFAULT    1 sgx535_fixed_run_actions
   823: 0001c700   516 FUNC    GLOBAL DEFAULT    1 sgx535_fixed_service_bind
   824: 00000000     0 NOTYPE  GLOBAL DEFAULT  UND drm_mode_destroy
   825: 00000000     0 NOTYPE  GLOBAL DEFAULT  UND __x86_indirect_thunk_ebx
   826: 00000000     0 NOTYPE  GLOBAL DEFAULT  UND dev_printk
   827: 0001c330    62 FUNC    GLOBAL DEFAULT    1 sgx535_frozen_session_enter_fire
   828: 0001c160   263 FUNC    GLOBAL DEFAULT    1 sgx535_frozen_session_begin
   829: 0000d6d0   216 FUNC    GLOBAL DEFAULT    1 mdfld_disable_te
   830: 00000000     0 NOTYPE  GLOBAL DEFAULT  UND drm_gem_fb_create_handle
   831: 0001a160   235 FUNC    GLOBAL DEFAULT    1 sgx535_frozen_validate_publication_pages
   832: 000042f0    52 FUNC    GLOBAL DEFAULT    1 psb_mmu_driver_takedown
   833: 00000000     0 NOTYPE  GLOBAL DEFAULT  UND drm_crtc_from_index
   834: 00000000     0 NOTYPE  GLOBAL DEFAULT  UND drm_mode_config_reset
   835: 00018c60   375 FUNC    GLOBAL DEFAULT    1 oaktrail_hdmi_i2c_init
   836: 00000000     0 NOTYPE  GLOBAL DEFAULT  UND vmf_insert_mixed
   837: 00019430  1931 FUNC    GLOBAL DEFAULT    1 sgx535_gma500_owner_construct
   838: 00000000     0 NOTYPE  GLOBAL DEFAULT  UND drm_mode_config_cleanup
   839: 00018400    63 FUNC    GLOBAL DEFAULT    1 oaktrail_hdmi_teardown
   840: 00000000     0 NOTYPE  GLOBAL DEFAULT  UND pci_unmap_rom
   841: 00000000     0 NOTYPE  GLOBAL DEFAULT  UND page_address
   842: 00000000     0 NOTYPE  GLOBAL DEFAULT  UND cachemode2protval
   843: 00001670   281 FUNC    GLOBAL DEFAULT    1 psb_gtt_pin
   844: 00004290    28 FUNC    GLOBAL DEFAULT    1 psb_mmu_get_default_pd
   845: 00003750    95 FUNC    GLOBAL DEFAULT    1 gma_intel_gmbus_force_bit
   846: 00000000     0 NOTYPE  GLOBAL DEFAULT  UND pci_read_config_byte
   847: 00001190     6 FUNC    GLOBAL DEFAULT    1 psb_gem_get_aperture
   848: 00000000     0 NOTYPE  GLOBAL DEFAULT  UND release_resource
   849: 00011ca0   829 FUNC    GLOBAL DEFAULT    1 cdv_intel_lvds_init
   850: 00007d00    96 FUNC    GLOBAL DEFAULT    1 psb_intel_lvds_mode_valid
   851: 00004540   380 FUNC    GLOBAL DEFAULT    1 psb_mmu_remove_pages
   852: 00002bd0    45 FUNC    GLOBAL DEFAULT    1 psb_intel_destroy_bios
   853: 00000000     0 NOTYPE  GLOBAL DEFAULT  UND drm_fb_helper_initial_config
   854: 0001ba40   233 FUNC    GLOBAL DEFAULT    1 sgx535_frozen_summarize_color
   855: 00000000     0 NOTYPE  GLOBAL DEFAULT  UND drm_dev_alloc
   856: 0000e6b0   130 FUNC    GLOBAL DEFAULT    1 psb_intel_opregion_fini
   857: 0000e5d0    49 FUNC    GLOBAL DEFAULT    1 psb_intel_opregion_asle_intr
   858: 00000000     0 NOTYPE  GLOBAL DEFAULT  UND ioremap_wc
   859: 0000e0e0   988 FUNC    GLOBAL DEFAULT    1 mid_chip_setup
   860: 00000000     0 NOTYPE  GLOBAL DEFAULT  UND __pm_runtime_disable
   861: 00000000     0 NOTYPE  GLOBAL DEFAULT  UND drm_fb_helper_cfb_fillrect
   862: 00000000     0 NOTYPE  GLOBAL DEFAULT  UND pci_write_config_word
   863: 00018e20   617 FUNC    GLOBAL DEFAULT    1 sgx535_gma500_owner_release
   864: 0000d2f0   146 FUNC    GLOBAL DEFAULT    1 psb_irq_turn_off_dpst
   865: 00000000     0 NOTYPE  GLOBAL DEFAULT  UND drm_get_edid
   866: 00000000     0 NOTYPE  GLOBAL DEFAULT  UND drm_gem_put_pages
   867: 00000000     0 NOTYPE  GLOBAL DEFAULT  UND drm_helper_resume_force_mode
   868: 00000000     0 NOTYPE  GLOBAL DEFAULT  UND up_read
   869: 00004330   267 FUNC    GLOBAL DEFAULT    1 psb_mmu_driver_init
   870: 00000000     0 NOTYPE  GLOBAL DEFAULT  UND drm_dev_register
   871: 00000000     0 NOTYPE  GLOBAL DEFAULT  UND drm_crtc_helper_set_config
   872: 00014070   413 FUNC    GLOBAL DEFAULT    1 cdv_intel_dp_set_m_n
   873: 00000000     0 NOTYPE  GLOBAL DEFAULT  UND __pm_runtime_idle
   874: 00000000     0 NOTYPE  GLOBAL DEFAULT  UND msleep
   875: 00000000     0 NOTYPE  GLOBAL DEFAULT  UND __kmalloc
   876: 00000000     0 NOTYPE  GLOBAL DEFAULT  UND pci_write_config_dword
   877: 00004b10   199 FUNC    GLOBAL DEFAULT    1 gma_blt_wait_idle
   878: 00000000     0 NOTYPE  GLOBAL DEFAULT  UND kmalloc_caches
   879: 00000000     0 NOTYPE  GLOBAL DEFAULT  UND drm_fb_helper_ioctl
   880: 000089c0   106 FUNC    GLOBAL DEFAULT    1 psb_intel_ddc_probe
   881: 00000530    89 FUNC    GLOBAL DEFAULT    1 gma_backlight_disable
   882: 00000000     0 NOTYPE  GLOBAL DEFAULT  UND drm_fb_helper_set_par
   883: 0001b8a0   414 FUNC    GLOBAL DEFAULT    1 sgx535_frozen_raster_schedule_plan
   884: 00000000     0 NOTYPE  GLOBAL DEFAULT  UND drm_release
   885: 00000000     0 NOTYPE  GLOBAL DEFAULT  UND system_wq
   886: 0001c5f0    38 FUNC    GLOBAL DEFAULT    1 sgx535_frozen_bootstrap_begin
   887: 0000d7b0   174 FUNC    GLOBAL DEFAULT    1 psb_disable_vblank
   888: 0001a090    54 FUNC    GLOBAL DEFAULT    1 sgx535_frozen_get_requirement
